Archive member included to satisfy reference by file (symbol)

/usr/lib/n64/libultra_d.a(initialize.o)
                              build/src/main/simple.o (osInitialize)
/usr/lib/n64/libultra_d.a(cartrominit.o)
                              build/src/main/simple.o (osCartRomInit)
/usr/lib/n64/libultra_d.a(epidma.o)
                              build/src/main/audiomgr.o (osEPiStartDma)
/usr/lib/n64/libultra_d.a(piacs.o)
                              /usr/lib/n64/libultra_d.a(cartrominit.o) (__osPiGetAccess)
/usr/lib/n64/libultra_d.a(pigetcmdq.o)
                              /usr/lib/n64/libultra_d.a(epidma.o) (osPiGetCmdQueue)
/usr/lib/n64/libultra_d.a(pimgr.o)
                              /usr/lib/n64/libultra_d.a(epidma.o) (__osPiDevMgr)
/usr/lib/n64/libultra_d.a(pirawdma.o)
                              /usr/lib/n64/libultra_d.a(pimgr.o) (__osPiRawStartDma)
/usr/lib/n64/libultra_d.a(initialize_isv.o)
                              /usr/lib/n64/libultra_d.a(initialize.o) (gISVDbgPrnAdrs)
/usr/lib/n64/libultra_d.a(rotate.o)
                              build/src/main/gfx.o (guRotate)
/usr/lib/n64/libultra_d.a(createthread.o)
                              build/src/main/audiomgr.o (osCreateThread)
/usr/lib/n64/libultra_d.a(getthreadpri.o)
                              /usr/lib/n64/libultra_d.a(pimgr.o) (osGetThreadPri)
/usr/lib/n64/libultra_d.a(setthreadpri.o)
                              build/src/main/simple.o (osSetThreadPri)
/usr/lib/n64/libultra_d.a(startthread.o)
                              build/src/main/audiomgr.o (osStartThread)
/usr/lib/n64/libultra_d.a(thread.o)
                              /usr/lib/n64/libultra_d.a(setthreadpri.o) (__osRunQueue)
/usr/lib/n64/libultra_d.a(syncprintf.o)
                              build/src/main/controller.o (osSyncPrintf)
/usr/lib/n64/libultra_d.a(xprintf.o)
                              /usr/lib/n64/libultra_d.a(syncprintf.o) (_Printf)
/usr/lib/n64/libultra_d.a(createmesgqueue.o)
                              build/src/main/audiomgr.o (osCreateMesgQueue)
/usr/lib/n64/libultra_d.a(jammesg.o)
                              /usr/lib/n64/libultra_d.a(epidma.o) (osJamMesg)
/usr/lib/n64/libultra_d.a(recvmesg.o)
                              build/src/main/audiomgr.o (osRecvMesg)
/usr/lib/n64/libultra_d.a(sendmesg.o)
                              build/src/main/audiomgr.o (osSendMesg)
/usr/lib/n64/libultra_d.a(seteventmesg.o)
                              build/src/main/controller.o (osSetEventMesg)
/usr/lib/n64/libultra_d.a(rdbsend.o)
                              /usr/lib/n64/libultra_d.a(pimgr.o) (__osRdbSend)
/usr/lib/n64/libultra_d.a(virtualtophysical.o)
                              build/src/main/audiomgr.o (osVirtualToPhysical)
/usr/lib/n64/libultra_d.a(visetmode.o)
                              build/src/main/gfx.o (osViSetMode)
/usr/lib/n64/libultra_d.a(visetspecial.o)
                              build/src/main/gfx.o (osViSetSpecialFeatures)
/usr/lib/n64/libultra_d.a(vitbl.o)
                              build/src/main/gfx.o (osViModeTable)
/usr/lib/n64/libultra_d.a(sirawread.o)
                              /usr/lib/n64/libultra_d.a(initialize.o) (__osSiRawReadIo)
/usr/lib/n64/libultra_d.a(sirawwrite.o)
                              /usr/lib/n64/libultra_d.a(initialize.o) (__osSiRawWriteIo)
/usr/lib/n64/libultra_d.a(cosf.o)
                              /usr/lib/n64/libultra_d.a(rotate.o) (cosf)
/usr/lib/n64/libultra_d.a(lookat.o)
                              build/src/main/gfx.o (guLookAt)
/usr/lib/n64/libultra_d.a(mtxutil.o)
                              /usr/lib/n64/libultra_d.a(rotate.o) (guMtxF2L)
/usr/lib/n64/libultra_d.a(perspective.o)
                              build/src/main/gfx.o (guPerspective)
/usr/lib/n64/libultra_d.a(sinf.o)
                              /usr/lib/n64/libultra_d.a(rotate.o) (sinf)
/usr/lib/n64/libultra_d.a(bnkf.o)
                              build/src/main/audio.o (alBnkfNew)
/usr/lib/n64/libultra_d.a(heapalloc.o)
                              build/src/main/audio.o (alHeapDBAlloc)
/usr/lib/n64/libultra_d.a(heapinit.o)
                              build/src/main/audio.o (alHeapInit)
/usr/lib/n64/libultra_d.a(seq.o)
                              build/src/main/audio.o (alSeqNew)
/usr/lib/n64/libultra_d.a(seqplayer.o)
                              build/src/main/audio.o (alSeqpNew)
/usr/lib/n64/libultra_d.a(seqploop.o)
                              build/src/main/audio.o (alSeqpLoop)
/usr/lib/n64/libultra_d.a(seqpplay.o)
                              build/src/main/audio.o (alSeqpPlay)
/usr/lib/n64/libultra_d.a(seqpsetbank.o)
                              build/src/main/audio.o (alSeqpSetBank)
/usr/lib/n64/libultra_d.a(seqpsetseq.o)
                              build/src/main/audio.o (alSeqpSetSeq)
/usr/lib/n64/libultra_d.a(sl.o)
                              /usr/lib/n64/libultra_d.a(seqplayer.o) (alGlobals)
/usr/lib/n64/libultra_d.a(synaddplayer.o)
[...]
Memory Configuration

Name             Origin             Length             Attributes
*default*        0x0000000000000000 0xffffffffffffffff

Linker script and memory map

                0x00000000002e6c40                __romPos = 0x0
                0x0000000004000000                _bootSegmentStart = ADDR (.boot)
                0x0000000000000000                _bootSegmentRomStart = __romPos

.boot           0x0000000004000000     0x1000 load address 0x0000000000000000
 build/asm/rom_header.o(.text)
 .text          0x0000000004000000       0x40 build/asm/rom_header.o
 build/boot.6102.o(.data)
 .data          0x0000000004000040      0xfc0 build/boot.6102.o
                0x0000000004000040                _binary__usr_lib_n64_PR_bootcode_boot_6102_start
                0x0000000004001000                _binary__usr_lib_n64_PR_bootcode_boot_6102_end
                0x0000000004001000                _bootSegmentEnd = ALIGN ((ADDR (.boot) + SIZEOF (.boot)), 0x10)
                0x0000000000001000                _bootSegmentRomEnd = ((_bootSegmentEnd - _bootSegmentStart) + _bootSegmentRomStart)
                0x00000000002e6c40                __romPos = _bootSegmentRomEnd
                0x0000000004001000                . = _bootSegmentEnd
                0x0000000080000400                _codeSegmentStart = ADDR (.code)
                0x0000000000001000                _codeSegmentRomStart = __romPos

.code           0x0000000080000400    0x27320 load address 0x0000000000001000
 build/asm/entry.o(.start)
 .start         0x0000000080000400       0x3c build/asm/entry.o
                0x0000000080000400                __start
 build/src/main*.o(.text)
 *fill*         0x000000008000043c        0x4 
 .text          0x0000000080000440      0x230 build/src/main/audio.o
                0x0000000080000440                initAudio
 .text          0x0000000080000670      0x814 build/src/main/audiomgr.o
                0x0000000080000ba8                amCreateAudioMgr
 *fill*         0x0000000080000e84        0xc 
 .text          0x0000000080000e90        0x0 build/src/main/collision.o
 .text          0x0000000080000e90      0x128 build/src/main/controller.o
                0x0000000080000e90                initCntrl
                0x0000000080000f38                UpdateController
 *fill*         0x0000000080000fb8        0x8 
 .text          0x0000000080000fc0      0x584 build/src/main/gfx.o
                0x0000000080000fc0                initGFX
                0x000000008000102c                DrawScene
                0x0000000080001218                createGfxTask
 *fill*         0x0000000080001544        0xc 
 .text          0x0000000080001550        0x0 build/src/main/gfxrdpfifo.o
 .text          0x0000000080001550        0x0 build/src/main/gfxstack.o
 .text          0x0000000080001550        0x0 build/src/main/gfxyield.o
 .text          0x0000000080001550      0x28c build/src/main/math.o
                0x0000000080001550                TransformMatrix
 *fill*         0x00000000800017dc        0x4 
 .text          0x00000000800017e0       0xa8 build/src/main/memory.o
                0x00000000800017e0                SetSegment
                0x0000000080001804                GetRealAddress
                0x0000000080001838                StoreRSPSegments
 *fill*         0x0000000080001888        0x8 
 .text          0x0000000080001890      0x348 build/src/main/player.o
                0x0000000080001890                initPlayer
                0x0000000080001958                initAllPlayers
                0x0000000080001988                UpdatePlayerControls
 *fill*         0x0000000080001bd8        0x8 
 .text          0x0000000080001be0      0x334 build/src/main/simple.o
                0x0000000080001e14                boot
                0x0000000080001e88                LoadDMA
 */libultra_d.a:*.o(.text)
 *fill*         0x0000000080001f14        0xc 
 .text          0x0000000080001f20      0x4a8 /usr/lib/n64/libultra_d.a(initialize.o)
                0x0000000080001f20                __createSpeedParam
                0x0000000080002044                osInitialize
                0x0000000080002368                osInitialize_isv
 *fill*         0x00000000800023c8        0x8 
 .text          0x00000000800023d0      0x264 /usr/lib/n64/libultra_d.a(cartrominit.o)
                0x00000000800023d0                osCartRomInit
 *fill*         0x0000000080002634        0xc 
 .text          0x0000000080002640      0x290 /usr/lib/n64/libultra_d.a(epidma.o)
                0x0000000080002640                osEPiStartDma
 .text          0x00000000800028d0      0x110 /usr/lib/n64/libultra_d.a(piacs.o)
                0x00000000800028d0                __osPiCreateAccessQueue
                0x000000008000293c                __osPiGetAccess
                0x000000008000299c                __osPiRelAccess
 .text          0x00000000800029e0       0x48 /usr/lib/n64/libultra_d.a(pigetcmdq.o)
                0x00000000800029e0                osPiGetCmdQueue
 *fill*         0x0000000080002a28        0x8 
 .text          0x0000000080002a30      0x380 /usr/lib/n64/libultra_d.a(pimgr.o)
                0x0000000080002a30                osCreatePiManager
 .text          0x0000000080002db0      0x228 /usr/lib/n64/libultra_d.a(pirawdma.o)
                0x0000000080002db0                __osPiRawStartDma
 *fill*         0x0000000080002fd8        0x8 
 .text          0x0000000080002fe0      0x5d4 /usr/lib/n64/libultra_d.a(initialize_isv.o)
                0x0000000080002fe0                isPrintfInit
                0x0000000080003388                __checkHardware_isv
                0x000000008000341c                __osInitialize_isv
 *fill*         0x00000000800035b4        0xc 
 .text          0x00000000800035c0      0x2d4 /usr/lib/n64/libultra_d.a(rotate.o)
                0x00000000800035c0                guRotateF
                0x0000000080003820                guRotate
 *fill*         0x0000000080003894        0xc 
 .text          0x00000000800038a0      0x218 /usr/lib/n64/libultra_d.a(createthread.o)
                0x00000000800038a0                osCreateThread
 *fill*         0x0000000080003ab8        0x8 
 .text          0x0000000080003ac0       0x44 /usr/lib/n64/libultra_d.a(getthreadpri.o)
                0x0000000080003ac0                osGetThreadPri
 *fill*         0x0000000080003b04        0xc 
 .text          0x0000000080003b10      0x15c /usr/lib/n64/libultra_d.a(setthreadpri.o)
                0x0000000080003b10                osSetThreadPri
 *fill*         0x0000000080003c6c        0x4 
 .text          0x0000000080003c70      0x1c0 /usr/lib/n64/libultra_d.a(startthread.o)
                0x0000000080003c70                osStartThread
 .text          0x0000000080003e30       0x74 /usr/lib/n64/libultra_d.a(thread.o)
                0x0000000080003e30                __osDequeueThread
 *fill*         0x0000000080003ea4        0xc 
 .text          0x0000000080003eb0      0x13c /usr/lib/n64/libultra_d.a(syncprintf.o)
                0x0000000080003eb0                __osSyncVPrintf
                0x0000000080003f18                osSyncPrintf
                0x0000000080003f70                rmonPrintf
 *fill*         0x0000000080003fec        0x4 
 .text          0x0000000080003ff0     0x121c /usr/lib/n64/libultra_d.a(xprintf.o)
                0x0000000080003ff0                _Printf
 *fill*         0x000000008000520c        0x4 
 .text          0x0000000080005210       0xa4 /usr/lib/n64/libultra_d.a(createmesgqueue.o)
                0x0000000080005210                osCreateMesgQueue
 *fill*         0x00000000800052b4        0xc 
 .text          0x00000000800052c0      0x1a4 /usr/lib/n64/libultra_d.a(jammesg.o)
                0x00000000800052c0                osJamMesg
 *fill*         0x0000000080005464        0xc 
 .text          0x0000000080005470      0x190 /usr/lib/n64/libultra_d.a(recvmesg.o)
                0x0000000080005470                osRecvMesg
 .text          0x0000000080005600      0x194 /usr/lib/n64/libultra_d.a(sendmesg.o)
                0x0000000080005600                osSendMesg
 *fill*         0x0000000080005794        0xc 
 .text          0x00000000800057a0      0x100 /usr/lib/n64/libultra_d.a(seteventmesg.o)
                0x00000000800057a0                osSetEventMesg
 .text          0x00000000800058a0      0x2f4 /usr/lib/n64/libultra_d.a(rdbsend.o)
                0x00000000800058a0                __osRdbSend
 *fill*         0x0000000080005b94        0xc 
 .text          0x0000000080005ba0       0xb0 /usr/lib/n64/libultra_d.a(virtualtophysical.o)
                0x0000000080005ba0                osVirtualToPhysical
 .text          0x0000000080005c50       0xd0 /usr/lib/n64/libultra_d.a(visetmode.o)
                0x0000000080005c50                osViSetMode
 .text          0x0000000080005d20      0x28c /usr/lib/n64/libultra_d.a(visetspecial.o)
                0x0000000080005d20                osViSetSpecialFeatures
 *fill*         0x0000000080005fac        0x4 
 .text          0x0000000080005fb0        0x0 /usr/lib/n64/libultra_d.a(vitbl.o)
 .text          0x0000000080005fb0       0xbc /usr/lib/n64/libultra_d.a(sirawread.o)
                0x0000000080005fb0                __osSiRawReadIo
 *fill*         0x000000008000606c        0x4 
 .text          0x0000000080006070       0x94 /usr/lib/n64/libultra_d.a(sirawwrite.o)
                0x0000000080006070                __osSiRawWriteIo
 *fill*         0x0000000080006104        0xc 
 .text          0x0000000080006110      0x24c /usr/lib/n64/libultra_d.a(cosf.o)
                0x0000000080006110                fcos
                0x0000000080006110                cosf
                0x0000000080006110                __cosf
 *fill*         0x000000008000635c        0x4 
 .text          0x0000000080006360      0x4b4 /usr/lib/n64/libultra_d.a(lookat.o)
                0x0000000080006360                guLookAtF
                0x0000000080006778                guLookAt
 *fill*         0x0000000080006814        0xc 
 .text          0x0000000080006820      0x414 /usr/lib/n64/libultra_d.a(mtxutil.o)
                0x0000000080006820                guMtxF2L
                0x0000000080006988                guMtxL2F
                0x0000000080006b04                guMtxIdentF
                0x0000000080006be0                guMtxIdent
 *fill*         0x0000000080006c34        0xc 
 .text          0x0000000080006c40      0x320 /usr/lib/n64/libultra_d.a(perspective.o)
                0x0000000080006c40                guPerspectiveF
                0x0000000080006edc                guPerspective
 .text          0x0000000080006f60      0x2c0 /usr/lib/n64/libultra_d.a(sinf.o)
                0x0000000080006f60                fsin
                0x0000000080006f60                __sinf
                0x0000000080006f60                sinf
 .text          0x0000000080007220      0x5bc /usr/lib/n64/libultra_d.a(bnkf.o)
                0x0000000080007220                alSeqFileNew
                0x00000000800072bc                alBnkfNew
 *fill*         0x00000000800077dc        0x4 
 .text          0x00000000800077e0      0x16c /usr/lib/n64/libultra_d.a(heapalloc.o)
                0x00000000800077e0                alHeapDBAlloc
 *fill*         0x000000008000794c        0x4 
 .text          0x0000000080007950       0xa0 /usr/lib/n64/libultra_d.a(heapinit.o)
                0x0000000080007950                alHeapInit
 .text          0x00000000800079f0      0xc0c /usr/lib/n64/libultra_d.a(seq.o)
                0x00000000800079f0                alSeqNew
                0x0000000080007bc8                alSeqNextEvent
                0x0000000080007f84                __alSeqNextDelta
                0x000000008000801c                alSeqTicksToSec
                0x00000000800080ac                alSeqSecToTicks
                0x0000000080008160                alSeqNewMarker
                0x00000000800082fc                alSeqGetTicks
                0x0000000080008328                alSeqSetLoc
                0x0000000080008384                alSeqGetLoc
 *fill*         0x00000000800085fc        0x4 
 .text          0x0000000080008600     0x2c28 /usr/lib/n64/libultra_d.a(seqplayer.o)
                0x0000000080008600                alSeqpNew
                0x000000008000916c                __postNextSeqEvent
                0x000000008000a380                __mapVoice
                0x000000008000a468                __unmapVoice
                0x000000008000a570                __lookupVoice
                0x000000008000a634                __lookupSoundQuick
                0x000000008000a824                __vsVol
                0x000000008000a908                __vsDelta
                0x000000008000a960                __vsPan
                0x000000008000a9f4                __seqpReleaseVoice
                0x000000008000aba0                __voiceNeedsNoteKill
                0x000000008000acd0                __initFromBank
                0x000000008000addc                __setInstChanState
                0x000000008000aea8                __resetPerfChanState
                0x000000008000afac                __initChanState
                0x000000008000b03c                __seqpStopOsc
 *fill*         0x000000008000b228        0x8 
 .text          0x000000008000b230       0x7c /usr/lib/n64/libultra_d.a(seqploop.o)
                0x000000008000b230                alSeqpLoop
 *fill*         0x000000008000b2ac        0x4 
 .text          0x000000008000b2b0       0x58 /usr/lib/n64/libultra_d.a(seqpplay.o)
                0x000000008000b2b0                alSeqpPlay
 *fill*         0x000000008000b308        0x8 
 .text          0x000000008000b310       0x64 /usr/lib/n64/libultra_d.a(seqpsetbank.o)
                0x000000008000b310                alSeqpSetBank
 *fill*         0x000000008000b374        0xc 
 .text          0x000000008000b380       0x64 /usr/lib/n64/libultra_d.a(seqpsetseq.o)
                0x000000008000b380                alSeqpSetSeq
 *fill*         0x000000008000b3e4        0xc 
 .text          0x000000008000b3f0      0x1a4 /usr/lib/n64/libultra_d.a(sl.o)
                0x000000008000b3f0                alInit
                0x000000008000b458                alClose
                0x000000008000b4b0                alLink
                0x000000008000b524                alUnlink
 *fill*         0x000000008000b594        0xc 
 .text          0x000000008000b5a0       0x7c /usr/lib/n64/libultra_d.a(synaddplayer.o)
                0x000000008000b5a0                alSynAddPlayer
 *fill*         0x000000008000b61c        0x4 
 .text          0x000000008000b620      0x3b8 /usr/lib/n64/libultra_d.a(synallocvoice.o)
                0x000000008000b620                alSynAllocVoice
                0x000000008000b874                _allocatePVoice
 *fill*         0x000000008000b9d8        0x8 
 .text          0x000000008000b9e0       0x30 /usr/lib/n64/libultra_d.a(syndelete.o)
                0x000000008000b9e0                alSynDelete
 .text          0x000000008000ba10      0x110 /usr/lib/n64/libultra_d.a(synfreevoice.o)
                0x000000008000ba10                alSynFreeVoice
 .text          0x000000008000bb20       0xf8 /usr/lib/n64/libultra_d.a(synsetfxmix.o)
                0x000000008000bb20                alSynSetFXMix
 *fill*         0x000000008000bc18        0x8 
 .text          0x000000008000bc20       0xe4 /usr/lib/n64/libultra_d.a(synsetpan.o)
                0x000000008000bc20                alSynSetPan
 *fill*         0x000000008000bd04        0xc 
 .text          0x000000008000bd10       0xe0 /usr/lib/n64/libultra_d.a(synsetpitch.o)
                0x000000008000bd10                alSynSetPitch
 .text          0x000000008000bdf0       0x40 /usr/lib/n64/libultra_d.a(synsetpriority.o)
                0x000000008000bdf0                alSynSetPriority
 .text          0x000000008000be30      0x104 /usr/lib/n64/libultra_d.a(synsetvol.o)
                0x000000008000be30                alSynSetVol
 *fill*         0x000000008000bf34        0xc 
 .text          0x000000008000bf40      0x154 /usr/lib/n64/libultra_d.a(synstartvoiceparam.o)
                0x000000008000bf40                alSynStartVoiceParams
 *fill*         0x000000008000c094        0xc 
 .text          0x000000008000c0a0       0xd0 /usr/lib/n64/libultra_d.a(synstopvoice.o)
                0x000000008000c0a0                alSynStopVoice
 .text          0x000000008000c170      0xaa0 /usr/lib/n64/libultra_d.a(synthesizer.o)
                0x000000008000c170                alSynNew
                0x000000008000c648                alAudioFrame
                0x000000008000c8c8                __allocParam
                0x000000008000c934                __freeParam
                0x000000008000c984                _collectPVoices
                0x000000008000ca04                _freePVoice
                0x000000008000cad4                _timeToSamples
 .text          0x000000008000cc10       0x2c /usr/lib/n64/libultra_d.a(aigetlen.o)
                0x000000008000cc10                osAiGetLength
 *fill*         0x000000008000cc3c        0x4 
 .text          0x000000008000cc40      0x278 /usr/lib/n64/libultra_d.a(aisetfreq.o)
                0x000000008000cc40                osAiSetFrequency
 *fill*         0x000000008000ceb8        0x8 
 .text          0x000000008000cec0      0x134 /usr/lib/n64/libultra_d.a(aisetnextbuf.o)
                0x000000008000cec0                osAiSetNextBuffer
 *fill*         0x000000008000cff4        0xc 
 .text          0x000000008000d000      0x2d0 /usr/lib/n64/libultra_d.a(contreaddata.o)
                0x000000008000d000                osContStartReadData
                0x000000008000d0b0                osContGetReadData
 .text          0x000000008000d2d0      0x474 /usr/lib/n64/libultra_d.a(controller.o)
                0x000000008000d2d0                osContInit
                0x000000008000d4c0                __osContGetInitData
                0x000000008000d614                __osPackRequestData
 *fill*         0x000000008000d744        0xc 
 .text          0x000000008000d750     0x12a4 /usr/lib/n64/libultra_d.a(sched.o)
                0x000000008000d750                osCreateScheduler
                0x000000008000d930                osScAddClient
                0x000000008000d9ac                osScRemoveClient
                0x000000008000da80                osScGetCmdQ
                0x000000008000e0fc                __scTaskReady
 *fill*         0x000000008000e9f4        0xc 
 .text          0x000000008000ea00       0x60 /usr/lib/n64/libultra_d.a(parameters.o)
 .text          0x000000008000ea60       0x20 /usr/lib/n64/libultra_d.a(errorasm.o)
                0x000000008000ea60                __osError
 .text          0x000000008000ea80      0xf00 /usr/lib/n64/libultra_d.a(exceptasm.o)
                0x000000008000ea80                __osExceptionPreamble
                0x000000008000ea90                __ptExceptionPreamble
                0x000000008000eab0                __ptException
                0x000000008000eb54                __osException
                0x000000008000f554                send_mesg
                0x000000008000f614                handle_CpU
                0x000000008000f64c                __osEnqueueAndYield
                0x000000008000f75c                __osEnqueueThread
                0x000000008000f7a8                __osPopThread
                0x000000008000f7bc                __osNop
                0x000000008000f7c4                __osDispatchThread
                0x000000008000f970                __osCleanupThread
 .text          0x000000008000f980       0x8c /usr/lib/n64/libultra_d.a(interrupt.o)
                0x000000008000f980                __osDisableInt
                0x000000008000f9f0                __osRestoreInt
 *fill*         0x000000008000fa0c        0x4 
 .text          0x000000008000fa10       0xa0 /usr/lib/n64/libultra_d.a(setintmask.o)
                0x000000008000fa10                osSetIntMask
 .text          0x000000008000fab0      0x180 /usr/lib/n64/libultra_d.a(monutil.o)
                0x000000008000fab0                __isExpJP
                0x000000008000facc                __isExp
                0x000000008000fc10                MonitorInitBreak
 .text          0x000000008000fc30       0x60 /usr/lib/n64/libultra_d.a(normalize.o)
                0x000000008000fc30                guNormalize
 .text          0x000000008000fc90       0xc0 /usr/lib/n64/libultra_d.a(scale.o)
                0x000000008000fc90                guScale
 .text          0x000000008000fd50       0xe0 /usr/lib/n64/libultra_d.a(translate.o)
                0x000000008000fd50                guTranslate
 .text          0x000000008000fe30       0x58 /usr/lib/n64/libultra_d.a(maptlbrdb.o)
                0x000000008000fe30                osMapTLBRdb
 *fill*         0x000000008000fe88        0x8 
 .text          0x000000008000fe90       0xb8 /usr/lib/n64/libultra_d.a(probetlb.o)
                0x000000008000fe90                __osProbeTLB
 *fill*         0x000000008000ff48        0x8 
 .text          0x000000008000ff50       0x44 /usr/lib/n64/libultra_d.a(unmaptlball.o)
                0x000000008000ff50                osUnmapTLBAll
 *fill*         0x000000008000ff94        0xc 
 .text          0x000000008000ffa0        0xc /usr/lib/n64/libultra_d.a(getcause.o)
                0x000000008000ffa0                __osGetCause
 *fill*         0x000000008000ffac        0x4 
 .text          0x000000008000ffb0        0xc /usr/lib/n64/libultra_d.a(getsr.o)
                0x000000008000ffb0                __osGetSR
 *fill*         0x000000008000ffbc        0x4 
 .text          0x000000008000ffc0       0x10 /usr/lib/n64/libultra_d.a(setfpccsr.o)
                0x000000008000ffc0                __osSetFpcCsr
 .text          0x000000008000ffd0       0x10 /usr/lib/n64/libultra_d.a(setsr.o)
                0x000000008000ffd0                __osSetSR
 .text          0x000000008000ffe0       0x10 /usr/lib/n64/libultra_d.a(setwatchlo.o)
                0x000000008000ffe0                __osSetWatchLo
 .text          0x000000008000fff0       0xb8 /usr/lib/n64/libultra_d.a(bzero.o)
                0x000000008000fff0                bzero
 *fill*         0x00000000800100a8        0x8 
 .text          0x00000000800100b0        0x0 /usr/lib/n64/libultra_d.a(libm_vals.o)
 .text          0x00000000800100b0        0xc /usr/lib/n64/libultra_d.a(sqrtf.o)
                0x00000000800100b0                sqrtf
 *fill*         0x00000000800100bc        0x4 
 .text          0x00000000800100c0       0xb0 /usr/lib/n64/libultra_d.a(invaldcache.o)
                0x00000000800100c0                osInvalDCache
 .text          0x0000000080010170       0x74 /usr/lib/n64/libultra_d.a(invalicache.o)
                0x0000000080010170                osInvalICache
 *fill*         0x00000000800101e4        0xc 
 .text          0x00000000800101f0       0x28 /usr/lib/n64/libultra_d.a(writebackdcacheall.o)
                0x00000000800101f0                osWritebackDCacheAll
 *fill*         0x0000000080010218        0x8 
 .text          0x0000000080010220       0x74 /usr/lib/n64/libultra_d.a(writebackdcache.o)
                0x0000000080010220                osWritebackDCache
 *fill*         0x0000000080010294        0xc 
 .text          0x00000000800102a0       0xb8 /usr/lib/n64/libultra_d.a(commonerror.o)
 *fill*         0x0000000080010358        0x8 
 .text          0x0000000080010360      0x628 /usr/lib/n64/libultra_d.a(devmgr.o)
                0x0000000080010360                __osDevMgrMain
 *fill*         0x0000000080010988        0x8 
 .text          0x0000000080010990      0x448 /usr/lib/n64/libultra_d.a(epirawdma.o)
                0x0000000080010990                __osEPiRawStartDma
 *fill*         0x0000000080010dd8        0x8 
 .text          0x0000000080010de0      0x2f4 /usr/lib/n64/libultra_d.a(epirawread.o)
                0x0000000080010de0                __osEPiRawReadIo
 *fill*         0x00000000800110d4        0xc 
 .text          0x00000000800110e0      0x2cc /usr/lib/n64/libultra_d.a(epirawwrite.o)
                0x00000000800110e0                __osEPiRawWriteIo
 *fill*         0x00000000800113ac        0x4 
 .text          0x00000000800113b0       0x98 /usr/lib/n64/libultra_d.a(epiread.o)
                0x00000000800113b0                osEPiReadIo
 *fill*         0x0000000080011448        0x8 
 .text          0x0000000080011450       0x98 /usr/lib/n64/libultra_d.a(epiwrite.o)
                0x0000000080011450                osEPiWriteIo
 *fill*         0x00000000800114e8        0x8 
 .text          0x00000000800114f0       0x6c /usr/lib/n64/libultra_d.a(resetglobalintmask.o)
                0x00000000800114f0                __osResetGlobalIntMask
 *fill*         0x000000008001155c        0x4 
 .text          0x0000000080011560       0x60 /usr/lib/n64/libultra_d.a(setglobalintmask.o)
                0x0000000080011560                __osSetGlobalIntMask
 .text          0x00000000800115c0       0x5c /usr/lib/n64/libultra_d.a(assert.o)
                0x00000000800115c0                __assert
 *fill*         0x000000008001161c        0x4 
 .text          0x0000000080011620      0x3e8 /usr/lib/n64/libultra_d.a(kdebugserver.o)
                0x00000000800118d0                kdebugserver
 *fill*         0x0000000080011a08        0x8 
 .text          0x0000000080011a10       0xd0 /usr/lib/n64/libultra_d.a(threadprofile.o)
                0x0000000080011a10                osThreadProfileCallback
 .text          0x0000000080011ae0      0x138 /usr/lib/n64/libultra_d.a(destroythread.o)
                0x0000000080011ae0                osDestroyThread
 *fill*         0x0000000080011c18        0x8 
 .text          0x0000000080011c20       0x6c /usr/lib/n64/libultra_d.a(yieldthread.o)
                0x0000000080011c20                osYieldThread
 *fill*         0x0000000080011c8c        0x4 
 .text          0x0000000080011c90      0x494 /usr/lib/n64/libultra_d.a(sptask.o)
                0x0000000080011e30                osSpTaskLoad
                0x00000000800120d4                osSpTaskStartGo
 *fill*         0x0000000080012124        0xc 
 .text          0x0000000080012130       0x38 /usr/lib/n64/libultra_d.a(sptaskyield.o)
                0x0000000080012130                osSpTaskYield
 *fill*         0x0000000080012168        0x8 
 .text          0x0000000080012170       0x8c /usr/lib/n64/libultra_d.a(sptaskyielded.o)
                0x0000000080012170                osSpTaskYielded
 *fill*         0x00000000800121fc        0x4 
 .text          0x0000000080012200      0x15c /usr/lib/n64/libultra_d.a(string.o)
                0x0000000080012200                strchr
                0x0000000080012278                strlen
                0x00000000800122d4                memcpy
 *fill*         0x000000008001235c        0x4 
 .text          0x0000000080012360     0x11d4 /usr/lib/n64/libultra_d.a(xldtob.o)
                0x0000000080012360                _Ldtob
 *fill*         0x0000000080013534        0xc 
 .text          0x0000000080013540      0x3ac /usr/lib/n64/libultra_d.a(xlitob.o)
                0x0000000080013540                _Litob
 *fill*         0x00000000800138ec        0x4 
 .text          0x00000000800138f0       0xb4 /usr/lib/n64/libultra_d.a(initrdb.o)
                0x00000000800138f0                osInitRdb
 *fill*         0x00000000800139a4        0xc 
 .text          0x00000000800139b0       0xf4 /usr/lib/n64/libultra_d.a(readhost.o)
                0x00000000800139b0                osReadHost
 *fill*         0x0000000080013aa4        0xc 
 .text          0x0000000080013ab0       0xa4 /usr/lib/n64/libultra_d.a(viblack.o)
                0x0000000080013ab0                osViBlack
 *fill*         0x0000000080013b54        0xc 
 .text          0x0000000080013b60      0x168 /usr/lib/n64/libultra_d.a(vi.o)
                0x0000000080013b60                __osViInit
 *fill*         0x0000000080013cc8        0x8 
 .text          0x0000000080013cd0       0x80 /usr/lib/n64/libultra_d.a(vigetcurrframebuf.o)
                0x0000000080013cd0                osViGetCurrentFramebuffer
 .text          0x0000000080013d50       0x80 /usr/lib/n64/libultra_d.a(vigetnextframebuf.o)
                0x0000000080013d50                osViGetNextFramebuffer
 .text          0x0000000080013dd0      0x468 /usr/lib/n64/libultra_d.a(vimgr.o)
                0x0000000080013dd0                osCreateViManager
 *fill*         0x0000000080014238        0x8 
 .text          0x0000000080014240       0xd0 /usr/lib/n64/libultra_d.a(visetevent.o)
                0x0000000080014240                osViSetEvent
 .text          0x0000000080014310       0xf0 /usr/lib/n64/libultra_d.a(viswapbuf.o)
                0x0000000080014310                osViSwapBuffer
 .text          0x0000000080014400      0x3bc /usr/lib/n64/libultra_d.a(viswapcontext.o)
                0x0000000080014400                __osViSwapContext
 *fill*         0x00000000800147bc        0x4 
 .text          0x00000000800147c0       0xe4 /usr/lib/n64/libultra_d.a(gettime.o)
                0x00000000800147c0                osGetTime
 *fill*         0x00000000800148a4        0xc 
 .text          0x00000000800148b0      0x224 /usr/lib/n64/libultra_d.a(settimer.o)
                0x00000000800148b0                osSetTimer
 *fill*         0x0000000080014ad4        0xc 
 .text          0x0000000080014ae0      0x654 /usr/lib/n64/libultra_d.a(timerintr.o)
                0x0000000080014ae0                __osTimerServicesInit
                0x0000000080014b8c                __osTimerInterrupt
                0x0000000080014eb0                __osSetTimerIntr
                0x0000000080014f9c                __osInsertTimer
 *fill*         0x0000000080015134        0xc 
 .text          0x0000000080015140      0x110 /usr/lib/n64/libultra_d.a(siacs.o)
                0x0000000080015140                __osSiCreateAccessQueue
                0x00000000800151ac                __osSiGetAccess
                0x000000008001520c                __osSiRelAccess
 .text          0x0000000080015250       0x50 /usr/lib/n64/libultra_d.a(si.o)
                0x0000000080015250                __osSiDeviceBusy
 .text          0x00000000800152a0      0x118 /usr/lib/n64/libultra_d.a(sirawdma.o)
                0x00000000800152a0                __osSiRawStartDma
 *fill*         0x00000000800153b8        0x8 
 .text          0x00000000800153c0      0x1c4 /usr/lib/n64/libultra_d.a(auxbus.o)
                0x00000000800153c0                alAuxBusPull
                0x00000000800154fc                alAuxBusParam
 *fill*         0x0000000080015584        0xc 
 .text          0x0000000080015590       0xb8 /usr/lib/n64/libultra_d.a(cents2ratio.o)
                0x0000000080015590                alCents2Ratio
 *fill*         0x0000000080015648        0x8 
 .text          0x0000000080015650      0xbc8 /usr/lib/n64/libultra_d.a(drvrNew.o)
                0x0000000080015650                _init_lpfilter
                0x00000000800157b4                alFxNew
                0x0000000080015dc8                alEnvmixerNew
                0x0000000080015f04                alLoadNew
                0x0000000080015ffc                alResampleNew
                0x00000000800160c4                alAuxBusNew
                0x000000008001613c                alMainBusNew
                0x00000000800161b4                alSaveNew
 *fill*         0x0000000080016218        0x8 
 .text          0x0000000080016220     0x15d4 /usr/lib/n64/libultra_d.a(env.o)
                0x0000000080016220                alEnvmixerPull
                0x0000000080016b70                alEnvmixerParam
                0x0000000080017254                _frexpf
                0x00000000800173b4                _ldexpf
 *fill*         0x00000000800177f4        0xc 
 .text          0x0000000080017800      0x4e4 /usr/lib/n64/libultra_d.a(event.o)
                0x0000000080017800                alEvtqNew
                0x00000000800178c4                alEvtqNextEvent
                0x000000008001798c                alEvtqPostEvent
                0x0000000080017b50                alEvtqFlush
                0x0000000080017bf0                alEvtqFlushType
 *fill*         0x0000000080017ce4        0xc 
 .text          0x0000000080017cf0       0x70 /usr/lib/n64/libultra_d.a(filter.o)
                0x0000000080017cf0                alFilterNew
 .text          0x0000000080017d60     0x1430 /usr/lib/n64/libultra_d.a(load.o)
                0x0000000080017d60                alAdpcmPull
                0x000000008001850c                alRaw16Pull
                0x0000000080018bf8                alLoadParam
 .text          0x0000000080019190      0x254 /usr/lib/n64/libultra_d.a(mainbus.o)
                0x0000000080019190                alMainBusPull
                0x000000008001935c                alMainBusParam
 *fill*         0x00000000800193e4        0xc 
 .text          0x00000000800193f0      0x4a8 /usr/lib/n64/libultra_d.a(resample.o)
                0x00000000800193f0                alResamplePull
                0x00000000800196d0                alResampleParam
 *fill*         0x0000000080019898        0x8 
 .text          0x00000000800198a0     0x1418 /usr/lib/n64/libultra_d.a(reverb.o)
                0x00000000800198a0                alFxPull
                0x0000000080019e64                alFxParam
                0x0000000080019eb8                alFxParamHdl
                0x000000008001a23c                _loadOutputBuffer
                0x000000008001a554                _loadBuffer
                0x000000008001a808                _saveBuffer
                0x000000008001aa84                _filterBuffer
                0x000000008001abbc                _doModFunc
 *fill*         0x000000008001acb8        0x8 
 .text          0x000000008001acc0      0x200 /usr/lib/n64/libultra_d.a(save.o)
                0x000000008001acc0                alSavePull
                0x000000008001ae2c                alSaveParam
 .text          0x000000008001aec0      0x158 /usr/lib/n64/libultra_d.a(synallocfx.o)
                0x000000008001aec0                alSynAllocFX
 *fill*         0x000000008001b018        0x8 
 .text          0x000000008001b020        0x0 /usr/lib/n64/libultra_d.a(vimodempallan1.o)
 .text          0x000000008001b020        0x0 /usr/lib/n64/libultra_d.a(vimodentsclan1.o)
 .text          0x000000008001b020        0x0 /usr/lib/n64/libultra_d.a(vimodepallan1.o)
 .text          0x000000008001b020       0x50 /usr/lib/n64/libultra_d.a(ai.o)
                0x000000008001b020                __osAiDeviceBusy
 .text          0x000000008001b070      0x13c /usr/lib/n64/libultra_d.a(dpsetnextbuf.o)
                0x000000008001b070                osDpSetNextBuffer
 *fill*         0x000000008001b1ac        0x4 
 .text          0x000000008001b1b0      0x268 /usr/lib/n64/libultra_d.a(rmonsio.o)
                0x000000008001b1b0                __rmonSendFault
                0x000000008001b244                __rmonIOflush
                0x000000008001b2b4                __rmonIOputw
                0x000000008001b344                __rmonIOhandler
 *fill*         0x000000008001b418        0x8 
 .text          0x000000008001b420        0xc /usr/lib/n64/libultra_d.a(getcount.o)
                0x000000008001b420                osGetCount
 *fill*         0x000000008001b42c        0x4 
 .text          0x000000008001b430        0xc /usr/lib/n64/libultra_d.a(setcompare.o)
                0x000000008001b430                __osSetCompare
 *fill*         0x000000008001b43c        0x4 
 .text          0x000000008001b440        0x8 /usr/lib/n64/libultra_d.a(assertbreak.o)
                0x000000008001b440                __assertBreak
 *fill*         0x000000008001b448        0x8 
 .text          0x000000008001b450      0x358 /usr/lib/n64/libultra_d.a(bcopy.o)
                0x000000008001b450                bcopy
 *fill*         0x000000008001b7a8        0x8 
 .text          0x000000008001b7b0       0x50 /usr/lib/n64/libultra_d.a(sp.o)
                0x000000008001b7b0                __osSpDeviceBusy
 .text          0x000000008001b800       0x2c /usr/lib/n64/libultra_d.a(spgetstat.o)
                0x000000008001b800                __osSpGetStatus
 *fill*         0x000000008001b82c        0x4 
 .text          0x000000008001b830      0x144 /usr/lib/n64/libultra_d.a(sprawdma.o)
                0x000000008001b830                __osSpRawStartDma
 *fill*         0x000000008001b974        0xc 
 .text          0x000000008001b980       0x60 /usr/lib/n64/libultra_d.a(spsetpc.o)
                0x000000008001b980                __osSpSetPc
 .text          0x000000008001b9e0       0x38 /usr/lib/n64/libultra_d.a(spsetstat.o)
                0x000000008001b9e0                __osSpSetStatus
 *fill*         0x000000008001ba18        0x8 
 .text          0x000000008001ba20      0x214 /usr/lib/n64/libultra_d.a(ldiv.o)
                0x000000008001ba20                ldiv
                0x000000008001bacc                lldiv
 *fill*         0x000000008001bc34        0xc 
 .text          0x000000008001bc40       0x28 /usr/lib/n64/libultra_d.a(vigetcurrcontext.o)
                0x000000008001bc40                __osViGetCurrentContext
 *fill*         0x000000008001bc68        0x8 
 .text          0x000000008001bc70       0x90 /usr/lib/n64/libultra_d.a(copy.o)
                0x000000008001bc70                alCopy
 .text          0x000000008001bd00       0x50 /usr/lib/n64/libultra_d.a(dp.o)
                0x000000008001bd00                __osDpDeviceBusy
 .text          0x000000008001bd50       0xe8 /usr/lib/n64/libultra_d.a(rmoncmds.o)
                0x000000008001bd78                __rmonExecute
 *fill*         0x000000008001be38        0x8 
 .text          0x000000008001be40      0x458 /usr/lib/n64/libultra_d.a(rmonmain.o)
                0x000000008001be40                __rmonSendHeader
                0x000000008001befc                __rmonSendReply
                0x000000008001bfc0                __rmonSendData
                0x000000008001c10c                rmonMain
 *fill*         0x000000008001c298        0x8 
 .text          0x000000008001c2a0      0xb0c /usr/lib/n64/libultra_d.a(rmonmem.o)
                0x000000008001c2a0                __rmonWriteWordTo
                0x000000008001c2f8                __rmonReadWordAt
                0x000000008001c374                __rmonMemcpy
                0x000000008001c3e4                __rmonCopyWords
                0x000000008001c4b4                __rmonReadMem
                0x000000008001c6f4                __rmonWriteMem
                0x000000008001c97c                __rmonListProcesses
                0x000000008001ca10                __rmonLoadProgram
                0x000000008001ca38                __rmonGetExeName
                0x000000008001cb10                __rmonGetRegionCount
                0x000000008001cba4                __rmonGetRegions
 *fill*         0x000000008001cdac        0x4 
 .text          0x000000008001cdb0      0x1ec /usr/lib/n64/libultra_d.a(rmonmisc.o)
                0x000000008001cdb0                __rmonSetFault
                0x000000008001ce1c                __rmonInit
                0x000000008001cf28                __rmonPanic
                0x000000008001cf40                __rmonSetComm
 *fill*         0x000000008001cf9c        0x4 
 .text          0x000000008001cfa0      0xf74 /usr/lib/n64/libultra_d.a(rmonregs.o)
                0x000000008001d340                __rmonGetGRegisters
                0x000000008001d4bc                __rmonSetGRegisters
                0x000000008001d664                __rmonGetFRegisters
                0x000000008001d748                __rmonSetFRegisters
                0x000000008001d8b4                __rmonGetSRegs
                0x000000008001da50                __rmonSetSRegs
                0x000000008001dbbc                __rmonGetVRegs
                0x000000008001dd08                __rmonSetVRegs
                0x000000008001de00                __rmonGetRegisterContents
 *fill*         0x000000008001df14        0xc 
 .text          0x000000008001df20      0xc48 /usr/lib/n64/libultra_d.a(rmontask.o)
                0x000000008001df20                __rmonMaskIdleThreadInts
                0x000000008001dfb4                __rmonGetTCB
                0x000000008001e040                __rmonStopUserThreads
                0x000000008001e164                __rmonListThreads
                0x000000008001e2b8                __rmonGetThreadStatus
                0x000000008001e5e8                __rmonThreadStatus
                0x000000008001e688                __rmonStopThread
                0x000000008001e834                __rmonRunThread
 *fill*         0x000000008001eb68        0x8 
 .text          0x000000008001eb70       0xa8 /usr/lib/n64/libultra_d.a(rmonrcp.o)
                0x000000008001eb70                __rmonRCPrunning
                0x000000008001eb94                __rmonIdleRCP
                0x000000008001ebd8                __rmonStepRCP
                0x000000008001ebf0                __rmonRunRCP
 *fill*         0x000000008001ec18        0x8 
 .text          0x000000008001ec20       0x28 /usr/lib/n64/libultra_d.a(getactivequeue.o)
                0x000000008001ec20                __osGetActiveQueue
 *fill*         0x000000008001ec48        0x8 
 .text          0x000000008001ec50       0xf4 /usr/lib/n64/libultra_d.a(stopthread.o)
                0x000000008001ec50                osStopThread
 *fill*         0x000000008001ed44        0xc 
 .text          0x000000008001ed50       0xbc /usr/lib/n64/libultra_d.a(sprawread.o)
                0x000000008001ed50                __osSpRawReadIo
 *fill*         0x000000008001ee0c        0x4 
 .text          0x000000008001ee10       0x94 /usr/lib/n64/libultra_d.a(sprawwrite.o)
                0x000000008001ee10                __osSpRawWriteIo
 *fill*         0x000000008001eea4        0xc 
 .text          0x000000008001eeb0      0xe24 /usr/lib/n64/libultra_d.a(rmonbrk.o)
                0x000000008001f0cc                __rmonSetBreak
                0x000000008001f2e4                __rmonListBreak
                0x000000008001f30c                __rmonClearBreak
                0x000000008001f4bc                __rmonGetBranchTarget
                0x000000008001f81c                __rmonSetSingleStep
                0x000000008001f91c                __rmonGetExceptionStatus
                0x000000008001fa90                __rmonHitBreak
                0x000000008001fad8                __rmonHitSpBreak
                0x000000008001fb70                __rmonHitCpuFault
 */libgcc.a:*.o(.text)
 *fill*         0x000000008001fcd4        0xc 
 .text          0x000000008001fce0      0x508 /opt/crashsdk/lib/gcc/mips64-elf/12.2.0/libgcc.a(_divdi3.o)
                0x000000008001fce0                __divdi3
 *fill*         0x00000000800201e8        0x8 
 .text          0x00000000800201f0      0x4b4 /opt/crashsdk/lib/gcc/mips64-elf/12.2.0/libgcc.a(_udivdi3.o)
                0x00000000800201f0                __udivdi3
 *fill*         0x00000000800206a4        0xc 
 .text          0x00000000800206b0      0x4c8 /opt/crashsdk/lib/gcc/mips64-elf/12.2.0/libgcc.a(_umoddi3.o)
                0x00000000800206b0                __umoddi3
 *fill*         0x0000000080020b78        0x8 
 .text          0x0000000080020b80        0x0 /opt/crashsdk/lib/gcc/mips64-elf/12.2.0/libgcc.a(_clz.o)
 /usr/lib/n64/PR/rspboot.o(.text)
 .text          0x0000000080020b80       0xd0 /usr/lib/n64/PR/rspboot.o
                0x0000000080020b80                rspbootTextStart
                0x0000000080020c50                rspbootTextEnd
 /usr/lib/n64/PR/gspF3DEX2.fifo.o(.text)
 .text          0x0000000080020c50     0x1390 /usr/lib/n64/PR/gspF3DEX2.fifo.o
                0x0000000080020c50                gspF3DEX2_fifoTextStart
                0x0000000080021fe0                gspF3DEX2_fifoTextEnd
 /usr/lib/n64/PR/aspMain.o(.text)
 .text          0x0000000080021fe0      0xe20 /usr/lib/n64/PR/aspMain.o
                0x0000000080021fe0                aspMainTextStart
                0x0000000080022e00                aspMainTextEnd
 build/src/main*.o(.data*)
 .data          0x0000000080022e00        0x0 build/src/main/audio.o
 .data          0x0000000080022e00        0x0 build/src/main/audiomgr.o
 .data          0x0000000080022e00        0x0 build/src/main/collision.o
 .data          0x0000000080022e00       0x10 build/src/main/controller.o
                0x0000000080022e00                logoVeloc
                0x0000000080022e04                logoScale_z
                0x0000000080022e08                logoScale_y
                0x0000000080022e0c                logoScale_x
 .data          0x0000000080022e10        0x4 build/src/main/gfx.o
 *fill*         0x0000000080022e14        0xc 
 .data          0x0000000080022e20        0x0 build/src/main/gfxrdpfifo.o
 .data          0x0000000080022e20        0x0 build/src/main/gfxstack.o
 .data          0x0000000080022e20        0x0 build/src/main/gfxyield.o
 .data          0x0000000080022e20        0x0 build/src/main/math.o
 .data          0x0000000080022e20        0x0 build/src/main/memory.o
 .data          0x0000000080022e20       0x18 build/src/main/player.o
                0x0000000080022e20                LookDirection
                0x0000000080022e2c                UpDirection
 *fill*         0x0000000080022e38        0x8 
 .data          0x0000000080022e40        0x0 build/src/main/simple.o
 */libultra_d.a:*.o(.data*)
 .data          0x0000000080022e40       0x10 /usr/lib/n64/libultra_d.a(initialize.o)
                0x0000000080022e40                osClockRate
                0x0000000080022e48                osViClock
                0x0000000080022e4c                __OSGlobalIntMask
 .data          0x0000000080022e50        0x4 /usr/lib/n64/libultra_d.a(cartrominit.o)
 *fill*         0x0000000080022e54        0xc 
 .data          0x0000000080022e60        0x0 /usr/lib/n64/libultra_d.a(epidma.o)
 .data          0x0000000080022e60        0x0 /usr/lib/n64/libultra_d.a(piacs.o)
 .data          0x0000000080022e60        0x0 /usr/lib/n64/libultra_d.a(pigetcmdq.o)
 .data          0x0000000080022e60        0x8 /usr/lib/n64/libultra_d.a(pimgr.o)
                0x0000000080022e60                __osCurrentHandle
 *fill*         0x0000000080022e68        0x8 
 .data          0x0000000080022e70        0x0 /usr/lib/n64/libultra_d.a(pirawdma.o)
 .data          0x0000000080022e70        0x0 /usr/lib/n64/libultra_d.a(initialize_isv.o)
 .data          0x0000000080022e70        0x4 /usr/lib/n64/libultra_d.a(rotate.o)
 *fill*         0x0000000080022e74        0xc 
 .data          0x0000000080022e80        0x0 /usr/lib/n64/libultra_d.a(createthread.o)
 .data          0x0000000080022e80        0x0 /usr/lib/n64/libultra_d.a(getthreadpri.o)
 .data          0x0000000080022e80        0x0 /usr/lib/n64/libultra_d.a(setthreadpri.o)
 .data          0x0000000080022e80        0x0 /usr/lib/n64/libultra_d.a(startthread.o)
 .data          0x0000000080022e80       0x10 /usr/lib/n64/libultra_d.a(thread.o)
                0x0000000080022e80                __osThreadTail
                0x0000000080022e88                __osRunQueue
                0x0000000080022e8c                __osActiveQueue
 .data          0x0000000080022e90        0x0 /usr/lib/n64/libultra_d.a(syncprintf.o)
 .data          0x0000000080022e90       0x45 /usr/lib/n64/libultra_d.a(xprintf.o)
 *fill*         0x0000000080022ed5        0xb 
 .data          0x0000000080022ee0        0x0 /usr/lib/n64/libultra_d.a(createmesgqueue.o)
 .data          0x0000000080022ee0        0x0 /usr/lib/n64/libultra_d.a(jammesg.o)
 .data          0x0000000080022ee0        0x0 /usr/lib/n64/libultra_d.a(recvmesg.o)
 .data          0x0000000080022ee0        0x0 /usr/lib/n64/libultra_d.a(sendmesg.o)
 .data          0x0000000080022ee0        0x0 /usr/lib/n64/libultra_d.a(seteventmesg.o)
 .data          0x0000000080022ee0        0x4 /usr/lib/n64/libultra_d.a(rdbsend.o)
                0x0000000080022ee0                __osRdb_IP6_Empty
 *fill*         0x0000000080022ee4        0xc 
 .data          0x0000000080022ef0        0x0 /usr/lib/n64/libultra_d.a(virtualtophysical.o)
 .data          0x0000000080022ef0        0x0 /usr/lib/n64/libultra_d.a(visetmode.o)
 .data          0x0000000080022ef0        0x0 /usr/lib/n64/libultra_d.a(visetspecial.o)
 .data          0x0000000080022ef0     0x1180 /usr/lib/n64/libultra_d.a(vitbl.o)
                0x0000000080022ef0                osViModeTable
 .data          0x0000000080024070        0x0 /usr/lib/n64/libultra_d.a(sirawread.o)
 .data          0x0000000080024070        0x0 /usr/lib/n64/libultra_d.a(sirawwrite.o)
 .data          0x0000000080024070        0x0 /usr/lib/n64/libultra_d.a(cosf.o)
 .data          0x0000000080024070        0x0 /usr/lib/n64/libultra_d.a(lookat.o)
 .data          0x0000000080024070        0x0 /usr/lib/n64/libultra_d.a(mtxutil.o)
 .data          0x0000000080024070        0x0 /usr/lib/n64/libultra_d.a(perspective.o)
 .data          0x0000000080024070        0x0 /usr/lib/n64/libultra_d.a(sinf.o)
 .data          0x0000000080024070        0x0 /usr/lib/n64/libultra_d.a(bnkf.o)
 .data          0x0000000080024070        0x0 /usr/lib/n64/libultra_d.a(heapalloc.o)
 .data          0x0000000080024070        0x0 /usr/lib/n64/libultra_d.a(heapinit.o)
 .data          0x0000000080024070        0x0 /usr/lib/n64/libultra_d.a(seq.o)
 .data          0x0000000080024070        0x0 /usr/lib/n64/libultra_d.a(seqplayer.o)
 .data          0x0000000080024070        0x0 /usr/lib/n64/libultra_d.a(seqploop.o)
 .data          0x0000000080024070        0x0 /usr/lib/n64/libultra_d.a(seqpplay.o)
 .data          0x0000000080024070        0x0 /usr/lib/n64/libultra_d.a(seqpsetbank.o)
 .data          0x0000000080024070        0x0 /usr/lib/n64/libultra_d.a(seqpsetseq.o)
 .data          0x0000000080024070        0x0 /usr/lib/n64/libultra_d.a(sl.o)
 .data          0x0000000080024070        0x0 /usr/lib/n64/libultra_d.a(synaddplayer.o)
 .data          0x0000000080024070        0x0 /usr/lib/n64/libultra_d.a(synallocvoice.o)
 .data          0x0000000080024070        0x0 /usr/lib/n64/libultra_d.a(syndelete.o)
 .data          0x0000000080024070        0x0 /usr/lib/n64/libultra_d.a(synfreevoice.o)
 .data          0x0000000080024070        0x0 /usr/lib/n64/libultra_d.a(synsetfxmix.o)
 .data          0x0000000080024070        0x0 /usr/lib/n64/libultra_d.a(synsetpan.o)
 .data          0x0000000080024070        0x0 /usr/lib/n64/libultra_d.a(synsetpitch.o)
 .data          0x0000000080024070        0x0 /usr/lib/n64/libultra_d.a(synsetpriority.o)
 .data          0x0000000080024070        0x0 /usr/lib/n64/libultra_d.a(synsetvol.o)
 .data          0x0000000080024070        0x0 /usr/lib/n64/libultra_d.a(synstartvoiceparam.o)
 .data          0x0000000080024070        0x0 /usr/lib/n64/libultra_d.a(synstopvoice.o)
 .data          0x0000000080024070        0x0 /usr/lib/n64/libultra_d.a(synthesizer.o)
 .data          0x0000000080024070        0x0 /usr/lib/n64/libultra_d.a(aigetlen.o)
 .data          0x0000000080024070        0x0 /usr/lib/n64/libultra_d.a(aisetfreq.o)
 .data          0x0000000080024070        0x0 /usr/lib/n64/libultra_d.a(aisetnextbuf.o)
 .data          0x0000000080024070        0x0 /usr/lib/n64/libultra_d.a(contreaddata.o)
 .data          0x0000000080024070        0x0 /usr/lib/n64/libultra_d.a(controller.o)
 .data          0x0000000080024070        0x4 /usr/lib/n64/libultra_d.a(sched.o)
 *fill*         0x0000000080024074        0xc 
 .data          0x0000000080024080        0x0 /usr/lib/n64/libultra_d.a(parameters.o)
 .data          0x0000000080024080        0x0 /usr/lib/n64/libultra_d.a(errorasm.o)
 .data          0x0000000080024080       0x40 /usr/lib/n64/libultra_d.a(exceptasm.o)
                0x0000000080024080                __osHwIntTable
                0x00000000800240a8                __osPiIntTable
 .data          0x00000000800240c0        0x0 /usr/lib/n64/libultra_d.a(interrupt.o)
 .data          0x00000000800240c0        0x0 /usr/lib/n64/libultra_d.a(setintmask.o)
 .data          0x00000000800240c0        0x0 /usr/lib/n64/libultra_d.a(monutil.o)
 .data          0x00000000800240c0        0x0 /usr/lib/n64/libultra_d.a(normalize.o)
 .data          0x00000000800240c0        0x0 /usr/lib/n64/libultra_d.a(scale.o)
 .data          0x00000000800240c0        0x0 /usr/lib/n64/libultra_d.a(translate.o)
 .data          0x00000000800240c0        0x0 /usr/lib/n64/libultra_d.a(maptlbrdb.o)
 .data          0x00000000800240c0        0x0 /usr/lib/n64/libultra_d.a(probetlb.o)
 .data          0x00000000800240c0        0x0 /usr/lib/n64/libultra_d.a(unmaptlball.o)
 .data          0x00000000800240c0        0x0 /usr/lib/n64/libultra_d.a(getcause.o)
 .data          0x00000000800240c0        0x0 /usr/lib/n64/libultra_d.a(getsr.o)
 .data          0x00000000800240c0        0x0 /usr/lib/n64/libultra_d.a(setfpccsr.o)
 .data          0x00000000800240c0        0x0 /usr/lib/n64/libultra_d.a(setsr.o)
 .data          0x00000000800240c0        0x0 /usr/lib/n64/libultra_d.a(setwatchlo.o)
 .data          0x00000000800240c0        0x0 /usr/lib/n64/libultra_d.a(bzero.o)
 .data          0x00000000800240c0        0x0 /usr/lib/n64/libultra_d.a(libm_vals.o)
 .data          0x00000000800240c0        0x0 /usr/lib/n64/libultra_d.a(sqrtf.o)
 .data          0x00000000800240c0        0x0 /usr/lib/n64/libultra_d.a(invaldcache.o)
 .data          0x00000000800240c0        0x0 /usr/lib/n64/libultra_d.a(invalicache.o)
 .data          0x00000000800240c0        0x0 /usr/lib/n64/libultra_d.a(writebackdcacheall.o)
 .data          0x00000000800240c0        0x0 /usr/lib/n64/libultra_d.a(writebackdcache.o)
 .data          0x00000000800240c0      0x258 /usr/lib/n64/libultra_d.a(commonerror.o)
                0x00000000800240c0                __osCommonHandler
                0x00000000800240c4                __os_error_message
 *fill*         0x0000000080024318        0x8 
 .data          0x0000000080024320        0x0 /usr/lib/n64/libultra_d.a(devmgr.o)
 .data          0x0000000080024320        0x0 /usr/lib/n64/libultra_d.a(epirawdma.o)
 .data          0x0000000080024320        0x0 /usr/lib/n64/libultra_d.a(epirawread.o)
 .data          0x0000000080024320        0x0 /usr/lib/n64/libultra_d.a(epirawwrite.o)
 .data          0x0000000080024320        0x0 /usr/lib/n64/libultra_d.a(epiread.o)
 .data          0x0000000080024320        0x0 /usr/lib/n64/libultra_d.a(epiwrite.o)
 .data          0x0000000080024320        0x0 /usr/lib/n64/libultra_d.a(resetglobalintmask.o)
 .data          0x0000000080024320        0x0 /usr/lib/n64/libultra_d.a(setglobalintmask.o)
 .data          0x0000000080024320        0x0 /usr/lib/n64/libultra_d.a(assert.o)
 .data          0x0000000080024320        0x0 /usr/lib/n64/libultra_d.a(kdebugserver.o)
 .data          0x0000000080024320        0x0 /usr/lib/n64/libultra_d.a(threadprofile.o)
 .data          0x0000000080024320        0x0 /usr/lib/n64/libultra_d.a(destroythread.o)
 .data          0x0000000080024320        0x0 /usr/lib/n64/libultra_d.a(yieldthread.o)
 .data          0x0000000080024320        0x0 /usr/lib/n64/libultra_d.a(sptask.o)
 .data          0x0000000080024320        0x0 /usr/lib/n64/libultra_d.a(sptaskyield.o)
 .data          0x0000000080024320        0x0 /usr/lib/n64/libultra_d.a(sptaskyielded.o)
 .data          0x0000000080024320        0x0 /usr/lib/n64/libultra_d.a(string.o)
 .data          0x0000000080024320        0x0 /usr/lib/n64/libultra_d.a(xldtob.o)
 .data          0x0000000080024320       0x25 /usr/lib/n64/libultra_d.a(xlitob.o)
 *fill*         0x0000000080024345        0xb 
 .data          0x0000000080024350        0x0 /usr/lib/n64/libultra_d.a(initrdb.o)
 .data          0x0000000080024350        0x0 /usr/lib/n64/libultra_d.a(readhost.o)
 .data          0x0000000080024350        0x0 /usr/lib/n64/libultra_d.a(viblack.o)
 .data          0x0000000080024350        0x8 /usr/lib/n64/libultra_d.a(vi.o)
                0x0000000080024350                __osViCurr
                0x0000000080024354                __osViNext
 *fill*         0x0000000080024358        0x8 
 .data          0x0000000080024360        0x0 /usr/lib/n64/libultra_d.a(vigetcurrframebuf.o)
 .data          0x0000000080024360        0x0 /usr/lib/n64/libultra_d.a(vigetnextframebuf.o)
 .data          0x0000000080024360        0x0 /usr/lib/n64/libultra_d.a(vimgr.o)
 .data          0x0000000080024360        0x0 /usr/lib/n64/libultra_d.a(visetevent.o)
 .data          0x0000000080024360        0x0 /usr/lib/n64/libultra_d.a(viswapbuf.o)
 .data          0x0000000080024360        0x0 /usr/lib/n64/libultra_d.a(viswapcontext.o)
 .data          0x0000000080024360        0x0 /usr/lib/n64/libultra_d.a(gettime.o)
 .data          0x0000000080024360        0x0 /usr/lib/n64/libultra_d.a(settimer.o)
 .data          0x0000000080024360        0x4 /usr/lib/n64/libultra_d.a(timerintr.o)
                0x0000000080024360                __osTimerList
 *fill*         0x0000000080024364        0xc 
 .data          0x0000000080024370        0x0 /usr/lib/n64/libultra_d.a(siacs.o)
 .data          0x0000000080024370        0x0 /usr/lib/n64/libultra_d.a(si.o)
 .data          0x0000000080024370        0x0 /usr/lib/n64/libultra_d.a(sirawdma.o)
 .data          0x0000000080024370        0x0 /usr/lib/n64/libultra_d.a(auxbus.o)
 .data          0x0000000080024370        0x0 /usr/lib/n64/libultra_d.a(cents2ratio.o)
 .data          0x0000000080024370      0x168 /usr/lib/n64/libultra_d.a(drvrNew.o)
 *fill*         0x00000000800244d8        0x8 
 .data          0x00000000800244e0      0x100 /usr/lib/n64/libultra_d.a(env.o)
 .data          0x00000000800245e0        0x0 /usr/lib/n64/libultra_d.a(event.o)
 .data          0x00000000800245e0        0x0 /usr/lib/n64/libultra_d.a(filter.o)
 .data          0x00000000800245e0        0x0 /usr/lib/n64/libultra_d.a(load.o)
 .data          0x00000000800245e0        0x0 /usr/lib/n64/libultra_d.a(mainbus.o)
 .data          0x00000000800245e0        0x0 /usr/lib/n64/libultra_d.a(resample.o)
 .data          0x00000000800245e0       0x10 /usr/lib/n64/libultra_d.a(reverb.o)
 .data          0x00000000800245f0        0x0 /usr/lib/n64/libultra_d.a(save.o)
 .data          0x00000000800245f0        0x0 /usr/lib/n64/libultra_d.a(synallocfx.o)
 .data          0x00000000800245f0       0x50 /usr/lib/n64/libultra_d.a(vimodempallan1.o)
                0x00000000800245f0                osViModeMpalLan1
 .data          0x0000000080024640       0x50 /usr/lib/n64/libultra_d.a(vimodentsclan1.o)
                0x0000000080024640                osViModeNtscLan1
 .data          0x0000000080024690       0x50 /usr/lib/n64/libultra_d.a(vimodepallan1.o)
                0x0000000080024690                osViModePalLan1
 .data          0x00000000800246e0        0x0 /usr/lib/n64/libultra_d.a(ai.o)
 .data          0x00000000800246e0        0x0 /usr/lib/n64/libultra_d.a(dpsetnextbuf.o)
 .data          0x00000000800246e0        0x0 /usr/lib/n64/libultra_d.a(rmonsio.o)
 .data          0x00000000800246e0        0x0 /usr/lib/n64/libultra_d.a(getcount.o)
 .data          0x00000000800246e0        0x0 /usr/lib/n64/libultra_d.a(setcompare.o)
 .data          0x00000000800246e0        0x0 /usr/lib/n64/libultra_d.a(assertbreak.o)
 .data          0x00000000800246e0        0x0 /usr/lib/n64/libultra_d.a(bcopy.o)
 .data          0x00000000800246e0        0x0 /usr/lib/n64/libultra_d.a(sp.o)
 .data          0x00000000800246e0        0x0 /usr/lib/n64/libultra_d.a(spgetstat.o)
 .data          0x00000000800246e0        0x0 /usr/lib/n64/libultra_d.a(sprawdma.o)
 .data          0x00000000800246e0        0x0 /usr/lib/n64/libultra_d.a(spsetpc.o)
 .data          0x00000000800246e0        0x0 /usr/lib/n64/libultra_d.a(spsetstat.o)
 .data          0x00000000800246e0        0x0 /usr/lib/n64/libultra_d.a(ldiv.o)
 .data          0x00000000800246e0        0x0 /usr/lib/n64/libultra_d.a(vigetcurrcontext.o)
 .data          0x00000000800246e0        0x0 /usr/lib/n64/libultra_d.a(copy.o)
 .data          0x00000000800246e0        0x0 /usr/lib/n64/libultra_d.a(dp.o)
 .data          0x00000000800246e0       0xd8 /usr/lib/n64/libultra_d.a(rmoncmds.o)
 *fill*         0x00000000800247b8        0x8 
 .data          0x00000000800247c0        0x0 /usr/lib/n64/libultra_d.a(rmonmain.o)
 .data          0x00000000800247c0        0x0 /usr/lib/n64/libultra_d.a(rmonmem.o)
 .data          0x00000000800247c0        0x0 /usr/lib/n64/libultra_d.a(rmonmisc.o)
 .data          0x00000000800247c0        0x0 /usr/lib/n64/libultra_d.a(rmonregs.o)
 .data          0x00000000800247c0        0x0 /usr/lib/n64/libultra_d.a(rmontask.o)
 .data          0x00000000800247c0        0x0 /usr/lib/n64/libultra_d.a(rmonrcp.o)
 .data          0x00000000800247c0        0x0 /usr/lib/n64/libultra_d.a(getactivequeue.o)
 .data          0x00000000800247c0        0x0 /usr/lib/n64/libultra_d.a(stopthread.o)
 .data          0x00000000800247c0        0x0 /usr/lib/n64/libultra_d.a(sprawread.o)
 .data          0x00000000800247c0        0x0 /usr/lib/n64/libultra_d.a(sprawwrite.o)
 .data          0x00000000800247c0        0x0 /usr/lib/n64/libultra_d.a(rmonbrk.o)
 /usr/lib/n64/PR/rspboot.o(.data*)
 .data          0x00000000800247c0        0x0 /usr/lib/n64/PR/rspboot.o
                0x00000000800247c0                rspbootDataEnd
                0x00000000800247c0                rspbootDataStart
 /usr/lib/n64/PR/gspF3DEX2.fifo.o(.data*)
 .data          0x00000000800247c0      0x420 /usr/lib/n64/PR/gspF3DEX2.fifo.o
                0x00000000800247c0                gspF3DEX2_fifoDataStart
                0x0000000080024be0                gspF3DEX2_fifoDataEnd
 /usr/lib/n64/PR/aspMain.o(.data*)
 .data          0x0000000080024be0      0x2c0 /usr/lib/n64/PR/aspMain.o
                0x0000000080024be0                aspMainDataStart
                0x0000000080024ea0                aspMainDataEnd
 build/src/main*.o(.*rodata*)
 .rodata.cst8   0x0000000080024ea0        0x8 build/src/main/audiomgr.o
 *fill*         0x0000000080024ea8        0x8 
 .rodata.cst4   0x0000000080024eb0        0x4 build/src/main/audiomgr.o
 *fill*         0x0000000080024eb4        0xc 
 .rodata.str1.4
                0x0000000080024ec0       0x2b build/src/main/controller.o
 *fill*         0x0000000080024eeb        0x5 
 .rodata.cst4   0x0000000080024ef0        0x8 build/src/main/gfx.o
 *fill*         0x0000000080024ef8        0x8 
 .rodata.cst4   0x0000000080024f00        0x4 build/src/main/math.o
                                          0x8 (size before relaxing)
 *fill*         0x0000000080024f04        0xc 
 .rodata.cst4   0x0000000080024f10       0x10 build/src/main/player.o
 */libultra_d.a:*.o(.*rodata*)
 .rodata        0x0000000080024f20        0x4 /usr/lib/n64/libultra_d.a(rotate.o)
 *fill*         0x0000000080024f24        0xc 
 .rodata        0x0000000080024f30      0x174 /usr/lib/n64/libultra_d.a(xprintf.o)
 *fill*         0x00000000800250a4        0xc 
 .rodata        0x00000000800250b0       0x2a /usr/lib/n64/libultra_d.a(visetmode.o)
 *fill*         0x00000000800250da        0x6 
 .rodata        0x00000000800250e0       0x41 /usr/lib/n64/libultra_d.a(sirawread.o)
 *fill*         0x0000000080025121        0xf 
 .rodata        0x0000000080025130       0x31 /usr/lib/n64/libultra_d.a(sirawwrite.o)
 *fill*         0x0000000080025161        0xf 
 .rodata        0x0000000080025170       0x88 /usr/lib/n64/libultra_d.a(cosf.o)
 *fill*         0x00000000800251f8        0x8 
 .rodata        0x0000000080025200       0x14 /usr/lib/n64/libultra_d.a(lookat.o)
 *fill*         0x0000000080025214        0xc 
 .rodata        0x0000000080025220        0xc /usr/lib/n64/libultra_d.a(mtxutil.o)
 *fill*         0x000000008002522c        0x4 
 .rodata        0x0000000080025230       0x20 /usr/lib/n64/libultra_d.a(perspective.o)
 .rodata        0x0000000080025250       0x88 /usr/lib/n64/libultra_d.a(sinf.o)
 *fill*         0x00000000800252d8        0x8 
 .rodata        0x00000000800252e0        0x8 /usr/lib/n64/libultra_d.a(heapalloc.o)
 *fill*         0x00000000800252e8        0x8 
 .rodata        0x00000000800252f0       0x20 /usr/lib/n64/libultra_d.a(seq.o)
 .rodata        0x0000000080025310      0x138 /usr/lib/n64/libultra_d.a(seqplayer.o)
 *fill*         0x0000000080025448        0x8 
 .rodata        0x0000000080025450       0x40 /usr/lib/n64/libultra_d.a(synthesizer.o)
 .rodata        0x0000000080025490       0x10 /usr/lib/n64/libultra_d.a(aisetfreq.o)
 .rodata        0x00000000800254a0       0xd0 /usr/lib/n64/libultra_d.a(sched.o)
 .rodata        0x0000000080025570       0x70 /usr/lib/n64/libultra_d.a(exceptasm.o)
                0x00000000800255b4                __osCauseTable_pt
 .rodata        0x00000000800255e0       0x80 /usr/lib/n64/libultra_d.a(setintmask.o)
                0x00000000800255e0                __osRcpImTable
 .rodata        0x0000000080025660        0x4 /usr/lib/n64/libultra_d.a(libm_vals.o)
                0x0000000080025660                __libm_qnan_f
 *fill*         0x0000000080025664        0xc 
 .rodata        0x0000000080025670     0x1a5e /usr/lib/n64/libultra_d.a(commonerror.o)
 *fill*         0x00000000800270ce        0x2 
 .rodata        0x00000000800270d0       0x1c /usr/lib/n64/libultra_d.a(devmgr.o)
 *fill*         0x00000000800270ec        0x4 
 .rodata        0x00000000800270f0       0x2d /usr/lib/n64/libultra_d.a(epirawread.o)
 *fill*         0x000000008002711d        0x3 
 .rodata        0x0000000080027120       0x20 /usr/lib/n64/libultra_d.a(assert.o)
 .rodata        0x0000000080027140       0x68 /usr/lib/n64/libultra_d.a(xldtob.o)
 *fill*         0x00000000800271a8        0x8 
 .rodata        0x00000000800271b0       0x27 /usr/lib/n64/libultra_d.a(visetevent.o)
 *fill*         0x00000000800271d7        0x9 
 .rodata        0x00000000800271e0       0x30 /usr/lib/n64/libultra_d.a(viswapbuf.o)
 .rodata        0x0000000080027210        0xc /usr/lib/n64/libultra_d.a(viswapcontext.o)
 *fill*         0x000000008002721c        0x4 
 .rodata        0x0000000080027220       0x37 /usr/lib/n64/libultra_d.a(sirawdma.o)
 *fill*         0x0000000080027257        0x9 
 .rodata        0x0000000080027260        0xc /usr/lib/n64/libultra_d.a(cents2ratio.o)
 *fill*         0x000000008002726c        0x4 
 .rodata        0x0000000080027270       0x5c /usr/lib/n64/libultra_d.a(drvrNew.o)
 *fill*         0x00000000800272cc        0x4 
 .rodata        0x00000000800272d0      0x100 /usr/lib/n64/libultra_d.a(env.o)
 .rodata        0x00000000800273d0       0x38 /usr/lib/n64/libultra_d.a(resample.o)
 *fill*         0x0000000080027408        0x8 
 .rodata        0x0000000080027410       0x68 /usr/lib/n64/libultra_d.a(reverb.o)
 *fill*         0x0000000080027478        0x8 
 .rodata        0x0000000080027480       0x29 /usr/lib/n64/libultra_d.a(save.o)
 *fill*         0x00000000800274a9        0x7 
 .rodata        0x00000000800274b0       0x6b /usr/lib/n64/libultra_d.a(sprawdma.o)
 *fill*         0x000000008002751b        0x5 
 .rodata        0x0000000080027520        0xd /usr/lib/n64/libultra_d.a(rmonmem.o)
 *fill*         0x000000008002752d        0x3 
 .rodata        0x0000000080027530       0x41 /usr/lib/n64/libultra_d.a(sprawread.o)
 *fill*         0x0000000080027571        0xf 
 .rodata        0x0000000080027580       0x31 /usr/lib/n64/libultra_d.a(sprawwrite.o)
 *fill*         0x00000000800275b1        0xf 
 .rodata        0x00000000800275c0       0x60 /usr/lib/n64/libultra_d.a(rmonbrk.o)
 */libgcc.a:*.o(.*rodata*)
 .rodata        0x0000000080027620      0x100 /opt/crashsdk/lib/gcc/mips64-elf/12.2.0/libgcc.a(_clz.o)
                0x0000000080027620                __clz_tab
                0x0000000080027720                _codeSegmentEnd = ALIGN ((ADDR (.code) + SIZEOF (.code)), 0x10)
                0x0000000000028320                _codeSegmentRomEnd = ((_codeSegmentEnd - _codeSegmentStart) + _codeSegmentRomStart)
                0x00000000002e6c40                __romPos = _codeSegmentRomEnd
                0x0000000080027720                . = _codeSegmentEnd
                0x0000000080027720                _codeSegmentBssStart = ADDR (.code.noload)

.code.noload    0x0000000080027720    0x78df0 load address 0x0000000000028320
 build/src/main*.o(.*bss*)
 .bss           0x0000000080027720    0x49420 build/src/main/audio.o
                0x0000000080027720                hp
                0x0000000080027730                seqp
                0x0000000080027734                audioHeap
 .bss           0x0000000080070b40     0x2828 build/src/main/audiomgr.o
                0x0000000080070b40                audDMAMessageBuf
                0x0000000080070bc0                audDMAMessageQ
                0x0000000080070bd8                audDMAIOMesgBuf
                0x0000000080070ed8                maxRSPCmds
                0x0000000080070edc                maxFrameSize
                0x0000000080070ee0                frameSize
                0x0000000080070ee4                minFrameSize
                0x0000000080070ee8                curAcmdList
                0x0000000080070eec                nextDMA
                0x0000000080070ef0                audFrameCt
                0x0000000080070ef4                dmaBuffs
                0x00000000800710d4                dmaState
                0x00000000800710e0                __am
 .bss           0x0000000080073368        0x0 build/src/main/collision.o
 .bss           0x0000000080073368       0x54 build/src/main/controller.o
                0x0000000080073368                lastButArray
                0x0000000080073370                controllermsg
                0x0000000080073390                ControllerArray
                0x00000000800733a8                statusdata
                0x00000000800733b8                validcontrollers
                0x00000000800733b9                logoPos_z
                0x00000000800733ba                logoPos_y
                0x00000000800733bb                logoPos_x
 .bss           0x00000000800733bc        0xc build/src/main/gfx.o
 *fill*         0x00000000800733c8        0x8 
 .bss           0x00000000800733d0    0x17e00 build/src/main/gfxrdpfifo.o
                0x00000000800733d0                rdp_output
 .bss           0x000000008008b1d0      0x400 build/src/main/gfxstack.o
                0x000000008008b1d0                dram_stack
 .bss           0x000000008008b5d0      0xc00 build/src/main/gfxyield.o
                0x000000008008b5d0                gfxYieldBuf
 .bss           0x000000008008c1d0        0x0 build/src/main/math.o
 .bss           0x000000008008c1d0       0x40 build/src/main/memory.o
                0x000000008008c1d0                SegmentTable
 .bss           0x000000008008c210      0x2e4 build/src/main/player.o
                0x000000008008c210                Nerf
                0x000000008008c214                CameraMatrix
                0x000000008008c314                GamePlayers
 *fill*         0x000000008008c4f4        0x4 
 .bss           0x000000008008c4f8     0xb238 build/src/main/simple.o
                0x000000008008c4f8                handler
                0x000000008008c4fc                gfxClient
                0x000000008008c508                scheduleStack
                0x000000008008e508                sched_cmdQ
                0x000000008008e510                sc
                0x000000008008e798                gInfo
                0x0000000080091038                glistp
                0x000000008009103c                gfxFrameMsgBuf
                0x000000008009105c                gfxFrameMsgQ
                0x0000000080091078                bootStack
 */libultra_d.a:*.o(COMMON)
 */libultra_d.a:*.o(.scommon)
 */libultra_d.a:*.o(.*bss*)
 .bss           0x0000000080097730        0xc /usr/lib/n64/libultra_d.a(initialize.o)
                0x0000000080097730                __osShutdown
                0x0000000080097734                __printfunc
                0x0000000080097738                __kmc_pt_mode
 *fill*         0x000000008009773c        0x4 
 .bss           0x0000000080097740       0x74 /usr/lib/n64/libultra_d.a(cartrominit.o)
                0x0000000080097740                __CartRomHandle
 .bss           0x00000000800977b4        0x0 /usr/lib/n64/libultra_d.a(epidma.o)
 *fill*         0x00000000800977b4        0x4 
 .bss           0x00000000800977b8       0x24 /usr/lib/n64/libultra_d.a(piacs.o)
                0x00000000800977b8                __osPiAccessQueueEnabled
                0x00000000800977c0                __osPiAccessQueue
 .bss           0x00000000800977dc        0x0 /usr/lib/n64/libultra_d.a(pigetcmdq.o)
 *fill*         0x00000000800977dc        0x4 
 .bss           0x00000000800977e0     0x18cc /usr/lib/n64/libultra_d.a(pimgr.o)
                0x00000000800977e0                __osPiDevMgr
                0x00000000800977fc                __osPiTable
                0x0000000080097800                __Dom1SpeedParam
                0x0000000080097878                __Dom2SpeedParam
 .bss           0x00000000800990ac        0x0 /usr/lib/n64/libultra_d.a(pirawdma.o)
 *fill*         0x00000000800990ac        0x4 
 .bss           0x00000000800990b0       0x24 /usr/lib/n64/libultra_d.a(initialize_isv.o)
                0x00000000800990b0                gISVDbgPrnAdrs
                0x00000000800990b4                leoComuBuffAdd
                0x00000000800990b8                gISVFlag
                0x00000000800990bc                gISVChk
                0x00000000800990c0                ramOldVector
 .bss           0x00000000800990d4        0x0 /usr/lib/n64/libultra_d.a(rotate.o)
 .bss           0x00000000800990d4        0x0 /usr/lib/n64/libultra_d.a(createthread.o)
 .bss           0x00000000800990d4        0x0 /usr/lib/n64/libultra_d.a(getthreadpri.o)
 .bss           0x00000000800990d4        0x0 /usr/lib/n64/libultra_d.a(setthreadpri.o)
 .bss           0x00000000800990d4        0x0 /usr/lib/n64/libultra_d.a(startthread.o)
 .bss           0x00000000800990d4        0x8 /usr/lib/n64/libultra_d.a(thread.o)
                0x00000000800990d4                __osRunningThread
                0x00000000800990d8                __osFaultedThread
 .bss           0x00000000800990dc        0x0 /usr/lib/n64/libultra_d.a(syncprintf.o)
 .bss           0x00000000800990dc        0x0 /usr/lib/n64/libultra_d.a(xprintf.o)
 .bss           0x00000000800990dc        0x0 /usr/lib/n64/libultra_d.a(createmesgqueue.o)
 .bss           0x00000000800990dc        0x0 /usr/lib/n64/libultra_d.a(jammesg.o)
 .bss           0x00000000800990dc        0x0 /usr/lib/n64/libultra_d.a(recvmesg.o)
 .bss           0x00000000800990dc        0x0 /usr/lib/n64/libultra_d.a(sendmesg.o)
 *fill*         0x00000000800990dc        0x4 
 .bss           0x00000000800990e0       0xbc /usr/lib/n64/libultra_d.a(seteventmesg.o)
                0x00000000800990e0                __osEventStateTab
                0x0000000080099198                __osPreNMI
 .bss           0x000000008009919c        0x0 /usr/lib/n64/libultra_d.a(rdbsend.o)
 .bss           0x000000008009919c        0x0 /usr/lib/n64/libultra_d.a(virtualtophysical.o)
 .bss           0x000000008009919c        0x0 /usr/lib/n64/libultra_d.a(visetmode.o)
 .bss           0x000000008009919c        0x0 /usr/lib/n64/libultra_d.a(visetspecial.o)
 .bss           0x000000008009919c        0x0 /usr/lib/n64/libultra_d.a(vitbl.o)
 .bss           0x000000008009919c        0x0 /usr/lib/n64/libultra_d.a(sirawread.o)
 .bss           0x000000008009919c        0x0 /usr/lib/n64/libultra_d.a(sirawwrite.o)
 .bss           0x000000008009919c        0x0 /usr/lib/n64/libultra_d.a(cosf.o)
 .bss           0x000000008009919c        0x0 /usr/lib/n64/libultra_d.a(lookat.o)
 .bss           0x000000008009919c        0x0 /usr/lib/n64/libultra_d.a(mtxutil.o)
 .bss           0x000000008009919c        0x0 /usr/lib/n64/libultra_d.a(perspective.o)
 .bss           0x000000008009919c        0x0 /usr/lib/n64/libultra_d.a(sinf.o)
 .bss           0x000000008009919c        0x0 /usr/lib/n64/libultra_d.a(bnkf.o)
 .bss           0x000000008009919c        0x0 /usr/lib/n64/libultra_d.a(heapalloc.o)
 .bss           0x000000008009919c        0x0 /usr/lib/n64/libultra_d.a(heapinit.o)
 .bss           0x000000008009919c        0x0 /usr/lib/n64/libultra_d.a(seq.o)
 .bss           0x000000008009919c        0x0 /usr/lib/n64/libultra_d.a(seqplayer.o)
 .bss           0x000000008009919c        0x0 /usr/lib/n64/libultra_d.a(seqploop.o)
 .bss           0x000000008009919c        0x0 /usr/lib/n64/libultra_d.a(seqpplay.o)
 .bss           0x000000008009919c        0x0 /usr/lib/n64/libultra_d.a(seqpsetbank.o)
 .bss           0x000000008009919c        0x0 /usr/lib/n64/libultra_d.a(seqpsetseq.o)
 .bss           0x000000008009919c        0x4 /usr/lib/n64/libultra_d.a(sl.o)
                0x000000008009919c                alGlobals
 .bss           0x00000000800991a0        0x0 /usr/lib/n64/libultra_d.a(synaddplayer.o)
 .bss           0x00000000800991a0        0x0 /usr/lib/n64/libultra_d.a(synallocvoice.o)
 .bss           0x00000000800991a0        0x0 /usr/lib/n64/libultra_d.a(syndelete.o)
 .bss           0x00000000800991a0        0x0 /usr/lib/n64/libultra_d.a(synfreevoice.o)
 .bss           0x00000000800991a0        0x0 /usr/lib/n64/libultra_d.a(synsetfxmix.o)
 .bss           0x00000000800991a0        0x0 /usr/lib/n64/libultra_d.a(synsetpan.o)
 .bss           0x00000000800991a0        0x0 /usr/lib/n64/libultra_d.a(synsetpitch.o)
 .bss           0x00000000800991a0        0x0 /usr/lib/n64/libultra_d.a(synsetpriority.o)
 .bss           0x00000000800991a0        0x0 /usr/lib/n64/libultra_d.a(synsetvol.o)
 .bss           0x00000000800991a0        0x0 /usr/lib/n64/libultra_d.a(synstartvoiceparam.o)
 .bss           0x00000000800991a0        0x0 /usr/lib/n64/libultra_d.a(synstopvoice.o)
 .bss           0x00000000800991a0        0x0 /usr/lib/n64/libultra_d.a(synthesizer.o)
 .bss           0x00000000800991a0        0x0 /usr/lib/n64/libultra_d.a(aigetlen.o)
 .bss           0x00000000800991a0        0x0 /usr/lib/n64/libultra_d.a(aisetfreq.o)
 .bss           0x00000000800991a0        0x1 /usr/lib/n64/libultra_d.a(aisetnextbuf.o)
 .bss           0x00000000800991a1        0x0 /usr/lib/n64/libultra_d.a(contreaddata.o)
 *fill*         0x00000000800991a1        0xf 
 .bss           0x00000000800991b0       0x94 /usr/lib/n64/libultra_d.a(controller.o)
                0x00000000800991b0                __osContinitialized
                0x00000000800991c0                __osContPifRam
                0x0000000080099200                __osContLastCmd
                0x0000000080099201                __osMaxControllers
                0x0000000080099208                __osEepromTimer
                0x0000000080099228                __osEepromTimerQ
                0x0000000080099240                __osEepromTimerMsg
 .bss           0x0000000080099244        0xc /usr/lib/n64/libultra_d.a(sched.o)
 .bss           0x0000000080099250        0x0 /usr/lib/n64/libultra_d.a(parameters.o)
 .bss           0x0000000080099250        0x0 /usr/lib/n64/libultra_d.a(errorasm.o)
 .bss           0x0000000080099250        0x0 /usr/lib/n64/libultra_d.a(exceptasm.o)
 .bss           0x0000000080099250        0x0 /usr/lib/n64/libultra_d.a(interrupt.o)
 .bss           0x0000000080099250        0x0 /usr/lib/n64/libultra_d.a(setintmask.o)
 .bss           0x0000000080099250        0x0 /usr/lib/n64/libultra_d.a(monutil.o)
 .bss           0x0000000080099250        0x0 /usr/lib/n64/libultra_d.a(normalize.o)
 .bss           0x0000000080099250        0x0 /usr/lib/n64/libultra_d.a(scale.o)
 .bss           0x0000000080099250        0x0 /usr/lib/n64/libultra_d.a(translate.o)
 .bss           0x0000000080099250        0x0 /usr/lib/n64/libultra_d.a(maptlbrdb.o)
 .bss           0x0000000080099250        0x0 /usr/lib/n64/libultra_d.a(probetlb.o)
 .bss           0x0000000080099250        0x0 /usr/lib/n64/libultra_d.a(unmaptlball.o)
 .bss           0x0000000080099250        0x0 /usr/lib/n64/libultra_d.a(getcause.o)
 .bss           0x0000000080099250        0x0 /usr/lib/n64/libultra_d.a(getsr.o)
 .bss           0x0000000080099250        0x0 /usr/lib/n64/libultra_d.a(setfpccsr.o)
 .bss           0x0000000080099250        0x0 /usr/lib/n64/libultra_d.a(setsr.o)
 .bss           0x0000000080099250        0x0 /usr/lib/n64/libultra_d.a(setwatchlo.o)
 .bss           0x0000000080099250        0x0 /usr/lib/n64/libultra_d.a(bzero.o)
 .bss           0x0000000080099250        0x0 /usr/lib/n64/libultra_d.a(libm_vals.o)
 .bss           0x0000000080099250        0x0 /usr/lib/n64/libultra_d.a(sqrtf.o)
 .bss           0x0000000080099250        0x0 /usr/lib/n64/libultra_d.a(invaldcache.o)
 .bss           0x0000000080099250        0x0 /usr/lib/n64/libultra_d.a(invalicache.o)
 .bss           0x0000000080099250        0x0 /usr/lib/n64/libultra_d.a(writebackdcacheall.o)
 .bss           0x0000000080099250        0x0 /usr/lib/n64/libultra_d.a(writebackdcache.o)
 .bss           0x0000000080099250        0x1 /usr/lib/n64/libultra_d.a(commonerror.o)
                0x0000000080099250                NULSTR
 .bss           0x0000000080099251        0x0 /usr/lib/n64/libultra_d.a(devmgr.o)
 .bss           0x0000000080099251        0x0 /usr/lib/n64/libultra_d.a(epirawdma.o)
 .bss           0x0000000080099251        0x0 /usr/lib/n64/libultra_d.a(epirawread.o)
 .bss           0x0000000080099251        0x0 /usr/lib/n64/libultra_d.a(epirawwrite.o)
 .bss           0x0000000080099251        0x0 /usr/lib/n64/libultra_d.a(epiread.o)
 .bss           0x0000000080099251        0x0 /usr/lib/n64/libultra_d.a(epiwrite.o)
 .bss           0x0000000080099251        0x0 /usr/lib/n64/libultra_d.a(resetglobalintmask.o)
 .bss           0x0000000080099251        0x0 /usr/lib/n64/libultra_d.a(setglobalintmask.o)
 .bss           0x0000000080099251        0x0 /usr/lib/n64/libultra_d.a(assert.o)
 *fill*         0x0000000080099251        0x7 
 .bss           0x0000000080099258      0x1c0 /usr/lib/n64/libultra_d.a(kdebugserver.o)
                0x0000000080099258                __osThreadSave
 *fill*         0x0000000080099418        0x8 
 .bss           0x0000000080099420      0xc14 /usr/lib/n64/libultra_d.a(threadprofile.o)
                0x0000000080099420                __osThprofFlag
                0x0000000080099424                __osThprofFunc
                0x0000000080099428                __osThprofLastTimer
                0x000000008009942c                __osThprofCount
                0x0000000080099430                thprof
                0x0000000080099830                __osThprofHeap
                0x000000008009a030                __osThprofStack
 .bss           0x000000008009a034        0x0 /usr/lib/n64/libultra_d.a(destroythread.o)
 .bss           0x000000008009a034        0x0 /usr/lib/n64/libultra_d.a(yieldthread.o)
 *fill*         0x000000008009a034        0x4 
 .bss           0x000000008009a038       0x40 /usr/lib/n64/libultra_d.a(sptask.o)
 .bss           0x000000008009a078        0x0 /usr/lib/n64/libultra_d.a(sptaskyield.o)
 .bss           0x000000008009a078        0x0 /usr/lib/n64/libultra_d.a(sptaskyielded.o)
 .bss           0x000000008009a078        0x0 /usr/lib/n64/libultra_d.a(string.o)
 .bss           0x000000008009a078        0x0 /usr/lib/n64/libultra_d.a(xldtob.o)
 .bss           0x000000008009a078        0x0 /usr/lib/n64/libultra_d.a(xlitob.o)
 .bss           0x000000008009a078       0x14 /usr/lib/n64/libultra_d.a(initrdb.o)
                0x000000008009a078                __osRdb_IP6_Data
                0x000000008009a07c                __osRdb_IP6_Size
                0x000000008009a080                __osRdb_IP6_Ct
                0x000000008009a084                __osRdb_IP6_CurWrite
                0x000000008009a088                __osRdb_IP6_CurSend
 *fill*         0x000000008009a08c        0x4 
 .bss           0x000000008009a090       0x2c /usr/lib/n64/libultra_d.a(readhost.o)
                0x000000008009a090                __osRdb_Read_Data_Buf
                0x000000008009a094                __osRdb_Read_Data_Ct
 .bss           0x000000008009a0bc        0x0 /usr/lib/n64/libultra_d.a(viblack.o)
 *fill*         0x000000008009a0bc        0x4 
 .bss           0x000000008009a0c0       0x60 /usr/lib/n64/libultra_d.a(vi.o)
 .bss           0x000000008009a120        0x0 /usr/lib/n64/libultra_d.a(vigetcurrframebuf.o)
 .bss           0x000000008009a120        0x0 /usr/lib/n64/libultra_d.a(vigetnextframebuf.o)
 .bss           0x000000008009a120     0x1232 /usr/lib/n64/libultra_d.a(vimgr.o)
                0x000000008009a120                __osViDevMgr
                0x000000008009a13c                __additional_scanline
 .bss           0x000000008009b352        0x0 /usr/lib/n64/libultra_d.a(visetevent.o)
 .bss           0x000000008009b352        0x0 /usr/lib/n64/libultra_d.a(viswapbuf.o)
 .bss           0x000000008009b352        0x0 /usr/lib/n64/libultra_d.a(viswapcontext.o)
 .bss           0x000000008009b352        0x0 /usr/lib/n64/libultra_d.a(gettime.o)
 .bss           0x000000008009b352        0x0 /usr/lib/n64/libultra_d.a(settimer.o)
 *fill*         0x000000008009b352        0x6 
 .bss           0x000000008009b358       0x5c /usr/lib/n64/libultra_d.a(timerintr.o)
                0x000000008009b358                __osCurrentTime
                0x000000008009b360                __osBaseCounter
                0x000000008009b364                __osViIntrCount
                0x000000008009b368                __osTimerCounter
                0x000000008009b370                __osBaseTimer
                0x000000008009b390                __osProfTimerQ
                0x000000008009b3a8                __osProfileList
                0x000000008009b3ac                __osProfileListEnd
                0x000000008009b3b0                __osProfileOverflowBin
 *fill*         0x000000008009b3b4        0x4 
 .bss           0x000000008009b3b8       0x24 /usr/lib/n64/libultra_d.a(siacs.o)
                0x000000008009b3b8                __osSiAccessQueue
                0x000000008009b3d0                __osSiAccessQueueEnabled
 .bss           0x000000008009b3dc        0x0 /usr/lib/n64/libultra_d.a(si.o)
 .bss           0x000000008009b3dc        0x0 /usr/lib/n64/libultra_d.a(sirawdma.o)
 .bss           0x000000008009b3dc        0x0 /usr/lib/n64/libultra_d.a(auxbus.o)
 .bss           0x000000008009b3dc        0x0 /usr/lib/n64/libultra_d.a(cents2ratio.o)
 .bss           0x000000008009b3dc       0x28 /usr/lib/n64/libultra_d.a(drvrNew.o)
 .bss           0x000000008009b404        0x0 /usr/lib/n64/libultra_d.a(env.o)
 .bss           0x000000008009b404        0x0 /usr/lib/n64/libultra_d.a(event.o)
 .bss           0x000000008009b404        0x0 /usr/lib/n64/libultra_d.a(filter.o)
 .bss           0x000000008009b404        0x0 /usr/lib/n64/libultra_d.a(load.o)
 .bss           0x000000008009b404        0x0 /usr/lib/n64/libultra_d.a(mainbus.o)
 .bss           0x000000008009b404        0x0 /usr/lib/n64/libultra_d.a(resample.o)
 .bss           0x000000008009b404        0x8 /usr/lib/n64/libultra_d.a(reverb.o)
 .bss           0x000000008009b40c        0x0 /usr/lib/n64/libultra_d.a(save.o)
 .bss           0x000000008009b40c        0x0 /usr/lib/n64/libultra_d.a(synallocfx.o)
 .bss           0x000000008009b40c        0x0 /usr/lib/n64/libultra_d.a(vimodempallan1.o)
 .bss           0x000000008009b40c        0x0 /usr/lib/n64/libultra_d.a(vimodentsclan1.o)
 .bss           0x000000008009b40c        0x0 /usr/lib/n64/libultra_d.a(vimodepallan1.o)
 .bss           0x000000008009b40c        0x0 /usr/lib/n64/libultra_d.a(ai.o)
 .bss           0x000000008009b40c        0x0 /usr/lib/n64/libultra_d.a(dpsetnextbuf.o)
 *fill*         0x000000008009b40c        0x4 
 .bss           0x000000008009b410      0x82c /usr/lib/n64/libultra_d.a(rmonsio.o)
                0x000000008009b410                __osRdb_DbgRead_Buf
                0x000000008009b420                rmonRdbReadBuf
 .bss           0x000000008009bc3c        0x0 /usr/lib/n64/libultra_d.a(getcount.o)
 .bss           0x000000008009bc3c        0x0 /usr/lib/n64/libultra_d.a(setcompare.o)
 .bss           0x000000008009bc3c        0x0 /usr/lib/n64/libultra_d.a(assertbreak.o)
 .bss           0x000000008009bc3c        0x0 /usr/lib/n64/libultra_d.a(bcopy.o)
 .bss           0x000000008009bc3c        0x0 /usr/lib/n64/libultra_d.a(sp.o)
 .bss           0x000000008009bc3c        0x0 /usr/lib/n64/libultra_d.a(spgetstat.o)
 .bss           0x000000008009bc3c        0x0 /usr/lib/n64/libultra_d.a(sprawdma.o)
 .bss           0x000000008009bc3c        0x0 /usr/lib/n64/libultra_d.a(spsetpc.o)
 .bss           0x000000008009bc3c        0x0 /usr/lib/n64/libultra_d.a(spsetstat.o)
 .bss           0x000000008009bc3c        0x0 /usr/lib/n64/libultra_d.a(ldiv.o)
 .bss           0x000000008009bc3c        0x0 /usr/lib/n64/libultra_d.a(vigetcurrcontext.o)
 .bss           0x000000008009bc3c        0x0 /usr/lib/n64/libultra_d.a(copy.o)
 .bss           0x000000008009bc3c        0x0 /usr/lib/n64/libultra_d.a(dp.o)
 .bss           0x000000008009bc3c        0x0 /usr/lib/n64/libultra_d.a(rmoncmds.o)
 *fill*         0x000000008009bc3c        0x4 
 .bss           0x000000008009bc40      0x47c /usr/lib/n64/libultra_d.a(rmonmain.o)
                0x000000008009bc40                __rmonActive
 *fill*         0x000000008009c0bc        0x4 
 .bss           0x000000008009c0c0      0x100 /usr/lib/n64/libultra_d.a(rmonmem.o)
                0x000000008009c0c0                __rmonUtilityBuffer
 .bss           0x000000008009c1c0     0x4228 /usr/lib/n64/libultra_d.a(rmonmisc.o)
                0x000000008009c1c0                __rmonMQ
 .bss           0x00000000800a03e8       0x18 /usr/lib/n64/libultra_d.a(rmonregs.o)
 .bss           0x00000000800a0400        0x0 /usr/lib/n64/libultra_d.a(rmontask.o)
 .bss           0x00000000800a0400        0x0 /usr/lib/n64/libultra_d.a(rmonrcp.o)
 .bss           0x00000000800a0400        0x0 /usr/lib/n64/libultra_d.a(getactivequeue.o)
 .bss           0x00000000800a0400        0x0 /usr/lib/n64/libultra_d.a(stopthread.o)
 .bss           0x00000000800a0400        0x0 /usr/lib/n64/libultra_d.a(sprawread.o)
 .bss           0x00000000800a0400        0x0 /usr/lib/n64/libultra_d.a(sprawwrite.o)
 .bss           0x00000000800a0400      0x110 /usr/lib/n64/libultra_d.a(rmonbrk.o)
                0x00000000800a0400                __rmonRcpAtBreak
                0x00000000800a0510                _codeSegmentBssEnd = ALIGN ((ADDR (.code.noload) + SIZEOF (.code.noload)), 0x10)
                0x0000000000078df0                _codeSegmentBssSize = (_codeSegmentBssEnd - _codeSegmentBssStart)
                0x00000000800a0510                . = _codeSegmentBssEnd
                0x00000000800a0510                _gfxdlistsSegmentBssStart = ADDR (.gfxdlists.noload)

.gfxdlists.noload
                0x00000000800a0510     0xbb80 load address 0x00000000000a1110
 build/src/buffers/gfxdlists.o(.bss*)
 .bss           0x00000000800a0510     0xbb80 build/src/buffers/gfxdlists.o
                0x00000000800a0510                gfxDLBuf
                0x00000000800ac090                _gfxdlistsSegmentBssEnd = ALIGN ((ADDR (.gfxdlists.noload) + SIZEOF (.gfxdlists.noload)), 0x10)
                0x000000000000bb80                _gfxdlistsSegmentBssSize = (_gfxdlistsSegmentBssEnd - _gfxdlistsSegmentBssStart)
                0x00000000800ac090                . = _gfxdlistsSegmentBssEnd
                0x0000000001000000                _staticSegmentStart = ADDR (.static)
                0x0000000000028320                _staticSegmentRomStart = __romPos

.static         0x0000000001000000     0xb950 load address 0x0000000000028320
 build/assets/gfxinit.o(.data)
 .data          0x0000000001000000      0x138 build/assets/gfxinit.o
                0x0000000001000000                setup_rspstate
                0x0000000001000028                setup_rdpstate
                0x0000000001000040                rdpstateinit_dl
 build/assets/gfxstatic.o(.data)
 .data          0x0000000001000138     0xb818 build/assets/gfxstatic.o
                0x0000000001000138                bg_dl
                0x00000000010001c0                logo_dl
                0x000000000100b950                _staticSegmentEnd = ALIGN ((ADDR (.static) + SIZEOF (.static)), 0x10)
                0x0000000000033c70                _staticSegmentRomEnd = ((_staticSegmentEnd - _staticSegmentStart) + _staticSegmentRomStart)
                0x00000000002e6c40                __romPos = _staticSegmentRomEnd
                0x000000000100b950                . = _staticSegmentEnd
                0x0000000002000000                _dynamicSegmentStart = ADDR (.dynamic)
                0x0000000000033c70                _dynamicSegmentRomStart = __romPos

.dynamic        0x0000000002000000        0x0 load address 0x0000000000033c70
 build/src/buffers/gfxdynamic.o(.data)
 .data          0x0000000002000000        0x0 build/src/buffers/gfxdynamic.o
                0x0000000002000000                _dynamicSegmentEnd = ALIGN ((ADDR (.dynamic) + SIZEOF (.dynamic)), 0x10)
                0x0000000000033c70                _dynamicSegmentRomEnd = ((_dynamicSegmentEnd - _dynamicSegmentStart) + _dynamicSegmentRomStart)
                0x00000000002e6c40                __romPos = _dynamicSegmentRomEnd
                0x0000000002000000                . = _dynamicSegmentEnd
                0x0000000000033c70                _sound_dataSegmentStart = ADDR (.sound_data)
                0x0000000000033c70                _sound_dataSegmentRomStart = __romPos

.sound_data     0x0000000000033c70   0x2b2fd0
 build/assets/sound_data.o(.data)
 .data          0x0000000000033c70   0x2b2fd0 build/assets/sound_data.o
                0x0000000000033c70                _tableSegmentRomStart
                0x00000000002d54d0                _tableSegmentRomEnd
                0x00000000002d54d0                _bankSegmentRomStart
                0x00000000002e2e90                _seqSegmentRomStart
                0x00000000002e2e90                _bankSegmentRomEnd
                0x00000000002e6c40                _seqSegmentRomEnd