Archive member included to satisfy reference by file (symbol)

/usr/lib/n64/libultra_d.a(initialize.o)
                              build/src/main/simple.o (osInitialize)
/usr/lib/n64/libultra_d.a(cartrominit.o)
                              build/src/main/simple.o (osCartRomInit)
/usr/lib/n64/libultra_d.a(epidma.o)
                              build/src/main/audiomgr.o (osEPiStartDma)
/usr/lib/n64/libultra_d.a(piacs.o)
                              /usr/lib/n64/libultra_d.a(cartrominit.o) (__osPiGetAccess)
/usr/lib/n64/libultra_d.a(pigetcmdq.o)
                              /usr/lib/n64/libultra_d.a(epidma.o) (osPiGetCmdQueue)
/usr/lib/n64/libultra_d.a(pimgr.o)
                              /usr/lib/n64/libultra_d.a(epidma.o) (__osPiDevMgr)
/usr/lib/n64/libultra_d.a(pirawdma.o)
                              /usr/lib/n64/libultra_d.a(pimgr.o) (__osPiRawStartDma)
/usr/lib/n64/libultra_d.a(initialize_isv.o)
                              /usr/lib/n64/libultra_d.a(initialize.o) (gISVDbgPrnAdrs)
/usr/lib/n64/libultra_d.a(rotate.o)
                              build/src/main/gfx.o (guRotate)
/usr/lib/n64/libultra_d.a(createthread.o)
                              build/src/main/audiomgr.o (osCreateThread)
/usr/lib/n64/libultra_d.a(getthreadpri.o)
                              /usr/lib/n64/libultra_d.a(pimgr.o) (osGetThreadPri)
/usr/lib/n64/libultra_d.a(setthreadpri.o)
                              build/src/main/simple.o (osSetThreadPri)
/usr/lib/n64/libultra_d.a(startthread.o)
                              build/src/main/audiomgr.o (osStartThread)
/usr/lib/n64/libultra_d.a(thread.o)
                              /usr/lib/n64/libultra_d.a(setthreadpri.o) (__osRunQueue)
/usr/lib/n64/libultra_d.a(syncprintf.o)
                              build/src/main/collision.o (osSyncPrintf)
/usr/lib/n64/libultra_d.a(xprintf.o)
                              /usr/lib/n64/libultra_d.a(syncprintf.o) (_Printf)
/usr/lib/n64/libultra_d.a(createmesgqueue.o)
                              build/src/main/audiomgr.o (osCreateMesgQueue)
/usr/lib/n64/libultra_d.a(jammesg.o)
                              /usr/lib/n64/libultra_d.a(epidma.o) (osJamMesg)
/usr/lib/n64/libultra_d.a(recvmesg.o)
                              build/src/main/audiomgr.o (osRecvMesg)
/usr/lib/n64/libultra_d.a(sendmesg.o)
                              build/src/main/audiomgr.o (osSendMesg)
/usr/lib/n64/libultra_d.a(seteventmesg.o)
                              build/src/main/controller.o (osSetEventMesg)
/usr/lib/n64/libultra_d.a(rdbsend.o)
                              /usr/lib/n64/libultra_d.a(pimgr.o) (__osRdbSend)
/usr/lib/n64/libultra_d.a(virtualtophysical.o)
                              build/src/main/audiomgr.o (osVirtualToPhysical)
/usr/lib/n64/libultra_d.a(visetmode.o)
                              build/src/main/gfx.o (osViSetMode)
/usr/lib/n64/libultra_d.a(visetspecial.o)
                              build/src/main/gfx.o (osViSetSpecialFeatures)
/usr/lib/n64/libultra_d.a(visetxscale.o)
                              build/src/main/gfx.o (osViSetXScale)
/usr/lib/n64/libultra_d.a(visetyscale.o)
                              build/src/main/gfx.o (osViSetYScale)
/usr/lib/n64/libultra_d.a(vitbl.o)
                              build/src/main/gfx.o (osViModeTable)
/usr/lib/n64/libultra_d.a(sirawread.o)
                              /usr/lib/n64/libultra_d.a(initialize.o) (__osSiRawReadIo)
/usr/lib/n64/libultra_d.a(sirawwrite.o)
                              /usr/lib/n64/libultra_d.a(initialize.o) (__osSiRawWriteIo)
/usr/lib/n64/libultra_d.a(cosf.o)
                              /usr/lib/n64/libultra_d.a(rotate.o) (cosf)
/usr/lib/n64/libultra_d.a(lookat.o)
                              build/src/main/gfx.o (guLookAt)
/usr/lib/n64/libultra_d.a(mtxutil.o)
                              /usr/lib/n64/libultra_d.a(rotate.o) (guMtxF2L)
/usr/lib/n64/libultra_d.a(perspective.o)
                              build/src/main/gfx.o (guPerspective)
/usr/lib/n64/libultra_d.a(sinf.o)
                              /usr/lib/n64/libultra_d.a(rotate.o) (sinf)
/usr/lib/n64/libultra_d.a(bnkf.o)
                              build/src/main/audio.o (alBnkfNew)
/usr/lib/n64/libultra_d.a(heapalloc.o)
                              build/src/main/audio.o (alHeapDBAlloc)
/usr/lib/n64/libultra_d.a(heapinit.o)
                              build/src/main/audio.o (alHeapInit)
/usr/lib/n64/libultra_d.a(seq.o)
                              build/src/main/audio.o (alSeqNew)
/usr/lib/n64/libultra_d.a(seqplayer.o)
                              build/src/main/audio.o (alSeqpNew)
/usr/lib/n64/libultra_d.a(seqploop.o)
                              build/src/main/audio.o (alSeqpLoop)
/usr/lib/n64/libultra_d.a(seqpplay.o)
                              build/src/main/audio.o (alSeqpPlay)
/usr/lib/n64/libultra_d.a(seqpsetbank.o)
                              build/src/main/audio.o (alSeqpSetBank)
/usr/lib/n64/libultra_d.a(seqpsetseq.o)
                              build/src/main/audio.o (alSeqpSetSeq)
[...]
Memory Configuration

Name             Origin             Length             Attributes
*default*        0x0000000000000000 0xffffffffffffffff

Linker script and memory map

                0x00000000003389c0                __romPos = 0x0
                0x0000000004000000                _bootSegmentStart = ADDR (.boot)
                0x0000000000000000                _bootSegmentRomStart = __romPos

.boot           0x0000000004000000     0x1000 load address 0x0000000000000000
 build/asm/rom_header.o(.text)
 .text          0x0000000004000000       0x40 build/asm/rom_header.o
 build/boot.6102.o(.data)
 .data          0x0000000004000040      0xfc0 build/boot.6102.o
                0x0000000004000040                _binary__usr_lib_n64_PR_bootcode_boot_6102_start
                0x0000000004001000                _binary__usr_lib_n64_PR_bootcode_boot_6102_end
                0x0000000004001000                _bootSegmentEnd = ALIGN ((ADDR (.boot) + SIZEOF (.boot)), 0x10)
                0x0000000000001000                _bootSegmentRomEnd = ((_bootSegmentEnd - _bootSegmentStart) + _bootSegmentRomStart)
                0x00000000003389c0                __romPos = _bootSegmentRomEnd
                0x0000000004001000                . = _bootSegmentEnd
                0x0000000080000400                _codeSegmentStart = ADDR (.code)
                0x0000000000001000                _codeSegmentRomStart = __romPos

.code           0x0000000080000400    0x2e280 load address 0x0000000000001000
 build/asm/entry.o(.start)
 .start         0x0000000080000400       0x3c build/asm/entry.o
                0x0000000080000400                __start
 build/src/main*.o(.text)
 *fill*         0x000000008000043c        0x4 
 .text          0x0000000080000440      0x2b8 build/src/main/audio.o
                0x0000000080000440                initAudio
                0x0000000080000584                StartMusic
                0x00000000800006b8                StopMusic
 *fill*         0x00000000800006f8        0x8 
 .text          0x0000000080000700      0x814 build/src/main/audiomgr.o
                0x0000000080000c38                amCreateAudioMgr
 *fill*         0x0000000080000f14        0xc 
 .text          0x0000000080000f20        0x8 build/src/main/blank.o
                0x0000000080000f20                blank
 *fill*         0x0000000080000f28        0x8 
 .text          0x0000000080000f30      0xff4 build/src/main/collision.o
                0x0000000080000f30                LoadCache
                0x0000000080000fec                SaveNormal
                0x0000000080001148                SaveAxis
                0x000000008000125c                Save1Triangle
                0x000000008000138c                Save2Triangle
                0x0000000080001828                BuildCollisionBuffer
                0x000000008000191c                CheckXZ
                0x0000000080001a50                CheckXY
                0x0000000080001b84                CheckYZ
                0x0000000080001cb8                CollisionCheck
 *fill*         0x0000000080001f24        0xc 
 .text          0x0000000080001f30      0x170 build/src/main/controller.o
                0x0000000080001f30                initCntrl
                0x0000000080001fd8                UpdateController
 .text          0x00000000800020a0      0x8e4 build/src/main/gfx.o
                0x00000000800020a0                initGFX
                0x000000008000210c                DrawLevelScene
                0x0000000080002444                DrawMenu
                0x00000000800025e4                createGfxTask
                0x0000000080002954                DrawScene
 *fill*         0x0000000080002984        0xc 
 .text          0x0000000080002990        0x0 build/src/main/gfxrdpfifo.o
 .text          0x0000000080002990        0x0 build/src/main/gfxstack.o
 .text          0x0000000080002990        0x0 build/src/main/gfxyield.o
 .text          0x0000000080002990      0x16c build/src/main/levels.o
                0x0000000080002990                LoadHeader
                0x0000000080002a2c                LoadLevelData
 *fill*         0x0000000080002afc        0x4 
 .text          0x0000000080002b00      0x3f4 build/src/main/math.o
                0x0000000080002b00                sint
                0x0000000080002b1c                cost
                0x0000000080002b38                TransformMatrix
                0x0000000080002dc4                AlignZVector
                0x0000000080002e24                AlignXVector
                0x0000000080002e84                AlignYVector
 *fill*         0x0000000080002ef4        0xc 
 .text          0x0000000080002f00      0x11c build/src/main/memory.o
                0x0000000080002f00                SetSegment
                0x0000000080002f24                GetRealAddress
                0x0000000080002f58                StoreRSPSegments
                0x0000000080002fa8                DecompressData
 *fill*         0x000000008000301c        0x4 
 .text          0x0000000080003020      0x4e0 build/src/main/player.o
                0x0000000080003020                initPlayer
                0x00000000800030e0                initAllPlayers
                0x0000000080003110                UpdatePlayerControls
                0x00000000800034bc                UpdateMenuControls
 .text          0x0000000080003500      0x3c0 build/src/main/simple.o
                0x00000000800037c0                boot
                0x0000000080003834                LoadDMA
 */libultra_d.a:*.o(.text)
 .text          0x00000000800038c0      0x4a8 /usr/lib/n64/libultra_d.a(initialize.o)
                0x00000000800038c0                __createSpeedParam
                0x00000000800039e4                osInitialize
                0x0000000080003d08                osInitialize_isv
 *fill*         0x0000000080003d68        0x8 
 .text          0x0000000080003d70      0x264 /usr/lib/n64/libultra_d.a(cartrominit.o)
                0x0000000080003d70                osCartRomInit
 *fill*         0x0000000080003fd4        0xc 
 .text          0x0000000080003fe0      0x290 /usr/lib/n64/libultra_d.a(epidma.o)
                0x0000000080003fe0                osEPiStartDma
 .text          0x0000000080004270      0x110 /usr/lib/n64/libultra_d.a(piacs.o)
                0x0000000080004270                __osPiCreateAccessQueue
                0x00000000800042dc                __osPiGetAccess
                0x000000008000433c                __osPiRelAccess
 .text          0x0000000080004380       0x48 /usr/lib/n64/libultra_d.a(pigetcmdq.o)
                0x0000000080004380                osPiGetCmdQueue
 *fill*         0x00000000800043c8        0x8 
 .text          0x00000000800043d0      0x380 /usr/lib/n64/libultra_d.a(pimgr.o)
                0x00000000800043d0                osCreatePiManager
 .text          0x0000000080004750      0x228 /usr/lib/n64/libultra_d.a(pirawdma.o)
                0x0000000080004750                __osPiRawStartDma
 *fill*         0x0000000080004978        0x8 
 .text          0x0000000080004980      0x5d4 /usr/lib/n64/libultra_d.a(initialize_isv.o)
                0x0000000080004980                isPrintfInit
                0x0000000080004d28                __checkHardware_isv
                0x0000000080004dbc                __osInitialize_isv
 *fill*         0x0000000080004f54        0xc 
 .text          0x0000000080004f60      0x2d4 /usr/lib/n64/libultra_d.a(rotate.o)
                0x0000000080004f60                guRotateF
                0x00000000800051c0                guRotate
 *fill*         0x0000000080005234        0xc 
 .text          0x0000000080005240      0x218 /usr/lib/n64/libultra_d.a(createthread.o)
                0x0000000080005240                osCreateThread
 *fill*         0x0000000080005458        0x8 
 .text          0x0000000080005460       0x44 /usr/lib/n64/libultra_d.a(getthreadpri.o)
                0x0000000080005460                osGetThreadPri
 *fill*         0x00000000800054a4        0xc 
 .text          0x00000000800054b0      0x15c /usr/lib/n64/libultra_d.a(setthreadpri.o)
                0x00000000800054b0                osSetThreadPri
 *fill*         0x000000008000560c        0x4 
 .text          0x0000000080005610      0x1c0 /usr/lib/n64/libultra_d.a(startthread.o)
                0x0000000080005610                osStartThread
 .text          0x00000000800057d0       0x74 /usr/lib/n64/libultra_d.a(thread.o)
                0x00000000800057d0                __osDequeueThread
 *fill*         0x0000000080005844        0xc 
 .text          0x0000000080005850      0x13c /usr/lib/n64/libultra_d.a(syncprintf.o)
                0x0000000080005850                __osSyncVPrintf
                0x00000000800058b8                osSyncPrintf
                0x0000000080005910                rmonPrintf
 *fill*         0x000000008000598c        0x4 
 .text          0x0000000080005990     0x121c /usr/lib/n64/libultra_d.a(xprintf.o)
                0x0000000080005990                _Printf
 *fill*         0x0000000080006bac        0x4 
 .text          0x0000000080006bb0       0xa4 /usr/lib/n64/libultra_d.a(createmesgqueue.o)
                0x0000000080006bb0                osCreateMesgQueue
 *fill*         0x0000000080006c54        0xc 
 .text          0x0000000080006c60      0x1a4 /usr/lib/n64/libultra_d.a(jammesg.o)
                0x0000000080006c60                osJamMesg
 *fill*         0x0000000080006e04        0xc 
 .text          0x0000000080006e10      0x190 /usr/lib/n64/libultra_d.a(recvmesg.o)
                0x0000000080006e10                osRecvMesg
 .text          0x0000000080006fa0      0x194 /usr/lib/n64/libultra_d.a(sendmesg.o)
                0x0000000080006fa0                osSendMesg
 *fill*         0x0000000080007134        0xc 
 .text          0x0000000080007140      0x100 /usr/lib/n64/libultra_d.a(seteventmesg.o)
                0x0000000080007140                osSetEventMesg
 .text          0x0000000080007240      0x2f4 /usr/lib/n64/libultra_d.a(rdbsend.o)
                0x0000000080007240                __osRdbSend
 *fill*         0x0000000080007534        0xc 
 .text          0x0000000080007540       0xb0 /usr/lib/n64/libultra_d.a(virtualtophysical.o)
                0x0000000080007540                osVirtualToPhysical
 .text          0x00000000800075f0       0xd0 /usr/lib/n64/libultra_d.a(visetmode.o)
                0x00000000800075f0                osViSetMode
 .text          0x00000000800076c0      0x28c /usr/lib/n64/libultra_d.a(visetspecial.o)
                0x00000000800076c0                osViSetSpecialFeatures
 *fill*         0x000000008000794c        0x4 
 .text          0x0000000080007950      0x1bc /usr/lib/n64/libultra_d.a(visetxscale.o)
                0x0000000080007950                osViSetXScale
 *fill*         0x0000000080007b0c        0x4 
 .text          0x0000000080007b10      0x128 /usr/lib/n64/libultra_d.a(visetyscale.o)
                0x0000000080007b10                osViSetYScale
 *fill*         0x0000000080007c38        0x8 
 .text          0x0000000080007c40        0x0 /usr/lib/n64/libultra_d.a(vitbl.o)
 .text          0x0000000080007c40       0xbc /usr/lib/n64/libultra_d.a(sirawread.o)
                0x0000000080007c40                __osSiRawReadIo
 *fill*         0x0000000080007cfc        0x4 
 .text          0x0000000080007d00       0x94 /usr/lib/n64/libultra_d.a(sirawwrite.o)
                0x0000000080007d00                __osSiRawWriteIo
 *fill*         0x0000000080007d94        0xc 
 .text          0x0000000080007da0      0x24c /usr/lib/n64/libultra_d.a(cosf.o)
                0x0000000080007da0                fcos
                0x0000000080007da0                cosf
                0x0000000080007da0                __cosf
 *fill*         0x0000000080007fec        0x4 
 .text          0x0000000080007ff0      0x4b4 /usr/lib/n64/libultra_d.a(lookat.o)
                0x0000000080007ff0                guLookAtF
                0x0000000080008408                guLookAt
 *fill*         0x00000000800084a4        0xc 
 .text          0x00000000800084b0      0x414 /usr/lib/n64/libultra_d.a(mtxutil.o)
                0x00000000800084b0                guMtxF2L
                0x0000000080008618                guMtxL2F
                0x0000000080008794                guMtxIdentF
                0x0000000080008870                guMtxIdent
 *fill*         0x00000000800088c4        0xc 
 .text          0x00000000800088d0      0x320 /usr/lib/n64/libultra_d.a(perspective.o)
                0x00000000800088d0                guPerspectiveF
                0x0000000080008b6c                guPerspective
 .text          0x0000000080008bf0      0x2c0 /usr/lib/n64/libultra_d.a(sinf.o)
                0x0000000080008bf0                fsin
                0x0000000080008bf0                __sinf
                0x0000000080008bf0                sinf
 .text          0x0000000080008eb0      0x5bc /usr/lib/n64/libultra_d.a(bnkf.o)
                0x0000000080008eb0                alSeqFileNew
                0x0000000080008f4c                alBnkfNew
 *fill*         0x000000008000946c        0x4 
 .text          0x0000000080009470      0x16c /usr/lib/n64/libultra_d.a(heapalloc.o)
                0x0000000080009470                alHeapDBAlloc
 *fill*         0x00000000800095dc        0x4 
 .text          0x00000000800095e0       0xa0 /usr/lib/n64/libultra_d.a(heapinit.o)
                0x00000000800095e0                alHeapInit
 .text          0x0000000080009680      0xc0c /usr/lib/n64/libultra_d.a(seq.o)
                0x0000000080009680                alSeqNew
                0x0000000080009858                alSeqNextEvent
                0x0000000080009c14                __alSeqNextDelta
                0x0000000080009cac                alSeqTicksToSec
                0x0000000080009d3c                alSeqSecToTicks
                0x0000000080009df0                alSeqNewMarker
                0x0000000080009f8c                alSeqGetTicks
                0x0000000080009fb8                alSeqSetLoc
                0x000000008000a014                alSeqGetLoc
 *fill*         0x000000008000a28c        0x4 
 .text          0x000000008000a290     0x2c28 /usr/lib/n64/libultra_d.a(seqplayer.o)
                0x000000008000a290                alSeqpNew
                0x000000008000adfc                __postNextSeqEvent
                0x000000008000c010                __mapVoice
                0x000000008000c0f8                __unmapVoice
                0x000000008000c200                __lookupVoice
                0x000000008000c2c4                __lookupSoundQuick
                0x000000008000c4b4                __vsVol
                0x000000008000c598                __vsDelta
                0x000000008000c5f0                __vsPan
                0x000000008000c684                __seqpReleaseVoice
                0x000000008000c830                __voiceNeedsNoteKill
                0x000000008000c960                __initFromBank
                0x000000008000ca6c                __setInstChanState
                0x000000008000cb38                __resetPerfChanState
                0x000000008000cc3c                __initChanState
                0x000000008000cccc                __seqpStopOsc
 *fill*         0x000000008000ceb8        0x8 
 .text          0x000000008000cec0       0x7c /usr/lib/n64/libultra_d.a(seqploop.o)
                0x000000008000cec0                alSeqpLoop
 *fill*         0x000000008000cf3c        0x4 
 .text          0x000000008000cf40       0x58 /usr/lib/n64/libultra_d.a(seqpplay.o)
                0x000000008000cf40                alSeqpPlay
 *fill*         0x000000008000cf98        0x8 
 .text          0x000000008000cfa0       0x64 /usr/lib/n64/libultra_d.a(seqpsetbank.o)
                0x000000008000cfa0                alSeqpSetBank
 *fill*         0x000000008000d004        0xc 
 .text          0x000000008000d010       0x64 /usr/lib/n64/libultra_d.a(seqpsetseq.o)
                0x000000008000d010                alSeqpSetSeq
 *fill*         0x000000008000d074        0xc 
 .text          0x000000008000d080       0x58 /usr/lib/n64/libultra_d.a(seqpstop.o)
                0x000000008000d080                alSeqpStop
 *fill*         0x000000008000d0d8        0x8 
 .text          0x000000008000d0e0      0x1a4 /usr/lib/n64/libultra_d.a(sl.o)
                0x000000008000d0e0                alInit
                0x000000008000d148                alClose
                0x000000008000d1a0                alLink
                0x000000008000d214                alUnlink
 *fill*         0x000000008000d284        0xc 
 .text          0x000000008000d290       0x7c /usr/lib/n64/libultra_d.a(synaddplayer.o)
                0x000000008000d290                alSynAddPlayer
 *fill*         0x000000008000d30c        0x4 
 .text          0x000000008000d310      0x3b8 /usr/lib/n64/libultra_d.a(synallocvoice.o)
                0x000000008000d310                alSynAllocVoice
                0x000000008000d564                _allocatePVoice
 *fill*         0x000000008000d6c8        0x8 
 .text          0x000000008000d6d0       0x30 /usr/lib/n64/libultra_d.a(syndelete.o)
                0x000000008000d6d0                alSynDelete
 .text          0x000000008000d700      0x110 /usr/lib/n64/libultra_d.a(synfreevoice.o)
                0x000000008000d700                alSynFreeVoice
 .text          0x000000008000d810       0xf8 /usr/lib/n64/libultra_d.a(synsetfxmix.o)
                0x000000008000d810                alSynSetFXMix
 *fill*         0x000000008000d908        0x8 
 .text          0x000000008000d910       0xe4 /usr/lib/n64/libultra_d.a(synsetpan.o)
                0x000000008000d910                alSynSetPan
 *fill*         0x000000008000d9f4        0xc 
 .text          0x000000008000da00       0xe0 /usr/lib/n64/libultra_d.a(synsetpitch.o)
                0x000000008000da00                alSynSetPitch
 .text          0x000000008000dae0       0x40 /usr/lib/n64/libultra_d.a(synsetpriority.o)
                0x000000008000dae0                alSynSetPriority
 .text          0x000000008000db20      0x104 /usr/lib/n64/libultra_d.a(synsetvol.o)
                0x000000008000db20                alSynSetVol
 *fill*         0x000000008000dc24        0xc 
 .text          0x000000008000dc30      0x154 /usr/lib/n64/libultra_d.a(synstartvoiceparam.o)
                0x000000008000dc30                alSynStartVoiceParams
 *fill*         0x000000008000dd84        0xc 
 .text          0x000000008000dd90       0xd0 /usr/lib/n64/libultra_d.a(synstopvoice.o)
                0x000000008000dd90                alSynStopVoice
 .text          0x000000008000de60      0xaa0 /usr/lib/n64/libultra_d.a(synthesizer.o)
                0x000000008000de60                alSynNew
                0x000000008000e338                alAudioFrame
                0x000000008000e5b8                __allocParam
                0x000000008000e624                __freeParam
                0x000000008000e674                _collectPVoices
                0x000000008000e6f4                _freePVoice
                0x000000008000e7c4                _timeToSamples
 .text          0x000000008000e900       0x2c /usr/lib/n64/libultra_d.a(aigetlen.o)
                0x000000008000e900                osAiGetLength
 *fill*         0x000000008000e92c        0x4 
 .text          0x000000008000e930      0x278 /usr/lib/n64/libultra_d.a(aisetfreq.o)
                0x000000008000e930                osAiSetFrequency
 *fill*         0x000000008000eba8        0x8 
 .text          0x000000008000ebb0      0x134 /usr/lib/n64/libultra_d.a(aisetnextbuf.o)
                0x000000008000ebb0                osAiSetNextBuffer
 *fill*         0x000000008000ece4        0xc 
 .text          0x000000008000ecf0      0x2d0 /usr/lib/n64/libultra_d.a(contreaddata.o)
                0x000000008000ecf0                osContStartReadData
                0x000000008000eda0                osContGetReadData
 .text          0x000000008000efc0      0x474 /usr/lib/n64/libultra_d.a(controller.o)
                0x000000008000efc0                osContInit
                0x000000008000f1b0                __osContGetInitData
                0x000000008000f304                __osPackRequestData
 *fill*         0x000000008000f434        0xc 
 .text          0x000000008000f440     0x12a4 /usr/lib/n64/libultra_d.a(sched.o)
                0x000000008000f440                osCreateScheduler
                0x000000008000f620                osScAddClient
                0x000000008000f69c                osScRemoveClient
                0x000000008000f770                osScGetCmdQ
                0x000000008000fdec                __scTaskReady
 *fill*         0x00000000800106e4        0xc 
 .text          0x00000000800106f0       0x60 /usr/lib/n64/libultra_d.a(parameters.o)
 .text          0x0000000080010750       0x20 /usr/lib/n64/libultra_d.a(errorasm.o)
                0x0000000080010750                __osError
 .text          0x0000000080010770      0xf00 /usr/lib/n64/libultra_d.a(exceptasm.o)
                0x0000000080010770                __osExceptionPreamble
                0x0000000080010780                __ptExceptionPreamble
                0x00000000800107a0                __ptException
                0x0000000080010844                __osException
                0x0000000080011244                send_mesg
                0x0000000080011304                handle_CpU
                0x000000008001133c                __osEnqueueAndYield
                0x000000008001144c                __osEnqueueThread
                0x0000000080011498                __osPopThread
                0x00000000800114ac                __osNop
                0x00000000800114b4                __osDispatchThread
                0x0000000080011660                __osCleanupThread
 .text          0x0000000080011670       0x8c /usr/lib/n64/libultra_d.a(interrupt.o)
                0x0000000080011670                __osDisableInt
                0x00000000800116e0                __osRestoreInt
 *fill*         0x00000000800116fc        0x4 
 .text          0x0000000080011700       0xa0 /usr/lib/n64/libultra_d.a(setintmask.o)
                0x0000000080011700                osSetIntMask
 .text          0x00000000800117a0      0x180 /usr/lib/n64/libultra_d.a(monutil.o)
                0x00000000800117a0                __isExpJP
                0x00000000800117bc                __isExp
                0x0000000080011900                MonitorInitBreak
 .text          0x0000000080011920       0x60 /usr/lib/n64/libultra_d.a(normalize.o)
                0x0000000080011920                guNormalize
 .text          0x0000000080011980       0xc0 /usr/lib/n64/libultra_d.a(scale.o)
                0x0000000080011980                guScale
 .text          0x0000000080011a40       0xe0 /usr/lib/n64/libultra_d.a(translate.o)
                0x0000000080011a40                guTranslate
 .text          0x0000000080011b20       0x58 /usr/lib/n64/libultra_d.a(maptlbrdb.o)
                0x0000000080011b20                osMapTLBRdb
 *fill*         0x0000000080011b78        0x8 
 .text          0x0000000080011b80       0xb8 /usr/lib/n64/libultra_d.a(probetlb.o)
                0x0000000080011b80                __osProbeTLB
 *fill*         0x0000000080011c38        0x8 
 .text          0x0000000080011c40       0x44 /usr/lib/n64/libultra_d.a(unmaptlball.o)
                0x0000000080011c40                osUnmapTLBAll
 *fill*         0x0000000080011c84        0xc 
 .text          0x0000000080011c90        0xc /usr/lib/n64/libultra_d.a(getcause.o)
                0x0000000080011c90                __osGetCause
 *fill*         0x0000000080011c9c        0x4 
 .text          0x0000000080011ca0        0xc /usr/lib/n64/libultra_d.a(getsr.o)
                0x0000000080011ca0                __osGetSR
 *fill*         0x0000000080011cac        0x4 
 .text          0x0000000080011cb0       0x10 /usr/lib/n64/libultra_d.a(setfpccsr.o)
                0x0000000080011cb0                __osSetFpcCsr
 .text          0x0000000080011cc0       0x10 /usr/lib/n64/libultra_d.a(setsr.o)
                0x0000000080011cc0                __osSetSR
 .text          0x0000000080011cd0       0x10 /usr/lib/n64/libultra_d.a(setwatchlo.o)
                0x0000000080011cd0                __osSetWatchLo
 .text          0x0000000080011ce0       0xb8 /usr/lib/n64/libultra_d.a(bzero.o)
                0x0000000080011ce0                bzero
 *fill*         0x0000000080011d98        0x8 
 .text          0x0000000080011da0        0x0 /usr/lib/n64/libultra_d.a(libm_vals.o)
 .text          0x0000000080011da0        0xc /usr/lib/n64/libultra_d.a(sqrtf.o)
                0x0000000080011da0                sqrtf
 *fill*         0x0000000080011dac        0x4 
 .text          0x0000000080011db0       0xb0 /usr/lib/n64/libultra_d.a(invaldcache.o)
                0x0000000080011db0                osInvalDCache
 .text          0x0000000080011e60       0x74 /usr/lib/n64/libultra_d.a(invalicache.o)
                0x0000000080011e60                osInvalICache
 *fill*         0x0000000080011ed4        0xc 
 .text          0x0000000080011ee0       0x28 /usr/lib/n64/libultra_d.a(writebackdcacheall.o)
                0x0000000080011ee0                osWritebackDCacheAll
 *fill*         0x0000000080011f08        0x8 
 .text          0x0000000080011f10       0x74 /usr/lib/n64/libultra_d.a(writebackdcache.o)
                0x0000000080011f10                osWritebackDCache
 *fill*         0x0000000080011f84        0xc 
 .text          0x0000000080011f90       0xb8 /usr/lib/n64/libultra_d.a(commonerror.o)
 *fill*         0x0000000080012048        0x8 
 .text          0x0000000080012050      0x628 /usr/lib/n64/libultra_d.a(devmgr.o)
                0x0000000080012050                __osDevMgrMain
 *fill*         0x0000000080012678        0x8 
 .text          0x0000000080012680      0x448 /usr/lib/n64/libultra_d.a(epirawdma.o)
                0x0000000080012680                __osEPiRawStartDma
 *fill*         0x0000000080012ac8        0x8 
 .text          0x0000000080012ad0      0x2f4 /usr/lib/n64/libultra_d.a(epirawread.o)
                0x0000000080012ad0                __osEPiRawReadIo
 *fill*         0x0000000080012dc4        0xc 
 .text          0x0000000080012dd0      0x2cc /usr/lib/n64/libultra_d.a(epirawwrite.o)
                0x0000000080012dd0                __osEPiRawWriteIo
 *fill*         0x000000008001309c        0x4 
 .text          0x00000000800130a0       0x98 /usr/lib/n64/libultra_d.a(epiread.o)
                0x00000000800130a0                osEPiReadIo
 *fill*         0x0000000080013138        0x8 
 .text          0x0000000080013140       0x98 /usr/lib/n64/libultra_d.a(epiwrite.o)
                0x0000000080013140                osEPiWriteIo
 *fill*         0x00000000800131d8        0x8 
 .text          0x00000000800131e0       0x6c /usr/lib/n64/libultra_d.a(resetglobalintmask.o)
                0x00000000800131e0                __osResetGlobalIntMask
 *fill*         0x000000008001324c        0x4 
 .text          0x0000000080013250       0x60 /usr/lib/n64/libultra_d.a(setglobalintmask.o)
                0x0000000080013250                __osSetGlobalIntMask
 .text          0x00000000800132b0       0x5c /usr/lib/n64/libultra_d.a(assert.o)
                0x00000000800132b0                __assert
 *fill*         0x000000008001330c        0x4 
 .text          0x0000000080013310      0x3e8 /usr/lib/n64/libultra_d.a(kdebugserver.o)
                0x00000000800135c0                kdebugserver
 *fill*         0x00000000800136f8        0x8 
 .text          0x0000000080013700       0xd0 /usr/lib/n64/libultra_d.a(threadprofile.o)
                0x0000000080013700                osThreadProfileCallback
 .text          0x00000000800137d0      0x138 /usr/lib/n64/libultra_d.a(destroythread.o)
                0x00000000800137d0                osDestroyThread
 *fill*         0x0000000080013908        0x8 
 .text          0x0000000080013910       0x6c /usr/lib/n64/libultra_d.a(yieldthread.o)
                0x0000000080013910                osYieldThread
 *fill*         0x000000008001397c        0x4 
 .text          0x0000000080013980      0x494 /usr/lib/n64/libultra_d.a(sptask.o)
                0x0000000080013b20                osSpTaskLoad
                0x0000000080013dc4                osSpTaskStartGo
 *fill*         0x0000000080013e14        0xc 
 .text          0x0000000080013e20       0x38 /usr/lib/n64/libultra_d.a(sptaskyield.o)
                0x0000000080013e20                osSpTaskYield
 *fill*         0x0000000080013e58        0x8 
 .text          0x0000000080013e60       0x8c /usr/lib/n64/libultra_d.a(sptaskyielded.o)
                0x0000000080013e60                osSpTaskYielded
 *fill*         0x0000000080013eec        0x4 
 .text          0x0000000080013ef0      0x15c /usr/lib/n64/libultra_d.a(string.o)
                0x0000000080013ef0                strchr
                0x0000000080013f68                strlen
                0x0000000080013fc4                memcpy
 *fill*         0x000000008001404c        0x4 
 .text          0x0000000080014050     0x11d4 /usr/lib/n64/libultra_d.a(xldtob.o)
                0x0000000080014050                _Ldtob
 *fill*         0x0000000080015224        0xc 
 .text          0x0000000080015230      0x3ac /usr/lib/n64/libultra_d.a(xlitob.o)
                0x0000000080015230                _Litob
 *fill*         0x00000000800155dc        0x4 
 .text          0x00000000800155e0       0xb4 /usr/lib/n64/libultra_d.a(initrdb.o)
                0x00000000800155e0                osInitRdb
 *fill*         0x0000000080015694        0xc 
 .text          0x00000000800156a0       0xf4 /usr/lib/n64/libultra_d.a(readhost.o)
                0x00000000800156a0                osReadHost
 *fill*         0x0000000080015794        0xc 
 .text          0x00000000800157a0       0xa4 /usr/lib/n64/libultra_d.a(viblack.o)
                0x00000000800157a0                osViBlack
 *fill*         0x0000000080015844        0xc 
 .text          0x0000000080015850      0x168 /usr/lib/n64/libultra_d.a(vi.o)
                0x0000000080015850                __osViInit
 *fill*         0x00000000800159b8        0x8 
 .text          0x00000000800159c0       0x80 /usr/lib/n64/libultra_d.a(vigetcurrframebuf.o)
                0x00000000800159c0                osViGetCurrentFramebuffer
 .text          0x0000000080015a40       0x80 /usr/lib/n64/libultra_d.a(vigetnextframebuf.o)
                0x0000000080015a40                osViGetNextFramebuffer
 .text          0x0000000080015ac0      0x468 /usr/lib/n64/libultra_d.a(vimgr.o)
                0x0000000080015ac0                osCreateViManager
 *fill*         0x0000000080015f28        0x8 
 .text          0x0000000080015f30       0xd0 /usr/lib/n64/libultra_d.a(visetevent.o)
                0x0000000080015f30                osViSetEvent
 .text          0x0000000080016000       0xf0 /usr/lib/n64/libultra_d.a(viswapbuf.o)
                0x0000000080016000                osViSwapBuffer
 .text          0x00000000800160f0      0x3bc /usr/lib/n64/libultra_d.a(viswapcontext.o)
                0x00000000800160f0                __osViSwapContext
 *fill*         0x00000000800164ac        0x4 
 .text          0x00000000800164b0       0xe4 /usr/lib/n64/libultra_d.a(gettime.o)
                0x00000000800164b0                osGetTime
 *fill*         0x0000000080016594        0xc 
 .text          0x00000000800165a0      0x224 /usr/lib/n64/libultra_d.a(settimer.o)
                0x00000000800165a0                osSetTimer
 *fill*         0x00000000800167c4        0xc 
 .text          0x00000000800167d0      0x654 /usr/lib/n64/libultra_d.a(timerintr.o)
                0x00000000800167d0                __osTimerServicesInit
                0x000000008001687c                __osTimerInterrupt
                0x0000000080016ba0                __osSetTimerIntr
                0x0000000080016c8c                __osInsertTimer
 *fill*         0x0000000080016e24        0xc 
 .text          0x0000000080016e30      0x110 /usr/lib/n64/libultra_d.a(siacs.o)
                0x0000000080016e30                __osSiCreateAccessQueue
                0x0000000080016e9c                __osSiGetAccess
                0x0000000080016efc                __osSiRelAccess
 .text          0x0000000080016f40       0x50 /usr/lib/n64/libultra_d.a(si.o)
                0x0000000080016f40                __osSiDeviceBusy
 .text          0x0000000080016f90      0x118 /usr/lib/n64/libultra_d.a(sirawdma.o)
                0x0000000080016f90                __osSiRawStartDma
 *fill*         0x00000000800170a8        0x8 
 .text          0x00000000800170b0      0x1c4 /usr/lib/n64/libultra_d.a(auxbus.o)
                0x00000000800170b0                alAuxBusPull
                0x00000000800171ec                alAuxBusParam
 *fill*         0x0000000080017274        0xc 
 .text          0x0000000080017280       0xb8 /usr/lib/n64/libultra_d.a(cents2ratio.o)
                0x0000000080017280                alCents2Ratio
 *fill*         0x0000000080017338        0x8 
 .text          0x0000000080017340      0xbc8 /usr/lib/n64/libultra_d.a(drvrNew.o)
                0x0000000080017340                _init_lpfilter
                0x00000000800174a4                alFxNew
                0x0000000080017ab8                alEnvmixerNew
                0x0000000080017bf4                alLoadNew
                0x0000000080017cec                alResampleNew
                0x0000000080017db4                alAuxBusNew
                0x0000000080017e2c                alMainBusNew
                0x0000000080017ea4                alSaveNew
 *fill*         0x0000000080017f08        0x8 
 .text          0x0000000080017f10     0x15d4 /usr/lib/n64/libultra_d.a(env.o)
                0x0000000080017f10                alEnvmixerPull
                0x0000000080018860                alEnvmixerParam
                0x0000000080018f44                _frexpf
                0x00000000800190a4                _ldexpf
 *fill*         0x00000000800194e4        0xc 
 .text          0x00000000800194f0      0x4e4 /usr/lib/n64/libultra_d.a(event.o)
                0x00000000800194f0                alEvtqNew
                0x00000000800195b4                alEvtqNextEvent
                0x000000008001967c                alEvtqPostEvent
                0x0000000080019840                alEvtqFlush
                0x00000000800198e0                alEvtqFlushType
 *fill*         0x00000000800199d4        0xc 
 .text          0x00000000800199e0       0x70 /usr/lib/n64/libultra_d.a(filter.o)
                0x00000000800199e0                alFilterNew
 .text          0x0000000080019a50     0x1430 /usr/lib/n64/libultra_d.a(load.o)
                0x0000000080019a50                alAdpcmPull
                0x000000008001a1fc                alRaw16Pull
                0x000000008001a8e8                alLoadParam
 .text          0x000000008001ae80      0x254 /usr/lib/n64/libultra_d.a(mainbus.o)
                0x000000008001ae80                alMainBusPull
                0x000000008001b04c                alMainBusParam
 *fill*         0x000000008001b0d4        0xc 
 .text          0x000000008001b0e0      0x4a8 /usr/lib/n64/libultra_d.a(resample.o)
                0x000000008001b0e0                alResamplePull
                0x000000008001b3c0                alResampleParam
 *fill*         0x000000008001b588        0x8 
 .text          0x000000008001b590     0x1418 /usr/lib/n64/libultra_d.a(reverb.o)
                0x000000008001b590                alFxPull
                0x000000008001bb54                alFxParam
                0x000000008001bba8                alFxParamHdl
                0x000000008001bf2c                _loadOutputBuffer
                0x000000008001c244                _loadBuffer
                0x000000008001c4f8                _saveBuffer
                0x000000008001c774                _filterBuffer
                0x000000008001c8ac                _doModFunc
 *fill*         0x000000008001c9a8        0x8 
 .text          0x000000008001c9b0      0x200 /usr/lib/n64/libultra_d.a(save.o)
                0x000000008001c9b0                alSavePull
                0x000000008001cb1c                alSaveParam
 .text          0x000000008001cbb0      0x158 /usr/lib/n64/libultra_d.a(synallocfx.o)
                0x000000008001cbb0                alSynAllocFX
 *fill*         0x000000008001cd08        0x8 
 .text          0x000000008001cd10        0x0 /usr/lib/n64/libultra_d.a(vimodempallan1.o)
 .text          0x000000008001cd10        0x0 /usr/lib/n64/libultra_d.a(vimodentsclan1.o)
 .text          0x000000008001cd10        0x0 /usr/lib/n64/libultra_d.a(vimodepallan1.o)
 .text          0x000000008001cd10       0x50 /usr/lib/n64/libultra_d.a(ai.o)
                0x000000008001cd10                __osAiDeviceBusy
 .text          0x000000008001cd60      0x13c /usr/lib/n64/libultra_d.a(dpsetnextbuf.o)
                0x000000008001cd60                osDpSetNextBuffer
 *fill*         0x000000008001ce9c        0x4 
 .text          0x000000008001cea0      0x268 /usr/lib/n64/libultra_d.a(rmonsio.o)
                0x000000008001cea0                __rmonSendFault
                0x000000008001cf34                __rmonIOflush
                0x000000008001cfa4                __rmonIOputw
                0x000000008001d034                __rmonIOhandler
 *fill*         0x000000008001d108        0x8 
 .text          0x000000008001d110        0xc /usr/lib/n64/libultra_d.a(getcount.o)
                0x000000008001d110                osGetCount
 *fill*         0x000000008001d11c        0x4 
 .text          0x000000008001d120        0xc /usr/lib/n64/libultra_d.a(setcompare.o)
                0x000000008001d120                __osSetCompare
 *fill*         0x000000008001d12c        0x4 
 .text          0x000000008001d130        0x8 /usr/lib/n64/libultra_d.a(assertbreak.o)
                0x000000008001d130                __assertBreak
 *fill*         0x000000008001d138        0x8 
 .text          0x000000008001d140      0x358 /usr/lib/n64/libultra_d.a(bcopy.o)
                0x000000008001d140                bcopy
 *fill*         0x000000008001d498        0x8 
 .text          0x000000008001d4a0       0x50 /usr/lib/n64/libultra_d.a(sp.o)
                0x000000008001d4a0                __osSpDeviceBusy
 .text          0x000000008001d4f0       0x2c /usr/lib/n64/libultra_d.a(spgetstat.o)
                0x000000008001d4f0                __osSpGetStatus
 *fill*         0x000000008001d51c        0x4 
 .text          0x000000008001d520      0x144 /usr/lib/n64/libultra_d.a(sprawdma.o)
                0x000000008001d520                __osSpRawStartDma
 *fill*         0x000000008001d664        0xc 
 .text          0x000000008001d670       0x60 /usr/lib/n64/libultra_d.a(spsetpc.o)
                0x000000008001d670                __osSpSetPc
 .text          0x000000008001d6d0       0x38 /usr/lib/n64/libultra_d.a(spsetstat.o)
                0x000000008001d6d0                __osSpSetStatus
 *fill*         0x000000008001d708        0x8 
 .text          0x000000008001d710      0x214 /usr/lib/n64/libultra_d.a(ldiv.o)
                0x000000008001d710                ldiv
                0x000000008001d7bc                lldiv
 *fill*         0x000000008001d924        0xc 
 .text          0x000000008001d930       0x28 /usr/lib/n64/libultra_d.a(vigetcurrcontext.o)
                0x000000008001d930                __osViGetCurrentContext
 *fill*         0x000000008001d958        0x8 
 .text          0x000000008001d960       0x90 /usr/lib/n64/libultra_d.a(copy.o)
                0x000000008001d960                alCopy
 .text          0x000000008001d9f0       0x50 /usr/lib/n64/libultra_d.a(dp.o)
                0x000000008001d9f0                __osDpDeviceBusy
 .text          0x000000008001da40       0xe8 /usr/lib/n64/libultra_d.a(rmoncmds.o)
                0x000000008001da68                __rmonExecute
 *fill*         0x000000008001db28        0x8 
 .text          0x000000008001db30      0x458 /usr/lib/n64/libultra_d.a(rmonmain.o)
                0x000000008001db30                __rmonSendHeader
                0x000000008001dbec                __rmonSendReply
                0x000000008001dcb0                __rmonSendData
                0x000000008001ddfc                rmonMain
 *fill*         0x000000008001df88        0x8 
 .text          0x000000008001df90      0xb0c /usr/lib/n64/libultra_d.a(rmonmem.o)
                0x000000008001df90                __rmonWriteWordTo
                0x000000008001dfe8                __rmonReadWordAt
                0x000000008001e064                __rmonMemcpy
                0x000000008001e0d4                __rmonCopyWords
                0x000000008001e1a4                __rmonReadMem
                0x000000008001e3e4                __rmonWriteMem
                0x000000008001e66c                __rmonListProcesses
                0x000000008001e700                __rmonLoadProgram
                0x000000008001e728                __rmonGetExeName
                0x000000008001e800                __rmonGetRegionCount
                0x000000008001e894                __rmonGetRegions
 *fill*         0x000000008001ea9c        0x4 
 .text          0x000000008001eaa0      0x1ec /usr/lib/n64/libultra_d.a(rmonmisc.o)
                0x000000008001eaa0                __rmonSetFault
                0x000000008001eb0c                __rmonInit
                0x000000008001ec18                __rmonPanic
                0x000000008001ec30                __rmonSetComm
 *fill*         0x000000008001ec8c        0x4 
 .text          0x000000008001ec90      0xf74 /usr/lib/n64/libultra_d.a(rmonregs.o)
                0x000000008001f030                __rmonGetGRegisters
                0x000000008001f1ac                __rmonSetGRegisters
                0x000000008001f354                __rmonGetFRegisters
                0x000000008001f438                __rmonSetFRegisters
                0x000000008001f5a4                __rmonGetSRegs
                0x000000008001f740                __rmonSetSRegs
                0x000000008001f8ac                __rmonGetVRegs
                0x000000008001f9f8                __rmonSetVRegs
                0x000000008001faf0                __rmonGetRegisterContents
 *fill*         0x000000008001fc04        0xc 
 .text          0x000000008001fc10      0xc48 /usr/lib/n64/libultra_d.a(rmontask.o)
                0x000000008001fc10                __rmonMaskIdleThreadInts
                0x000000008001fca4                __rmonGetTCB
                0x000000008001fd30                __rmonStopUserThreads
                0x000000008001fe54                __rmonListThreads
                0x000000008001ffa8                __rmonGetThreadStatus
                0x00000000800202d8                __rmonThreadStatus
                0x0000000080020378                __rmonStopThread
                0x0000000080020524                __rmonRunThread
 *fill*         0x0000000080020858        0x8 
 .text          0x0000000080020860       0xa8 /usr/lib/n64/libultra_d.a(rmonrcp.o)
                0x0000000080020860                __rmonRCPrunning
                0x0000000080020884                __rmonIdleRCP
                0x00000000800208c8                __rmonStepRCP
                0x00000000800208e0                __rmonRunRCP
 *fill*         0x0000000080020908        0x8 
 .text          0x0000000080020910       0x28 /usr/lib/n64/libultra_d.a(getactivequeue.o)
                0x0000000080020910                __osGetActiveQueue
 *fill*         0x0000000080020938        0x8 
 .text          0x0000000080020940       0xf4 /usr/lib/n64/libultra_d.a(stopthread.o)
                0x0000000080020940                osStopThread
 *fill*         0x0000000080020a34        0xc 
 .text          0x0000000080020a40       0xbc /usr/lib/n64/libultra_d.a(sprawread.o)
                0x0000000080020a40                __osSpRawReadIo
 *fill*         0x0000000080020afc        0x4 
 .text          0x0000000080020b00       0x94 /usr/lib/n64/libultra_d.a(sprawwrite.o)
                0x0000000080020b00                __osSpRawWriteIo
 *fill*         0x0000000080020b94        0xc 
 .text          0x0000000080020ba0      0xe24 /usr/lib/n64/libultra_d.a(rmonbrk.o)
                0x0000000080020dbc                __rmonSetBreak
                0x0000000080020fd4                __rmonListBreak
                0x0000000080020ffc                __rmonClearBreak
                0x00000000800211ac                __rmonGetBranchTarget
                0x000000008002150c                __rmonSetSingleStep
                0x000000008002160c                __rmonGetExceptionStatus
                0x0000000080021780                __rmonHitBreak
                0x00000000800217c8                __rmonHitSpBreak
                0x0000000080021860                __rmonHitCpuFault
 */libgcc.a:*.o(.text)
 *fill*         0x00000000800219c4        0xc 
 .text          0x00000000800219d0      0x508 /opt/crashsdk/lib/gcc/mips64-elf/12.2.0/libgcc.a(_divdi3.o)
                0x00000000800219d0                __divdi3
 *fill*         0x0000000080021ed8        0x8 
 .text          0x0000000080021ee0      0x4b4 /opt/crashsdk/lib/gcc/mips64-elf/12.2.0/libgcc.a(_udivdi3.o)
                0x0000000080021ee0                __udivdi3
 *fill*         0x0000000080022394        0xc 
 .text          0x00000000800223a0      0x4c8 /opt/crashsdk/lib/gcc/mips64-elf/12.2.0/libgcc.a(_umoddi3.o)
                0x00000000800223a0                __umoddi3
 *fill*         0x0000000080022868        0x8 
 .text          0x0000000080022870        0x0 /opt/crashsdk/lib/gcc/mips64-elf/12.2.0/libgcc.a(_clz.o)
 build/asm/mathtables.o(.data)
 .data          0x0000000080022870     0x5000 build/asm/mathtables.o
                0x0000000080022870                sintable
                0x0000000080023870                costable
 build/asm/compression.o(.text)
 .text          0x0000000080027870       0x98 build/asm/compression.o
                0x0000000080027870                slidec1
 /usr/lib/n64/PR/rspboot.o(.text)
 *fill*         0x0000000080027908        0x8 
 .text          0x0000000080027910       0xd0 /usr/lib/n64/PR/rspboot.o
                0x0000000080027910                rspbootTextStart
                0x00000000800279e0                rspbootTextEnd
 /usr/lib/n64/PR/gspF3DEX2.fifo.o(.text)
 .text          0x00000000800279e0     0x1390 /usr/lib/n64/PR/gspF3DEX2.fifo.o
                0x00000000800279e0                gspF3DEX2_fifoTextStart
                0x0000000080028d70                gspF3DEX2_fifoTextEnd
 /usr/lib/n64/PR/aspMain.o(.text)
 .text          0x0000000080028d70      0xe20 /usr/lib/n64/PR/aspMain.o
                0x0000000080028d70                aspMainTextStart
                0x0000000080029b90                aspMainTextEnd
 build/src/main*.o(.data*)
 .data          0x0000000080029b90        0x0 build/src/main/audio.o
 .data          0x0000000080029b90        0x0 build/src/main/audiomgr.o
 .data          0x0000000080029b90        0x0 build/src/main/blank.o
 .data          0x0000000080029b90        0x0 build/src/main/collision.o
 .data          0x0000000080029b90       0x10 build/src/main/controller.o
                0x0000000080029b90                logoVeloc
                0x0000000080029b94                logoScale_z
                0x0000000080029b98                logoScale_y
                0x0000000080029b9c                logoScale_x
 .data          0x0000000080029ba0        0x4 build/src/main/gfx.o
 *fill*         0x0000000080029ba4        0xc 
 .data          0x0000000080029bb0        0x0 build/src/main/gfxrdpfifo.o
 .data          0x0000000080029bb0        0x0 build/src/main/gfxstack.o
 .data          0x0000000080029bb0        0x0 build/src/main/gfxyield.o
 .data          0x0000000080029bb0       0x54 build/src/main/levels.o
                0x0000000080029bb0                Seg6Ends
                0x0000000080029bbc                Seg5Ends
                0x0000000080029bc8                Seg4Ends
                0x0000000080029bd4                TableAddress
                0x0000000080029be0                Segment6Array
                0x0000000080029bec                Segment5Array
                0x0000000080029bf8                Segment4Array
 *fill*         0x0000000080029c04        0xc 
 .data          0x0000000080029c10        0x0 build/src/main/math.o
 .data          0x0000000080029c10        0x0 build/src/main/memory.o
 .data          0x0000000080029c10       0x18 build/src/main/player.o
                0x0000000080029c10                LookDirection
                0x0000000080029c1c                UpDirection
 *fill*         0x0000000080029c28        0x8 
 .data          0x0000000080029c30        0x0 build/src/main/simple.o
 */libultra_d.a:*.o(.data*)
 .data          0x0000000080029c30       0x10 /usr/lib/n64/libultra_d.a(initialize.o)
                0x0000000080029c30                osClockRate
                0x0000000080029c38                osViClock
                0x0000000080029c3c                __OSGlobalIntMask
 .data          0x0000000080029c40        0x4 /usr/lib/n64/libultra_d.a(cartrominit.o)
 *fill*         0x0000000080029c44        0xc 
 .data          0x0000000080029c50        0x0 /usr/lib/n64/libultra_d.a(epidma.o)
 .data          0x0000000080029c50        0x0 /usr/lib/n64/libultra_d.a(piacs.o)
 .data          0x0000000080029c50        0x0 /usr/lib/n64/libultra_d.a(pigetcmdq.o)
 .data          0x0000000080029c50        0x8 /usr/lib/n64/libultra_d.a(pimgr.o)
                0x0000000080029c50                __osCurrentHandle
 *fill*         0x0000000080029c58        0x8 
 .data          0x0000000080029c60        0x0 /usr/lib/n64/libultra_d.a(pirawdma.o)
 .data          0x0000000080029c60        0x0 /usr/lib/n64/libultra_d.a(initialize_isv.o)
 .data          0x0000000080029c60        0x4 /usr/lib/n64/libultra_d.a(rotate.o)
 *fill*         0x0000000080029c64        0xc 
 .data          0x0000000080029c70        0x0 /usr/lib/n64/libultra_d.a(createthread.o)
 .data          0x0000000080029c70        0x0 /usr/lib/n64/libultra_d.a(getthreadpri.o)
 .data          0x0000000080029c70        0x0 /usr/lib/n64/libultra_d.a(setthreadpri.o)
 .data          0x0000000080029c70        0x0 /usr/lib/n64/libultra_d.a(startthread.o)
 .data          0x0000000080029c70       0x10 /usr/lib/n64/libultra_d.a(thread.o)
                0x0000000080029c70                __osThreadTail
                0x0000000080029c78                __osRunQueue
                0x0000000080029c7c                __osActiveQueue
 .data          0x0000000080029c80        0x0 /usr/lib/n64/libultra_d.a(syncprintf.o)
 .data          0x0000000080029c80       0x45 /usr/lib/n64/libultra_d.a(xprintf.o)
 *fill*         0x0000000080029cc5        0xb 
 .data          0x0000000080029cd0        0x0 /usr/lib/n64/libultra_d.a(createmesgqueue.o)
 .data          0x0000000080029cd0        0x0 /usr/lib/n64/libultra_d.a(jammesg.o)
 .data          0x0000000080029cd0        0x0 /usr/lib/n64/libultra_d.a(recvmesg.o)
 .data          0x0000000080029cd0        0x0 /usr/lib/n64/libultra_d.a(sendmesg.o)
 .data          0x0000000080029cd0        0x0 /usr/lib/n64/libultra_d.a(seteventmesg.o)
 .data          0x0000000080029cd0        0x4 /usr/lib/n64/libultra_d.a(rdbsend.o)
                0x0000000080029cd0                __osRdb_IP6_Empty
 *fill*         0x0000000080029cd4        0xc 
 .data          0x0000000080029ce0        0x0 /usr/lib/n64/libultra_d.a(virtualtophysical.o)
 .data          0x0000000080029ce0        0x0 /usr/lib/n64/libultra_d.a(visetmode.o)
 .data          0x0000000080029ce0        0x0 /usr/lib/n64/libultra_d.a(visetspecial.o)
 .data          0x0000000080029ce0        0x0 /usr/lib/n64/libultra_d.a(visetxscale.o)
 .data          0x0000000080029ce0        0x0 /usr/lib/n64/libultra_d.a(visetyscale.o)
 .data          0x0000000080029ce0     0x1180 /usr/lib/n64/libultra_d.a(vitbl.o)
                0x0000000080029ce0                osViModeTable
 .data          0x000000008002ae60        0x0 /usr/lib/n64/libultra_d.a(sirawread.o)
 .data          0x000000008002ae60        0x0 /usr/lib/n64/libultra_d.a(sirawwrite.o)
 .data          0x000000008002ae60        0x0 /usr/lib/n64/libultra_d.a(cosf.o)
 .data          0x000000008002ae60        0x0 /usr/lib/n64/libultra_d.a(lookat.o)
 .data          0x000000008002ae60        0x0 /usr/lib/n64/libultra_d.a(mtxutil.o)
 .data          0x000000008002ae60        0x0 /usr/lib/n64/libultra_d.a(perspective.o)
 .data          0x000000008002ae60        0x0 /usr/lib/n64/libultra_d.a(sinf.o)
 .data          0x000000008002ae60        0x0 /usr/lib/n64/libultra_d.a(bnkf.o)
 .data          0x000000008002ae60        0x0 /usr/lib/n64/libultra_d.a(heapalloc.o)
 .data          0x000000008002ae60        0x0 /usr/lib/n64/libultra_d.a(heapinit.o)
 .data          0x000000008002ae60        0x0 /usr/lib/n64/libultra_d.a(seq.o)
 .data          0x000000008002ae60        0x0 /usr/lib/n64/libultra_d.a(seqplayer.o)
 .data          0x000000008002ae60        0x0 /usr/lib/n64/libultra_d.a(seqploop.o)
 .data          0x000000008002ae60        0x0 /usr/lib/n64/libultra_d.a(seqpplay.o)
 .data          0x000000008002ae60        0x0 /usr/lib/n64/libultra_d.a(seqpsetbank.o)
 .data          0x000000008002ae60        0x0 /usr/lib/n64/libultra_d.a(seqpsetseq.o)
 .data          0x000000008002ae60        0x0 /usr/lib/n64/libultra_d.a(seqpstop.o)
 .data          0x000000008002ae60        0x0 /usr/lib/n64/libultra_d.a(sl.o)
 .data          0x000000008002ae60        0x0 /usr/lib/n64/libultra_d.a(synaddplayer.o)
 .data          0x000000008002ae60        0x0 /usr/lib/n64/libultra_d.a(synallocvoice.o)
 .data          0x000000008002ae60        0x0 /usr/lib/n64/libultra_d.a(syndelete.o)
 .data          0x000000008002ae60        0x0 /usr/lib/n64/libultra_d.a(synfreevoice.o)
 .data          0x000000008002ae60        0x0 /usr/lib/n64/libultra_d.a(synsetfxmix.o)
 .data          0x000000008002ae60        0x0 /usr/lib/n64/libultra_d.a(synsetpan.o)
 .data          0x000000008002ae60        0x0 /usr/lib/n64/libultra_d.a(synsetpitch.o)
 .data          0x000000008002ae60        0x0 /usr/lib/n64/libultra_d.a(synsetpriority.o)
 .data          0x000000008002ae60        0x0 /usr/lib/n64/libultra_d.a(synsetvol.o)
 .data          0x000000008002ae60        0x0 /usr/lib/n64/libultra_d.a(synstartvoiceparam.o)
 .data          0x000000008002ae60        0x0 /usr/lib/n64/libultra_d.a(synstopvoice.o)
 .data          0x000000008002ae60        0x0 /usr/lib/n64/libultra_d.a(synthesizer.o)
 .data          0x000000008002ae60        0x0 /usr/lib/n64/libultra_d.a(aigetlen.o)
 .data          0x000000008002ae60        0x0 /usr/lib/n64/libultra_d.a(aisetfreq.o)
 .data          0x000000008002ae60        0x0 /usr/lib/n64/libultra_d.a(aisetnextbuf.o)
 .data          0x000000008002ae60        0x0 /usr/lib/n64/libultra_d.a(contreaddata.o)
 .data          0x000000008002ae60        0x0 /usr/lib/n64/libultra_d.a(controller.o)
 .data          0x000000008002ae60        0x4 /usr/lib/n64/libultra_d.a(sched.o)
 *fill*         0x000000008002ae64        0xc 
 .data          0x000000008002ae70        0x0 /usr/lib/n64/libultra_d.a(parameters.o)
 .data          0x000000008002ae70        0x0 /usr/lib/n64/libultra_d.a(errorasm.o)
 .data          0x000000008002ae70       0x40 /usr/lib/n64/libultra_d.a(exceptasm.o)
                0x000000008002ae70                __osHwIntTable
                0x000000008002ae98                __osPiIntTable
 .data          0x000000008002aeb0        0x0 /usr/lib/n64/libultra_d.a(interrupt.o)
 .data          0x000000008002aeb0        0x0 /usr/lib/n64/libultra_d.a(setintmask.o)
 .data          0x000000008002aeb0        0x0 /usr/lib/n64/libultra_d.a(monutil.o)
 .data          0x000000008002aeb0        0x0 /usr/lib/n64/libultra_d.a(normalize.o)
 .data          0x000000008002aeb0        0x0 /usr/lib/n64/libultra_d.a(scale.o)
 .data          0x000000008002aeb0        0x0 /usr/lib/n64/libultra_d.a(translate.o)
 .data          0x000000008002aeb0        0x0 /usr/lib/n64/libultra_d.a(maptlbrdb.o)
 .data          0x000000008002aeb0        0x0 /usr/lib/n64/libultra_d.a(probetlb.o)
 .data          0x000000008002aeb0        0x0 /usr/lib/n64/libultra_d.a(unmaptlball.o)
 .data          0x000000008002aeb0        0x0 /usr/lib/n64/libultra_d.a(getcause.o)
 .data          0x000000008002aeb0        0x0 /usr/lib/n64/libultra_d.a(getsr.o)
 .data          0x000000008002aeb0        0x0 /usr/lib/n64/libultra_d.a(setfpccsr.o)
 .data          0x000000008002aeb0        0x0 /usr/lib/n64/libultra_d.a(setsr.o)
 .data          0x000000008002aeb0        0x0 /usr/lib/n64/libultra_d.a(setwatchlo.o)
 .data          0x000000008002aeb0        0x0 /usr/lib/n64/libultra_d.a(bzero.o)
 .data          0x000000008002aeb0        0x0 /usr/lib/n64/libultra_d.a(libm_vals.o)
 .data          0x000000008002aeb0        0x0 /usr/lib/n64/libultra_d.a(sqrtf.o)
 .data          0x000000008002aeb0        0x0 /usr/lib/n64/libultra_d.a(invaldcache.o)
 .data          0x000000008002aeb0        0x0 /usr/lib/n64/libultra_d.a(invalicache.o)
 .data          0x000000008002aeb0        0x0 /usr/lib/n64/libultra_d.a(writebackdcacheall.o)
 .data          0x000000008002aeb0        0x0 /usr/lib/n64/libultra_d.a(writebackdcache.o)
 .data          0x000000008002aeb0      0x258 /usr/lib/n64/libultra_d.a(commonerror.o)
                0x000000008002aeb0                __osCommonHandler
                0x000000008002aeb4                __os_error_message
 *fill*         0x000000008002b108        0x8 
 .data          0x000000008002b110        0x0 /usr/lib/n64/libultra_d.a(devmgr.o)
 .data          0x000000008002b110        0x0 /usr/lib/n64/libultra_d.a(epirawdma.o)
 .data          0x000000008002b110        0x0 /usr/lib/n64/libultra_d.a(epirawread.o)
 .data          0x000000008002b110        0x0 /usr/lib/n64/libultra_d.a(epirawwrite.o)
 .data          0x000000008002b110        0x0 /usr/lib/n64/libultra_d.a(epiread.o)
 .data          0x000000008002b110        0x0 /usr/lib/n64/libultra_d.a(epiwrite.o)
 .data          0x000000008002b110        0x0 /usr/lib/n64/libultra_d.a(resetglobalintmask.o)
 .data          0x000000008002b110        0x0 /usr/lib/n64/libultra_d.a(setglobalintmask.o)
 .data          0x000000008002b110        0x0 /usr/lib/n64/libultra_d.a(assert.o)
 .data          0x000000008002b110        0x0 /usr/lib/n64/libultra_d.a(kdebugserver.o)
 .data          0x000000008002b110        0x0 /usr/lib/n64/libultra_d.a(threadprofile.o)
 .data          0x000000008002b110        0x0 /usr/lib/n64/libultra_d.a(destroythread.o)
 .data          0x000000008002b110        0x0 /usr/lib/n64/libultra_d.a(yieldthread.o)
 .data          0x000000008002b110        0x0 /usr/lib/n64/libultra_d.a(sptask.o)
 .data          0x000000008002b110        0x0 /usr/lib/n64/libultra_d.a(sptaskyield.o)
 .data          0x000000008002b110        0x0 /usr/lib/n64/libultra_d.a(sptaskyielded.o)
 .data          0x000000008002b110        0x0 /usr/lib/n64/libultra_d.a(string.o)
 .data          0x000000008002b110        0x0 /usr/lib/n64/libultra_d.a(xldtob.o)
 .data          0x000000008002b110       0x25 /usr/lib/n64/libultra_d.a(xlitob.o)
 *fill*         0x000000008002b135        0xb 
 .data          0x000000008002b140        0x0 /usr/lib/n64/libultra_d.a(initrdb.o)
 .data          0x000000008002b140        0x0 /usr/lib/n64/libultra_d.a(readhost.o)
 .data          0x000000008002b140        0x0 /usr/lib/n64/libultra_d.a(viblack.o)
 .data          0x000000008002b140        0x8 /usr/lib/n64/libultra_d.a(vi.o)
                0x000000008002b140                __osViCurr
                0x000000008002b144                __osViNext
 *fill*         0x000000008002b148        0x8 
 .data          0x000000008002b150        0x0 /usr/lib/n64/libultra_d.a(vigetcurrframebuf.o)
 .data          0x000000008002b150        0x0 /usr/lib/n64/libultra_d.a(vigetnextframebuf.o)
 .data          0x000000008002b150        0x0 /usr/lib/n64/libultra_d.a(vimgr.o)
 .data          0x000000008002b150        0x0 /usr/lib/n64/libultra_d.a(visetevent.o)
 .data          0x000000008002b150        0x0 /usr/lib/n64/libultra_d.a(viswapbuf.o)
 .data          0x000000008002b150        0x0 /usr/lib/n64/libultra_d.a(viswapcontext.o)
 .data          0x000000008002b150        0x0 /usr/lib/n64/libultra_d.a(gettime.o)
 .data          0x000000008002b150        0x0 /usr/lib/n64/libultra_d.a(settimer.o)
 .data          0x000000008002b150        0x4 /usr/lib/n64/libultra_d.a(timerintr.o)
                0x000000008002b150                __osTimerList
 *fill*         0x000000008002b154        0xc 
 .data          0x000000008002b160        0x0 /usr/lib/n64/libultra_d.a(siacs.o)
 .data          0x000000008002b160        0x0 /usr/lib/n64/libultra_d.a(si.o)
 .data          0x000000008002b160        0x0 /usr/lib/n64/libultra_d.a(sirawdma.o)
 .data          0x000000008002b160        0x0 /usr/lib/n64/libultra_d.a(auxbus.o)
 .data          0x000000008002b160        0x0 /usr/lib/n64/libultra_d.a(cents2ratio.o)
 .data          0x000000008002b160      0x168 /usr/lib/n64/libultra_d.a(drvrNew.o)
 *fill*         0x000000008002b2c8        0x8 
 .data          0x000000008002b2d0      0x100 /usr/lib/n64/libultra_d.a(env.o)
 .data          0x000000008002b3d0        0x0 /usr/lib/n64/libultra_d.a(event.o)
 .data          0x000000008002b3d0        0x0 /usr/lib/n64/libultra_d.a(filter.o)
 .data          0x000000008002b3d0        0x0 /usr/lib/n64/libultra_d.a(load.o)
 .data          0x000000008002b3d0        0x0 /usr/lib/n64/libultra_d.a(mainbus.o)
 .data          0x000000008002b3d0        0x0 /usr/lib/n64/libultra_d.a(resample.o)
 .data          0x000000008002b3d0       0x10 /usr/lib/n64/libultra_d.a(reverb.o)
 .data          0x000000008002b3e0        0x0 /usr/lib/n64/libultra_d.a(save.o)
 .data          0x000000008002b3e0        0x0 /usr/lib/n64/libultra_d.a(synallocfx.o)
 .data          0x000000008002b3e0       0x50 /usr/lib/n64/libultra_d.a(vimodempallan1.o)
                0x000000008002b3e0                osViModeMpalLan1
 .data          0x000000008002b430       0x50 /usr/lib/n64/libultra_d.a(vimodentsclan1.o)
                0x000000008002b430                osViModeNtscLan1
 .data          0x000000008002b480       0x50 /usr/lib/n64/libultra_d.a(vimodepallan1.o)
                0x000000008002b480                osViModePalLan1
 .data          0x000000008002b4d0        0x0 /usr/lib/n64/libultra_d.a(ai.o)
 .data          0x000000008002b4d0        0x0 /usr/lib/n64/libultra_d.a(dpsetnextbuf.o)
 .data          0x000000008002b4d0        0x0 /usr/lib/n64/libultra_d.a(rmonsio.o)
 .data          0x000000008002b4d0        0x0 /usr/lib/n64/libultra_d.a(getcount.o)
 .data          0x000000008002b4d0        0x0 /usr/lib/n64/libultra_d.a(setcompare.o)
 .data          0x000000008002b4d0        0x0 /usr/lib/n64/libultra_d.a(assertbreak.o)
 .data          0x000000008002b4d0        0x0 /usr/lib/n64/libultra_d.a(bcopy.o)
 .data          0x000000008002b4d0        0x0 /usr/lib/n64/libultra_d.a(sp.o)
 .data          0x000000008002b4d0        0x0 /usr/lib/n64/libultra_d.a(spgetstat.o)
 .data          0x000000008002b4d0        0x0 /usr/lib/n64/libultra_d.a(sprawdma.o)
 .data          0x000000008002b4d0        0x0 /usr/lib/n64/libultra_d.a(spsetpc.o)
 .data          0x000000008002b4d0        0x0 /usr/lib/n64/libultra_d.a(spsetstat.o)
 .data          0x000000008002b4d0        0x0 /usr/lib/n64/libultra_d.a(ldiv.o)
 .data          0x000000008002b4d0        0x0 /usr/lib/n64/libultra_d.a(vigetcurrcontext.o)
 .data          0x000000008002b4d0        0x0 /usr/lib/n64/libultra_d.a(copy.o)
 .data          0x000000008002b4d0        0x0 /usr/lib/n64/libultra_d.a(dp.o)
 .data          0x000000008002b4d0       0xd8 /usr/lib/n64/libultra_d.a(rmoncmds.o)
 *fill*         0x000000008002b5a8        0x8 
 .data          0x000000008002b5b0        0x0 /usr/lib/n64/libultra_d.a(rmonmain.o)
 .data          0x000000008002b5b0        0x0 /usr/lib/n64/libultra_d.a(rmonmem.o)
 .data          0x000000008002b5b0        0x0 /usr/lib/n64/libultra_d.a(rmonmisc.o)
 .data          0x000000008002b5b0        0x0 /usr/lib/n64/libultra_d.a(rmonregs.o)
 .data          0x000000008002b5b0        0x0 /usr/lib/n64/libultra_d.a(rmontask.o)
 .data          0x000000008002b5b0        0x0 /usr/lib/n64/libultra_d.a(rmonrcp.o)
 .data          0x000000008002b5b0        0x0 /usr/lib/n64/libultra_d.a(getactivequeue.o)
 .data          0x000000008002b5b0        0x0 /usr/lib/n64/libultra_d.a(stopthread.o)
 .data          0x000000008002b5b0        0x0 /usr/lib/n64/libultra_d.a(sprawread.o)
 .data          0x000000008002b5b0        0x0 /usr/lib/n64/libultra_d.a(sprawwrite.o)
 .data          0x000000008002b5b0        0x0 /usr/lib/n64/libultra_d.a(rmonbrk.o)
 /usr/lib/n64/PR/rspboot.o(.data*)
 .data          0x000000008002b5b0        0x0 /usr/lib/n64/PR/rspboot.o
                0x000000008002b5b0                rspbootDataEnd
                0x000000008002b5b0                rspbootDataStart
 /usr/lib/n64/PR/gspF3DEX2.fifo.o(.data*)
 .data          0x000000008002b5b0      0x420 /usr/lib/n64/PR/gspF3DEX2.fifo.o
                0x000000008002b5b0                gspF3DEX2_fifoDataStart
                0x000000008002b9d0                gspF3DEX2_fifoDataEnd
 /usr/lib/n64/PR/aspMain.o(.data*)
 .data          0x000000008002b9d0      0x2c0 /usr/lib/n64/PR/aspMain.o
                0x000000008002b9d0                aspMainDataStart
                0x000000008002bc90                aspMainDataEnd
 build/src/main*.o(.*rodata*)
 .rodata.cst8   0x000000008002bc90        0x8 build/src/main/audiomgr.o
 *fill*         0x000000008002bc98        0x8 
 .rodata.cst4   0x000000008002bca0        0x4 build/src/main/audiomgr.o
 *fill*         0x000000008002bca4        0xc 
 .rodata.str1.4
                0x000000008002bcb0      0x103 build/src/main/collision.o
 *fill*         0x000000008002bdb3        0xd 
 .rodata.cst4   0x000000008002bdc0        0xc build/src/main/collision.o
 *fill*         0x000000008002bdcc        0x4 
 .rodata.str1.4
                0x000000008002bdd0       0x2b build/src/main/controller.o
 *fill*         0x000000008002bdfb        0x5 
 .rodata.cst4   0x000000008002be00       0x18 build/src/main/gfx.o
 *fill*         0x000000008002be18        0x8 
 .rodata.cst4   0x000000008002be20        0x4 build/src/main/math.o
                                          0x8 (size before relaxing)
 *fill*         0x000000008002be24        0xc 
 .rodata.cst4   0x000000008002be30       0x1c build/src/main/player.o
                                         0x20 (size before relaxing)
 */libultra_d.a:*.o(.*rodata*)
 *fill*         0x000000008002be4c        0x4 
 .rodata        0x000000008002be50        0x4 /usr/lib/n64/libultra_d.a(rotate.o)
 *fill*         0x000000008002be54        0xc 
 .rodata        0x000000008002be60      0x174 /usr/lib/n64/libultra_d.a(xprintf.o)
 *fill*         0x000000008002bfd4        0xc 
 .rodata        0x000000008002bfe0       0x2a /usr/lib/n64/libultra_d.a(visetmode.o)
 *fill*         0x000000008002c00a        0x6 
 .rodata        0x000000008002c010       0x14 /usr/lib/n64/libultra_d.a(visetxscale.o)
 *fill*         0x000000008002c024        0xc 
 .rodata        0x000000008002c030        0x8 /usr/lib/n64/libultra_d.a(visetyscale.o)
 *fill*         0x000000008002c038        0x8 
 .rodata        0x000000008002c040       0x41 /usr/lib/n64/libultra_d.a(sirawread.o)
 *fill*         0x000000008002c081        0xf 
 .rodata        0x000000008002c090       0x31 /usr/lib/n64/libultra_d.a(sirawwrite.o)
 *fill*         0x000000008002c0c1        0xf 
 .rodata        0x000000008002c0d0       0x88 /usr/lib/n64/libultra_d.a(cosf.o)
 *fill*         0x000000008002c158        0x8 
 .rodata        0x000000008002c160       0x14 /usr/lib/n64/libultra_d.a(lookat.o)
 *fill*         0x000000008002c174        0xc 
 .rodata        0x000000008002c180        0xc /usr/lib/n64/libultra_d.a(mtxutil.o)
 *fill*         0x000000008002c18c        0x4 
 .rodata        0x000000008002c190       0x20 /usr/lib/n64/libultra_d.a(perspective.o)
 .rodata        0x000000008002c1b0       0x88 /usr/lib/n64/libultra_d.a(sinf.o)
 *fill*         0x000000008002c238        0x8 
 .rodata        0x000000008002c240        0x8 /usr/lib/n64/libultra_d.a(heapalloc.o)
 *fill*         0x000000008002c248        0x8 
 .rodata        0x000000008002c250       0x20 /usr/lib/n64/libultra_d.a(seq.o)
 .rodata        0x000000008002c270      0x138 /usr/lib/n64/libultra_d.a(seqplayer.o)
 *fill*         0x000000008002c3a8        0x8 
 .rodata        0x000000008002c3b0       0x40 /usr/lib/n64/libultra_d.a(synthesizer.o)
 .rodata        0x000000008002c3f0       0x10 /usr/lib/n64/libultra_d.a(aisetfreq.o)
 .rodata        0x000000008002c400       0xd0 /usr/lib/n64/libultra_d.a(sched.o)
 .rodata        0x000000008002c4d0       0x70 /usr/lib/n64/libultra_d.a(exceptasm.o)
                0x000000008002c514                __osCauseTable_pt
 .rodata        0x000000008002c540       0x80 /usr/lib/n64/libultra_d.a(setintmask.o)
                0x000000008002c540                __osRcpImTable
 .rodata        0x000000008002c5c0        0x4 /usr/lib/n64/libultra_d.a(libm_vals.o)
                0x000000008002c5c0                __libm_qnan_f
 *fill*         0x000000008002c5c4        0xc 
 .rodata        0x000000008002c5d0     0x1a5e /usr/lib/n64/libultra_d.a(commonerror.o)
 *fill*         0x000000008002e02e        0x2 
 .rodata        0x000000008002e030       0x1c /usr/lib/n64/libultra_d.a(devmgr.o)
 *fill*         0x000000008002e04c        0x4 
 .rodata        0x000000008002e050       0x2d /usr/lib/n64/libultra_d.a(epirawread.o)
 *fill*         0x000000008002e07d        0x3 
 .rodata        0x000000008002e080       0x20 /usr/lib/n64/libultra_d.a(assert.o)
 .rodata        0x000000008002e0a0       0x68 /usr/lib/n64/libultra_d.a(xldtob.o)
 *fill*         0x000000008002e108        0x8 
 .rodata        0x000000008002e110       0x27 /usr/lib/n64/libultra_d.a(visetevent.o)
 *fill*         0x000000008002e137        0x9 
 .rodata        0x000000008002e140       0x30 /usr/lib/n64/libultra_d.a(viswapbuf.o)
 .rodata        0x000000008002e170        0xc /usr/lib/n64/libultra_d.a(viswapcontext.o)
 *fill*         0x000000008002e17c        0x4 
 .rodata        0x000000008002e180       0x37 /usr/lib/n64/libultra_d.a(sirawdma.o)
 *fill*         0x000000008002e1b7        0x9 
 .rodata        0x000000008002e1c0        0xc /usr/lib/n64/libultra_d.a(cents2ratio.o)
 *fill*         0x000000008002e1cc        0x4 
 .rodata        0x000000008002e1d0       0x5c /usr/lib/n64/libultra_d.a(drvrNew.o)
 *fill*         0x000000008002e22c        0x4 
 .rodata        0x000000008002e230      0x100 /usr/lib/n64/libultra_d.a(env.o)
 .rodata        0x000000008002e330       0x38 /usr/lib/n64/libultra_d.a(resample.o)
 *fill*         0x000000008002e368        0x8 
 .rodata        0x000000008002e370       0x68 /usr/lib/n64/libultra_d.a(reverb.o)
 *fill*         0x000000008002e3d8        0x8 
 .rodata        0x000000008002e3e0       0x29 /usr/lib/n64/libultra_d.a(save.o)
 *fill*         0x000000008002e409        0x7 
 .rodata        0x000000008002e410       0x6b /usr/lib/n64/libultra_d.a(sprawdma.o)
 *fill*         0x000000008002e47b        0x5 
 .rodata        0x000000008002e480        0xd /usr/lib/n64/libultra_d.a(rmonmem.o)
 *fill*         0x000000008002e48d        0x3 
 .rodata        0x000000008002e490       0x41 /usr/lib/n64/libultra_d.a(sprawread.o)
 *fill*         0x000000008002e4d1        0xf 
 .rodata        0x000000008002e4e0       0x31 /usr/lib/n64/libultra_d.a(sprawwrite.o)
 *fill*         0x000000008002e511        0xf 
 .rodata        0x000000008002e520       0x60 /usr/lib/n64/libultra_d.a(rmonbrk.o)
 */libgcc.a:*.o(.*rodata*)
 .rodata        0x000000008002e580      0x100 /opt/crashsdk/lib/gcc/mips64-elf/12.2.0/libgcc.a(_clz.o)
                0x000000008002e580                __clz_tab
                0x000000008002e680                _codeSegmentEnd = ALIGN ((ADDR (.code) + SIZEOF (.code)), 0x10)
                0x000000000002f280                _codeSegmentRomEnd = ((_codeSegmentEnd - _codeSegmentStart) + _codeSegmentRomStart)
                0x00000000003389c0                __romPos = _codeSegmentRomEnd
                0x000000008002e680                . = _codeSegmentEnd
                0x000000008002e680                _codeSegmentBssStart = ADDR (.code.noload)

.code.noload    0x000000008002e680    0xc5150 load address 0x000000000002f280
 build/src/main*.o(.*bss*)
 .bss           0x000000008002e680    0x49424 build/src/main/audio.o
                0x000000008002e680                bankPtr
                0x000000008002e684                hp
                0x000000008002e694                seqp
                0x000000008002e698                audioHeap
 *fill*         0x0000000080077aa4        0x4 
 .bss           0x0000000080077aa8     0x2828 build/src/main/audiomgr.o
                0x0000000080077aa8                audDMAMessageBuf
                0x0000000080077b28                audDMAMessageQ
                0x0000000080077b40                audDMAIOMesgBuf
                0x0000000080077e40                maxRSPCmds
                0x0000000080077e44                maxFrameSize
                0x0000000080077e48                frameSize
                0x0000000080077e4c                minFrameSize
                0x0000000080077e50                curAcmdList
                0x0000000080077e54                nextDMA
                0x0000000080077e58                audFrameCt
                0x0000000080077e5c                dmaBuffs
                0x000000008007803c                dmaState
                0x0000000080078048                __am
 .bss           0x000000008007a2d0        0x0 build/src/main/blank.o
 .bss           0x000000008007a2d0    0x4c330 build/src/main/collision.o
                0x000000008007a2d0                LengthB
                0x000000008007a2d4                LengthA
                0x000000008007a2d8                C
                0x000000008007a2e4                B
                0x000000008007a2f0                A
                0x000000008007a2fc                VertexCache
                0x000000008007a5fc                CollisionCount
                0x000000008007a600                CollisionBuffer
 .bss           0x00000000800c6600       0x58 build/src/main/controller.o
                0x00000000800c6600                LoadLevelToggled
                0x00000000800c6604                lastButArray
                0x00000000800c660c                controllermsg
                0x00000000800c662c                ControllerArray
                0x00000000800c6644                statusdata
                0x00000000800c6654                validcontrollers
                0x00000000800c6655                logoPos_z
                0x00000000800c6656                logoPos_y
                0x00000000800c6657                logoPos_x
 .bss           0x00000000800c6658        0x8 build/src/main/gfx.o
 .bss           0x00000000800c6660    0x17e00 build/src/main/gfxrdpfifo.o
                0x00000000800c6660                rdp_output
 .bss           0x00000000800de460      0x400 build/src/main/gfxstack.o
                0x00000000800de460                dram_stack
 .bss           0x00000000800de860      0xc00 build/src/main/gfxyield.o
                0x00000000800de860                gfxYieldBuf
 .bss           0x00000000800df460       0x1c build/src/main/levels.o
                0x00000000800df460                LevelIndex
                0x00000000800df464                LevelHeader
 .bss           0x00000000800df47c        0x0 build/src/main/math.o
 .bss           0x00000000800df47c       0x44 build/src/main/memory.o
                0x00000000800df47c                RawBufferPointer
                0x00000000800df480                SegmentTable
 .bss           0x00000000800df4c0      0x2e4 build/src/main/player.o
                0x00000000800df4c0                Nerf
                0x00000000800df4c4                CameraMatrix
                0x00000000800df5c4                GamePlayers
 *fill*         0x00000000800df7a4        0x4 
 .bss           0x00000000800df7a8     0xb240 build/src/main/simple.o
                0x00000000800df7a8                RenderProcessing
                0x00000000800df7aa                RenderEnable
                0x00000000800df7ac                handler
                0x00000000800df7b0                GameSequence
                0x00000000800df7b4                gfxClient
                0x00000000800df7c0                scheduleStack
                0x00000000800e17c0                sched_cmdQ
                0x00000000800e17c8                sc
                0x00000000800e1a50                gInfo
                0x00000000800e42f0                glistp
                0x00000000800e42f4                gfxFrameMsgBuf
                0x00000000800e4314                gfxFrameMsgQ
                0x00000000800e4330                bootStack
 */libultra_d.a:*.o(COMMON)
 */libultra_d.a:*.o(.scommon)
 */libultra_d.a:*.o(.*bss*)
 .bss           0x00000000800ea9e8        0xc /usr/lib/n64/libultra_d.a(initialize.o)
                0x00000000800ea9e8                __osShutdown
                0x00000000800ea9ec                __printfunc
                0x00000000800ea9f0                __kmc_pt_mode
 *fill*         0x00000000800ea9f4        0x4 
 .bss           0x00000000800ea9f8       0x74 /usr/lib/n64/libultra_d.a(cartrominit.o)
                0x00000000800ea9f8                __CartRomHandle
 .bss           0x00000000800eaa6c        0x0 /usr/lib/n64/libultra_d.a(epidma.o)
 *fill*         0x00000000800eaa6c        0x4 
 .bss           0x00000000800eaa70       0x24 /usr/lib/n64/libultra_d.a(piacs.o)
                0x00000000800eaa70                __osPiAccessQueueEnabled
                0x00000000800eaa78                __osPiAccessQueue
 .bss           0x00000000800eaa94        0x0 /usr/lib/n64/libultra_d.a(pigetcmdq.o)
 *fill*         0x00000000800eaa94        0xc 
 .bss           0x00000000800eaaa0     0x18cc /usr/lib/n64/libultra_d.a(pimgr.o)
                0x00000000800eaaa0                __osPiDevMgr
                0x00000000800eaabc                __osPiTable
                0x00000000800eaac0                __Dom1SpeedParam
                0x00000000800eab38                __Dom2SpeedParam
 .bss           0x00000000800ec36c        0x0 /usr/lib/n64/libultra_d.a(pirawdma.o)
 *fill*         0x00000000800ec36c        0x4 
 .bss           0x00000000800ec370       0x24 /usr/lib/n64/libultra_d.a(initialize_isv.o)
                0x00000000800ec370                gISVDbgPrnAdrs
                0x00000000800ec374                leoComuBuffAdd
                0x00000000800ec378                gISVFlag
                0x00000000800ec37c                gISVChk
                0x00000000800ec380                ramOldVector
 .bss           0x00000000800ec394        0x0 /usr/lib/n64/libultra_d.a(rotate.o)
 .bss           0x00000000800ec394        0x0 /usr/lib/n64/libultra_d.a(createthread.o)
 .bss           0x00000000800ec394        0x0 /usr/lib/n64/libultra_d.a(getthreadpri.o)
 .bss           0x00000000800ec394        0x0 /usr/lib/n64/libultra_d.a(setthreadpri.o)
 .bss           0x00000000800ec394        0x0 /usr/lib/n64/libultra_d.a(startthread.o)
 .bss           0x00000000800ec394        0x8 /usr/lib/n64/libultra_d.a(thread.o)
                0x00000000800ec394                __osRunningThread
                0x00000000800ec398                __osFaultedThread
 .bss           0x00000000800ec39c        0x0 /usr/lib/n64/libultra_d.a(syncprintf.o)
 .bss           0x00000000800ec39c        0x0 /usr/lib/n64/libultra_d.a(xprintf.o)
 .bss           0x00000000800ec39c        0x0 /usr/lib/n64/libultra_d.a(createmesgqueue.o)
 .bss           0x00000000800ec39c        0x0 /usr/lib/n64/libultra_d.a(jammesg.o)
 .bss           0x00000000800ec39c        0x0 /usr/lib/n64/libultra_d.a(recvmesg.o)
 .bss           0x00000000800ec39c        0x0 /usr/lib/n64/libultra_d.a(sendmesg.o)
 *fill*         0x00000000800ec39c        0x4 
 .bss           0x00000000800ec3a0       0xbc /usr/lib/n64/libultra_d.a(seteventmesg.o)
                0x00000000800ec3a0                __osEventStateTab
                0x00000000800ec458                __osPreNMI
 .bss           0x00000000800ec45c        0x0 /usr/lib/n64/libultra_d.a(rdbsend.o)
 .bss           0x00000000800ec45c        0x0 /usr/lib/n64/libultra_d.a(virtualtophysical.o)
 .bss           0x00000000800ec45c        0x0 /usr/lib/n64/libultra_d.a(visetmode.o)
 .bss           0x00000000800ec45c        0x0 /usr/lib/n64/libultra_d.a(visetspecial.o)
 .bss           0x00000000800ec45c        0x0 /usr/lib/n64/libultra_d.a(visetxscale.o)
 .bss           0x00000000800ec45c        0x0 /usr/lib/n64/libultra_d.a(visetyscale.o)
 .bss           0x00000000800ec45c        0x0 /usr/lib/n64/libultra_d.a(vitbl.o)
 .bss           0x00000000800ec45c        0x0 /usr/lib/n64/libultra_d.a(sirawread.o)
 .bss           0x00000000800ec45c        0x0 /usr/lib/n64/libultra_d.a(sirawwrite.o)
 .bss           0x00000000800ec45c        0x0 /usr/lib/n64/libultra_d.a(cosf.o)
 .bss           0x00000000800ec45c        0x0 /usr/lib/n64/libultra_d.a(lookat.o)
 .bss           0x00000000800ec45c        0x0 /usr/lib/n64/libultra_d.a(mtxutil.o)
 .bss           0x00000000800ec45c        0x0 /usr/lib/n64/libultra_d.a(perspective.o)
 .bss           0x00000000800ec45c        0x0 /usr/lib/n64/libultra_d.a(sinf.o)
 .bss           0x00000000800ec45c        0x0 /usr/lib/n64/libultra_d.a(bnkf.o)
 .bss           0x00000000800ec45c        0x0 /usr/lib/n64/libultra_d.a(heapalloc.o)
 .bss           0x00000000800ec45c        0x0 /usr/lib/n64/libultra_d.a(heapinit.o)
 .bss           0x00000000800ec45c        0x0 /usr/lib/n64/libultra_d.a(seq.o)
 .bss           0x00000000800ec45c        0x0 /usr/lib/n64/libultra_d.a(seqplayer.o)
 .bss           0x00000000800ec45c        0x0 /usr/lib/n64/libultra_d.a(seqploop.o)
 .bss           0x00000000800ec45c        0x0 /usr/lib/n64/libultra_d.a(seqpplay.o)
 .bss           0x00000000800ec45c        0x0 /usr/lib/n64/libultra_d.a(seqpsetbank.o)
 .bss           0x00000000800ec45c        0x0 /usr/lib/n64/libultra_d.a(seqpsetseq.o)
 .bss           0x00000000800ec45c        0x0 /usr/lib/n64/libultra_d.a(seqpstop.o)
 .bss           0x00000000800ec45c        0x4 /usr/lib/n64/libultra_d.a(sl.o)
                0x00000000800ec45c                alGlobals
 .bss           0x00000000800ec460        0x0 /usr/lib/n64/libultra_d.a(synaddplayer.o)
 .bss           0x00000000800ec460        0x0 /usr/lib/n64/libultra_d.a(synallocvoice.o)
 .bss           0x00000000800ec460        0x0 /usr/lib/n64/libultra_d.a(syndelete.o)
 .bss           0x00000000800ec460        0x0 /usr/lib/n64/libultra_d.a(synfreevoice.o)
 .bss           0x00000000800ec460        0x0 /usr/lib/n64/libultra_d.a(synsetfxmix.o)
 .bss           0x00000000800ec460        0x0 /usr/lib/n64/libultra_d.a(synsetpan.o)
 .bss           0x00000000800ec460        0x0 /usr/lib/n64/libultra_d.a(synsetpitch.o)
 .bss           0x00000000800ec460        0x0 /usr/lib/n64/libultra_d.a(synsetpriority.o)
 .bss           0x00000000800ec460        0x0 /usr/lib/n64/libultra_d.a(synsetvol.o)
 .bss           0x00000000800ec460        0x0 /usr/lib/n64/libultra_d.a(synstartvoiceparam.o)
 .bss           0x00000000800ec460        0x0 /usr/lib/n64/libultra_d.a(synstopvoice.o)
 .bss           0x00000000800ec460        0x0 /usr/lib/n64/libultra_d.a(synthesizer.o)
 .bss           0x00000000800ec460        0x0 /usr/lib/n64/libultra_d.a(aigetlen.o)
 .bss           0x00000000800ec460        0x0 /usr/lib/n64/libultra_d.a(aisetfreq.o)
 .bss           0x00000000800ec460        0x1 /usr/lib/n64/libultra_d.a(aisetnextbuf.o)
 .bss           0x00000000800ec461        0x0 /usr/lib/n64/libultra_d.a(contreaddata.o)
 *fill*         0x00000000800ec461        0xf 
 .bss           0x00000000800ec470       0x94 /usr/lib/n64/libultra_d.a(controller.o)
                0x00000000800ec470                __osContinitialized
                0x00000000800ec480                __osContPifRam
                0x00000000800ec4c0                __osContLastCmd
                0x00000000800ec4c1                __osMaxControllers
                0x00000000800ec4c8                __osEepromTimer
                0x00000000800ec4e8                __osEepromTimerQ
                0x00000000800ec500                __osEepromTimerMsg
 .bss           0x00000000800ec504        0xc /usr/lib/n64/libultra_d.a(sched.o)
 .bss           0x00000000800ec510        0x0 /usr/lib/n64/libultra_d.a(parameters.o)
 .bss           0x00000000800ec510        0x0 /usr/lib/n64/libultra_d.a(errorasm.o)
 .bss           0x00000000800ec510        0x0 /usr/lib/n64/libultra_d.a(exceptasm.o)
 .bss           0x00000000800ec510        0x0 /usr/lib/n64/libultra_d.a(interrupt.o)
 .bss           0x00000000800ec510        0x0 /usr/lib/n64/libultra_d.a(setintmask.o)
 .bss           0x00000000800ec510        0x0 /usr/lib/n64/libultra_d.a(monutil.o)
 .bss           0x00000000800ec510        0x0 /usr/lib/n64/libultra_d.a(normalize.o)
 .bss           0x00000000800ec510        0x0 /usr/lib/n64/libultra_d.a(scale.o)
 .bss           0x00000000800ec510        0x0 /usr/lib/n64/libultra_d.a(translate.o)
 .bss           0x00000000800ec510        0x0 /usr/lib/n64/libultra_d.a(maptlbrdb.o)
 .bss           0x00000000800ec510        0x0 /usr/lib/n64/libultra_d.a(probetlb.o)
 .bss           0x00000000800ec510        0x0 /usr/lib/n64/libultra_d.a(unmaptlball.o)
 .bss           0x00000000800ec510        0x0 /usr/lib/n64/libultra_d.a(getcause.o)
 .bss           0x00000000800ec510        0x0 /usr/lib/n64/libultra_d.a(getsr.o)
 .bss           0x00000000800ec510        0x0 /usr/lib/n64/libultra_d.a(setfpccsr.o)
 .bss           0x00000000800ec510        0x0 /usr/lib/n64/libultra_d.a(setsr.o)
 .bss           0x00000000800ec510        0x0 /usr/lib/n64/libultra_d.a(setwatchlo.o)
 .bss           0x00000000800ec510        0x0 /usr/lib/n64/libultra_d.a(bzero.o)
 .bss           0x00000000800ec510        0x0 /usr/lib/n64/libultra_d.a(libm_vals.o)
 .bss           0x00000000800ec510        0x0 /usr/lib/n64/libultra_d.a(sqrtf.o)
 .bss           0x00000000800ec510        0x0 /usr/lib/n64/libultra_d.a(invaldcache.o)
 .bss           0x00000000800ec510        0x0 /usr/lib/n64/libultra_d.a(invalicache.o)
 .bss           0x00000000800ec510        0x0 /usr/lib/n64/libultra_d.a(writebackdcacheall.o)
 .bss           0x00000000800ec510        0x0 /usr/lib/n64/libultra_d.a(writebackdcache.o)
 .bss           0x00000000800ec510        0x1 /usr/lib/n64/libultra_d.a(commonerror.o)
                0x00000000800ec510                NULSTR
 .bss           0x00000000800ec511        0x0 /usr/lib/n64/libultra_d.a(devmgr.o)
 .bss           0x00000000800ec511        0x0 /usr/lib/n64/libultra_d.a(epirawdma.o)
 .bss           0x00000000800ec511        0x0 /usr/lib/n64/libultra_d.a(epirawread.o)
 .bss           0x00000000800ec511        0x0 /usr/lib/n64/libultra_d.a(epirawwrite.o)
 .bss           0x00000000800ec511        0x0 /usr/lib/n64/libultra_d.a(epiread.o)
 .bss           0x00000000800ec511        0x0 /usr/lib/n64/libultra_d.a(epiwrite.o)
 .bss           0x00000000800ec511        0x0 /usr/lib/n64/libultra_d.a(resetglobalintmask.o)
 .bss           0x00000000800ec511        0x0 /usr/lib/n64/libultra_d.a(setglobalintmask.o)
 .bss           0x00000000800ec511        0x0 /usr/lib/n64/libultra_d.a(assert.o)
 *fill*         0x00000000800ec511        0x7 
 .bss           0x00000000800ec518      0x1c0 /usr/lib/n64/libultra_d.a(kdebugserver.o)
                0x00000000800ec518                __osThreadSave
 *fill*         0x00000000800ec6d8        0x8 
 .bss           0x00000000800ec6e0      0xc14 /usr/lib/n64/libultra_d.a(threadprofile.o)
                0x00000000800ec6e0                __osThprofFlag
                0x00000000800ec6e4                __osThprofFunc
                0x00000000800ec6e8                __osThprofLastTimer
                0x00000000800ec6ec                __osThprofCount
                0x00000000800ec6f0                thprof
                0x00000000800ecaf0                __osThprofHeap
                0x00000000800ed2f0                __osThprofStack
 .bss           0x00000000800ed2f4        0x0 /usr/lib/n64/libultra_d.a(destroythread.o)
 .bss           0x00000000800ed2f4        0x0 /usr/lib/n64/libultra_d.a(yieldthread.o)
 *fill*         0x00000000800ed2f4        0x4 
 .bss           0x00000000800ed2f8       0x40 /usr/lib/n64/libultra_d.a(sptask.o)
 .bss           0x00000000800ed338        0x0 /usr/lib/n64/libultra_d.a(sptaskyield.o)
 .bss           0x00000000800ed338        0x0 /usr/lib/n64/libultra_d.a(sptaskyielded.o)
 .bss           0x00000000800ed338        0x0 /usr/lib/n64/libultra_d.a(string.o)
 .bss           0x00000000800ed338        0x0 /usr/lib/n64/libultra_d.a(xldtob.o)
 .bss           0x00000000800ed338        0x0 /usr/lib/n64/libultra_d.a(xlitob.o)
 .bss           0x00000000800ed338       0x14 /usr/lib/n64/libultra_d.a(initrdb.o)
                0x00000000800ed338                __osRdb_IP6_Data
                0x00000000800ed33c                __osRdb_IP6_Size
                0x00000000800ed340                __osRdb_IP6_Ct
                0x00000000800ed344                __osRdb_IP6_CurWrite
                0x00000000800ed348                __osRdb_IP6_CurSend
 *fill*         0x00000000800ed34c        0x4 
 .bss           0x00000000800ed350       0x2c /usr/lib/n64/libultra_d.a(readhost.o)
                0x00000000800ed350                __osRdb_Read_Data_Buf
                0x00000000800ed354                __osRdb_Read_Data_Ct
 .bss           0x00000000800ed37c        0x0 /usr/lib/n64/libultra_d.a(viblack.o)
 *fill*         0x00000000800ed37c        0x4 
 .bss           0x00000000800ed380       0x60 /usr/lib/n64/libultra_d.a(vi.o)
 .bss           0x00000000800ed3e0        0x0 /usr/lib/n64/libultra_d.a(vigetcurrframebuf.o)
 .bss           0x00000000800ed3e0        0x0 /usr/lib/n64/libultra_d.a(vigetnextframebuf.o)
 .bss           0x00000000800ed3e0     0x1232 /usr/lib/n64/libultra_d.a(vimgr.o)
                0x00000000800ed3e0                __osViDevMgr
                0x00000000800ed3fc                __additional_scanline
 .bss           0x00000000800ee612        0x0 /usr/lib/n64/libultra_d.a(visetevent.o)
 .bss           0x00000000800ee612        0x0 /usr/lib/n64/libultra_d.a(viswapbuf.o)
 .bss           0x00000000800ee612        0x0 /usr/lib/n64/libultra_d.a(viswapcontext.o)
 .bss           0x00000000800ee612        0x0 /usr/lib/n64/libultra_d.a(gettime.o)
 .bss           0x00000000800ee612        0x0 /usr/lib/n64/libultra_d.a(settimer.o)
 *fill*         0x00000000800ee612        0x6 
 .bss           0x00000000800ee618       0x5c /usr/lib/n64/libultra_d.a(timerintr.o)
                0x00000000800ee618                __osCurrentTime
                0x00000000800ee620                __osBaseCounter
                0x00000000800ee624                __osViIntrCount
                0x00000000800ee628                __osTimerCounter
                0x00000000800ee630                __osBaseTimer
                0x00000000800ee650                __osProfTimerQ
                0x00000000800ee668                __osProfileList
                0x00000000800ee66c                __osProfileListEnd
                0x00000000800ee670                __osProfileOverflowBin
 *fill*         0x00000000800ee674        0x4 
 .bss           0x00000000800ee678       0x24 /usr/lib/n64/libultra_d.a(siacs.o)
                0x00000000800ee678                __osSiAccessQueue
                0x00000000800ee690                __osSiAccessQueueEnabled
 .bss           0x00000000800ee69c        0x0 /usr/lib/n64/libultra_d.a(si.o)
 .bss           0x00000000800ee69c        0x0 /usr/lib/n64/libultra_d.a(sirawdma.o)
 .bss           0x00000000800ee69c        0x0 /usr/lib/n64/libultra_d.a(auxbus.o)
 .bss           0x00000000800ee69c        0x0 /usr/lib/n64/libultra_d.a(cents2ratio.o)
 .bss           0x00000000800ee69c       0x28 /usr/lib/n64/libultra_d.a(drvrNew.o)
 .bss           0x00000000800ee6c4        0x0 /usr/lib/n64/libultra_d.a(env.o)
 .bss           0x00000000800ee6c4        0x0 /usr/lib/n64/libultra_d.a(event.o)
 .bss           0x00000000800ee6c4        0x0 /usr/lib/n64/libultra_d.a(filter.o)
 .bss           0x00000000800ee6c4        0x0 /usr/lib/n64/libultra_d.a(load.o)
 .bss           0x00000000800ee6c4        0x0 /usr/lib/n64/libultra_d.a(mainbus.o)
 .bss           0x00000000800ee6c4        0x0 /usr/lib/n64/libultra_d.a(resample.o)
 .bss           0x00000000800ee6c4        0x8 /usr/lib/n64/libultra_d.a(reverb.o)
 .bss           0x00000000800ee6cc        0x0 /usr/lib/n64/libultra_d.a(save.o)
 .bss           0x00000000800ee6cc        0x0 /usr/lib/n64/libultra_d.a(synallocfx.o)
 .bss           0x00000000800ee6cc        0x0 /usr/lib/n64/libultra_d.a(vimodempallan1.o)
 .bss           0x00000000800ee6cc        0x0 /usr/lib/n64/libultra_d.a(vimodentsclan1.o)
 .bss           0x00000000800ee6cc        0x0 /usr/lib/n64/libultra_d.a(vimodepallan1.o)
 .bss           0x00000000800ee6cc        0x0 /usr/lib/n64/libultra_d.a(ai.o)
 .bss           0x00000000800ee6cc        0x0 /usr/lib/n64/libultra_d.a(dpsetnextbuf.o)
 *fill*         0x00000000800ee6cc        0x4 
 .bss           0x00000000800ee6d0      0x82c /usr/lib/n64/libultra_d.a(rmonsio.o)
                0x00000000800ee6d0                __osRdb_DbgRead_Buf
                0x00000000800ee6e0                rmonRdbReadBuf
 .bss           0x00000000800eeefc        0x0 /usr/lib/n64/libultra_d.a(getcount.o)
 .bss           0x00000000800eeefc        0x0 /usr/lib/n64/libultra_d.a(setcompare.o)
 .bss           0x00000000800eeefc        0x0 /usr/lib/n64/libultra_d.a(assertbreak.o)
 .bss           0x00000000800eeefc        0x0 /usr/lib/n64/libultra_d.a(bcopy.o)
 .bss           0x00000000800eeefc        0x0 /usr/lib/n64/libultra_d.a(sp.o)
 .bss           0x00000000800eeefc        0x0 /usr/lib/n64/libultra_d.a(spgetstat.o)
 .bss           0x00000000800eeefc        0x0 /usr/lib/n64/libultra_d.a(sprawdma.o)
 .bss           0x00000000800eeefc        0x0 /usr/lib/n64/libultra_d.a(spsetpc.o)